I/tvos    ( 1189): ** TMDS auto EQ not done and retry port 1
I/tvos    ( 1189): ** TMDS auto EQ not done and retry port 1
I/tvos    ( 1189): ** TMDS auto EQ not done and retry port 1
I/tvos    ( 1189): ** TMDS auto EQ not done and retry port 1
I/tvos    ( 1189): ** TMDS auto EQ not done and retry port 1
I/tvos    ( 1189): ** TMDS auto EQ not done and retry port 1
I/tvos    ( 1189): ** TMDS auto EQ not done and retry port 1
I/tvos    ( 1189): ** TMDS auto EQ not done and retry port 1
I/tvos    ( 1189): ** TMDS auto EQ not done and retry port 1
D/SurfaceFlinger( 1179): captureScreen: supportWidth = 3840, supportHeight = 2160, maxLayerZ = -1
W/AudioFlinger( 1185): acquireAudioSessionId() unknown client 1179 for session 31
W/AudioFlinger( 1185): acquireAudioSessionId() unknown client 1179 for session 32
I/CameraClient( 1185): Opening camera 5
I/CameraHAL( 1185): camera_device open
D/CameraHAL( 1185): create xcdiphardware0 =============
E/XCDipHardware_einstein( 1185): NULL window object
D/XCDipHardware_einstein( 1185): [XCDipHardware]:Basic Init done
E/XCDipHardware_einstein( 1185): Not use CMA,just do screen shot!
D/XCDipHardware_einstein( 1185): [XCDipHardware]----------------E_DFB_JPD_WRITE----------------
D/XCDipHardware_einstein( 1185): [XCDipHardware]:XC Init paStart 14100000 paEnd 15100000 size 01000000
D/        ( 1185): [XC,Version][0;36m 
D/        ( 1185): 0
D/        ( 1185): 0
D/        ( 1185): 7
D/        ( 1185): 0
D/        ( 1185): 9
D/        ( 1185): 8
D/        ( 1185): 0
D/        ( 1185): 1
D/        ( 1185): 
D/        ( 1185):  [m
D/XCDipHardware_einstein( 1185): [XCDipHardware]:XC Init done
D/mbootenv( 1185): ENV in EMMC!
E/mbootenv_nand( 1185): open fail!!!!
I/tvos    ( 1189): ** TMDS auto EQ not done and retry port 1
D/XCDipHardware_einstein( 1185): CaptureScreen dfb_jpd_write_buffer mutex get success
D/XCDipHardware_einstein( 1185): [checkParameters] xxx pInfo->u32TravelModeInfo_Version 1
D/XCDipHardware_einstein( 1185): [checkParameters] xxx pInfo->u16TravelModeInfo_Length 56
D/XCDipHardware_einstein( 1185): [checkParameters] xxx camera id 1
D/XCDipHardware_einstein( 1185): [checkParameters] xxx pInfo->enTravelingSource 3, pInfo->bCaptureOSD 0
D/XCDipHardware_einstein( 1185): [checkParameters] width 1920   height 1080
D/XCDipHardware_einstein( 1185): [checkParameters] pInfo->eMemFormat 2, pInfo->u16Alignment 256
D/XCDipHardware_einstein( 1185): [checkParameters] pInfo->u16FrameRateX10 0
D/XCDipHardware_einstein( 1185): [checkParameters] main source 34
D/XCDipHardware_einstein( 1185): [checkParameters] sub source 41
D/XCDipHardware_einstein( 1185): [checkParameters] x = 0, y = 0, w = 0, h = 0
D/XCDipHardware_einstein( 1185): [XCDipHardware]mirrormode 0
D/PipManagerService( 1202): initTravelingModeTv(callingPid 1185, clientPid 1185), sizeof=56
W/DIPC    ( 1202): ---InitTravelingMode:8469[1] start, Para=0x14100000(Addr), 0x1000000, 256, 3(enTravelingSource), 0(bOSD), 1920, 1080, 2(Format), 0(frame rate X10). Win=0, src:Main[24], Sub[44], Current[24]
W/DIPC    ( 1202): [1]Memory config: addr=0x14100000, set size=0x1000000, current size=1000000
W/DIPC    ( 1202): GE Memory config: addr[0]=0x14100000, BufCnt=1
I/tvos    ( 1189): DIP already Opened
W/DIPC    ( 1202): SetTravelingFRC:7563 bCaptureIP=0, PipMode=0, u16InputVFreq=600, XC Input/Output=600/6000, I=0, DIPFrcRatio=1
W/DIPC    ( 1202): SetTravelingFRC:7580 Final DIPFrcRatio=1, DIPFramerate 0,request framerate 600
W/DIPC    ( 1202): cust window parameter is negative
W/DIPC    ( 1202): TravelingSetCSC:7419 DIPFormat=2,bInputYUV=0 Config XC CSC manually
W/DIPC    ( 1202): SetTravelingConfig:7103 ,DIP capture window x,y,w,h=0,0,3840,2160, interlace=0,captureStage=6
W/DIPC    ( 1202): SetTravelingConfig:7105 Traveling bOSD=0, DIP Ouput=1920x1080
W/DIPC    ( 1202): [SetTravelingConfig 7125]DIP MemoryPitch = 7680
W/DIPC    ( 1202): SetTravelingConfig:7168 SetDIPWindow x,y,w,h=0,0,3840,2160
W/DIPC    ( 1202): SetTravelingConfig:7169 PreScalingH[1] src,dst =3840,1920
W/DIPC    ( 1202): SetTravelingConfig:7170 PreScalingV[1] src,dst =2160,1080
W/DIPC    ( 1202): SetTravelingConfig:7263, HMirror=0   VMirror=0
W/DIPC    ( 1202): TravelingAllocateMemory:7346 : Allocate Condition: Mirror=0,0, I=0, DIP OutPut=1920x1080@2, TravelingOutPut=1920x1080@2
W/DIPC    ( 1202): TravelingAllocateMemory:7410 : Allocate Result: DIPAddr=0x14100000, DIPSize=0x1000000, DIPBufCnt=2, DIPFrameSize=8294400, bGEScaling=0, GEAddr0=0x14100000, GEBufCnt=1,GEFrameSize=0
W/DIPC    ( 1202): SetTravelingConfig:7322, DIP bufcount=2, output w,h=1920,1080
W/DIPC    ( 1202): ---InitTravelingMode:8893[1] end : bMirrorH=0, bMirrorV=0, m_bNeedGEScaling[enEngineType]=0
D/XCDipHardware_einstein( 1185): [XCDipHardware] captureScreenMutex create thread lock and wait unlock sign
D/XCDipHardware_einstein( 1185): [XCDipHardware] lock captureScreen Mem Mutex success!
W/DIPC    ( 1202): ---StartTravelingMode:8906[1] start
W/DIPC    ( 1202): ---EnableTravelingMute:6924[1] start, mute=0
W/DIPC    ( 1202): [ThreadHandleMemoryConfigChange][9632] is need GE scaling 0
W/DIPC    ( 1202): ---EnableTravelingMute:7042[1] end, bRet=1 
W/DIPC    ( 1202): ---StartTravelingMode:8994[1] end, bRet=1 
D/XCDipHardware_einstein( 1185): [XCDipHardware]startTravelingModeCapture 1 success
D/SurfaceFlinger( 1179): captureScreen: get mCaptureData success !!!!!!!!!!!!!!!!!
W/DIPC    ( 1202): ---EnableTravelingMute:6924[1] start, mute=1
D/XCDipHardware_einstein( 1185): event callback info->enMsgType 0
W/DIPC    ( 1202): ---EnableTravelingMute:7042[1] end, bRet=1 
W/DIPC    ( 1202): ---StopTravelingMode:9020[1] bRet=1
W/DIPC    ( 1202): Try StopTravelingMode, but traveling not Started yet.
W/DIPC    ( 1202): ---FinalizeTravelingMode:9048[1] start
W/DIPC    ( 1202): Try StopTravelingMode, but traveling not Started yet.
W/DIPC    ( 1202): [DIPC][DestroyTravelingReceiveDataMonitor][9728] start...
I/tvos    ( 1189): [DIPC][TravelingReceiveDataMonitor 9862] Traveling memory manager task exit
W/DIPC    ( 1202): [DIPC][DestroyTravelingReceiveDataMonitor][9781] end...
W/DIPC    ( 1202): [DIPC][DestroyTravelingSendDataMonitor][9788] start...
I/tvos    ( 1189): [DIPC][DestroyTravelingReceiveDataMonitor 9771]listFreeMemoryPool:not empty, item num 2
I/tvos    ( 1189): [DIPC][TravelingSendDataMonitor 9832] Traveling memory manager task exit
W/DIPC    ( 1202): [DIPC][DestroyTravelingSendDataMonitor][9810] end...
W/DIPC    ( 1202): ---FinalizeTravelingMode:9129[1] end, ret=1
D/XCDipHardware_einstein( 1185): [XCDipHardware]captureScreenMutex thread signal unlock
D/XCDipHardware_einstein( 1185): [XCDipHardware] get unlock captureScreen Mem Mutex signal!
D/XCDipHardware_einstein( 1185): [XCDipHardware] unlock captureScreen Mem Mutex sucess!
D/XCDipHardware_einstein( 1185): [XCDipHardware]stopreview and wait captureScreenMutexThread quit success
I/CameraClient( 1185): Destroying camera 5
D/FastCopy( 1185): pthread_condition_exiting
D/FastCopy( 1185): pthread_condition_exiting
D/FastCopy( 1185): pthread_condition_exiting
W/AppOps  ( 1593): Bad call: specified package SurfaceFlinger under uid 1000 but it is really -1
D/gralloc ( 1179): allocate buffer from ION HEAP 0x1
D/gralloc ( 1179): allocate memory from system heap
D/NuPlayerDriver( 1185): reset(0xdd20d040)
D/NuPlayerDriver( 1185): notifyResetComplete(0xdd20d040)
D/NuPlayerDriver( 1185): reset(0xdd20d160)
D/NuPlayerDriver( 1185): notifyResetComplete(0xdd20d160)
I/tvos    ( 1189): ** TMDS auto EQ not done and retry port 1
I/tvos    ( 1189): ** TMDS auto EQ not done and retry port 1
I/tvos    ( 1189): ** TMDS auto EQ not done and retry port 1
I/tvos    ( 1189): ** TMDS auto EQ not done and retry port 1
I/tvos    ( 1189): ** TMDS auto EQ not done and retry port 1
I/tvos    ( 1189): ** TMDS auto EQ not done and retry port 1
I/tvos    ( 1189): ** TMDS auto EQ not done and retry port 1
I/tvos    ( 1189): ** TMDS auto EQ not done and retry port 1
I/tvos    ( 1189): ** TMDS auto EQ not done and retry port 1
I/tvos    ( 1189): ** TMDS auto EQ not done and retry port 1
I/tvos    ( 1189): ** TMDS auto EQ not done and retry port 1
I/tvos    ( 1189): ** TMDS auto EQ not done and retry port 1
I/tvos    ( 1189): ** TMDS auto EQ not done and retry port 1
I/tvos    ( 1189): ** TMDS auto EQ not done and retry port 1
I/tvos    ( 1189): ** TMDS auto EQ not done and retry port 1
I/tvos    ( 1189): ** TMDS auto EQ not done and retry port 1
I/tvos    ( 1189): ** TMDS auto EQ not done and retry port 1
I/tvos    ( 1189): ** TMDS auto EQ not done and retry port 1
I/tvos    ( 1189): ** TMDS auto EQ not done and retry port 1
I/tvos    ( 1189): ** TMDS auto EQ not done and retry port 1
I/tvos    ( 1189): ** TMDS auto EQ not done and retry port 1
I/tvos    ( 1189): ** TMDS auto EQ not done and retry port 1
I/tvos    ( 1189): ** TMDS auto EQ not done and retry port 1
I/tvos    ( 1189): ** TMDS auto EQ not done and retry port 1
I/tvos    ( 1189): ** TMDS auto EQ not done and retry port 1
I/tvos    ( 1189): ** TMDS auto EQ not done and retry port 1
I/tvos    ( 1189): ** TMDS auto EQ not done and retry port 1
I/tvos    ( 1189): ** TMDS auto EQ not done and retry port 1
I/tvos    ( 1189): ** TMDS auto EQ not done and retry port 1
I/tvos    ( 1189): ** TMDS auto EQ not done and retry port 1
I/tvos    ( 1189): ** TMDS auto EQ not done and retry port 1
I/tvos    ( 1189): ** TMDS auto EQ not done and retry port 1
I/tvos    ( 1189): ** TMDS auto EQ not done and retry port 1
I/tvos    ( 1189): ** TMDS auto EQ not done and retry port 1
I/tvos    ( 1189): ** TMDS auto EQ not done and retry port 1
I/tvos    ( 1189): ** TMDS auto EQ not done and retry port 1
I/tvos    ( 1189): ** TMDS auto EQ not done and retry port 1
I/tvos    ( 1189): ** TMDS auto EQ not done and retry port 1
I/tvos    ( 1189): ** TMDS auto EQ not done and retry port 1
I/tvos    ( 1189): ** TMDS auto EQ not done and retry port 1
I/tvos    ( 1189): ** TMDS auto EQ not done and retry port 1
I/tvos    ( 1189): ** TMDS auto EQ not done and retry port 1
I/tvos    ( 1189): ** TMDS auto EQ not done and retry port 1
I/tvos    ( 1189): ** TMDS auto EQ not done and retry port 1
I/tvos    ( 1189): ** TMDS auto EQ not done and retry port 1
I/tvos    ( 1189): ** TMDS auto EQ not done and retry port 1
I/tvos    ( 1189): ** TMDS auto EQ not done and retry port 1
I/tvos    ( 1189): ** TMDS auto EQ not done and retry port 1
I/tvos    ( 1189): ** TMDS auto EQ not done and retry port 1
I/tvos    ( 1189): ** TMDS auto EQ not done and retry port 1
I/tvos    ( 1189): ** TMDS auto EQ not done and retry port 1
I/tvos    ( 1189): ** TMDS auto EQ not done and retry port 1
I/tvos    ( 1189): ** TMDS auto EQ not done and retry port 1
I/tvos    ( 1189): ** TMDS auto EQ not done and retry port 1
I/tvos    ( 1189): ** TMDS auto EQ not done and retry port 1
I/tvos    ( 1189): ** TMDS auto EQ not done and retry port 1
I/tvos    ( 1189): ** TMDS auto EQ not done and retry port 1
I/tvos    ( 1189): ** TMDS auto EQ not done and retry port 1
I/tvos    ( 1189): ** TMDS auto EQ not done and retry port 1
I/tvos    ( 1189): ** TMDS auto EQ not done and retry port 1
I/tvos    ( 1189): ** TMDS auto EQ not done and retry port 1
I/tvos    ( 1189): ** TMDS auto EQ not done and retry port 1
I/tvos    ( 1189): ** TMDS auto EQ not done and retry port 1
I/tvos    ( 1189): ** TMDS auto EQ not done and retry port 1
I/tvos    ( 1189): ** TMDS auto EQ not done and retry port 1
I/tvos    ( 1189): ** TMDS auto EQ not done and retry port 1
I/tvos    ( 1189): ** TMDS auto EQ not done and retry port 1
I/tvos    ( 1189): ** TMDS auto EQ not done and retry port 1
I/tvos    ( 1189): ** TMDS auto EQ not done and retry port 1
I/tvos    ( 1189): ** TMDS auto EQ not done and retry port 1
I/tvos    ( 1189): ** TMDS auto EQ not done and retry port 1
I/tvos    ( 1189): ** TMDS auto EQ not done and retry port 1
I/tvos    ( 1189): ** TMDS auto EQ not done and retry port 1
I/tvos    ( 1189): ** TMDS auto EQ not done and retry port 1
I/tvos    ( 1189): ** TMDS auto EQ not done and retry port 1
I/tvos    ( 1189): ** TMDS auto EQ not done and retry port 1
I/tvos    ( 1189): ** TMDS auto EQ not done and retry port 1
I/tvos    ( 1189): ** TMDS auto EQ not done and retry port 1
I/tvos    ( 1189): ** TMDS auto EQ not done and retry port 1
I/tvos    ( 1189): ** TMDS auto EQ not done and retry port 1
I/tvos    ( 1189): ** TMDS auto EQ not done and retry port 1
I/tvos    ( 1189): ** TMDS auto EQ not done and retry port 1
I/tvos    ( 1189): ** TMDS auto EQ not done and retry port 1
I/tvos    ( 1189): ** TMDS auto EQ not done and retry port 1
I/tvos    ( 1189): ** TMDS auto EQ not done and retry port 1
I/tvos    ( 1189): ** TMDS auto EQ not done and retry port 1
I/tvos    ( 1189): ** TMDS auto EQ not done and retry port 1
I/tvos    ( 1189): ** TMDS auto EQ not done and retry port 1
I/tvos    ( 1189): ** TMDS auto EQ not done and retry port 1
I/tvos    ( 1189): ** TMDS auto EQ not done and retry port 1
I/tvos    ( 1189): ** TMDS auto EQ not done and retry port 1
I/tvos    ( 1189): ** TMDS auto EQ not done and retry port 1
I/tvos    ( 1189): ** TMDS auto EQ not done and retry port 1
I/tvos    ( 1189): ** TMDS auto EQ not done and retry port 1
I/tvos    ( 1189): ** TMDS auto EQ not done and retry port 1
I/tvos    ( 1189): ** TMDS auto EQ not done and retry port 1
I/tvos    ( 1189): ** TMDS auto EQ not done and retry port 1
I/tvos    ( 1189): ** TMDS auto EQ not done and retry port 1
I/tvos    ( 1189): ** TMDS auto EQ not done and retry port 1
I/tvos    ( 1189): ** TMDS auto EQ not done and retry port 1
I/tvos    ( 1189): ** TMDS auto EQ not done and retry port 1
I/tvos    ( 1189): ** TMDS auto EQ not done and retry port 1
I/tvos    ( 1189): ** TMDS auto EQ not done and retry port 1
I/tvos    ( 1189): ** TMDS auto EQ not done and retry port 1
I/tvos    ( 1189): ** TMDS auto EQ not done and retry port 1
I/tvos    ( 1189): ** TMDS auto EQ not done and retry port 1
I/tvos    ( 1189): ** TMDS auto EQ not done and retry port 1
I/tvos    ( 1189): ** TMDS auto EQ not done and retry port 1
I/tvos    ( 1189): ** TMDS auto EQ not done and retry port 1
I/tvos    ( 1189): ** TMDS auto EQ not done and retry port 1
I/tvos    ( 1189): ** TMDS auto EQ not done and retry port 1
I/tvos    ( 1189): ** TMDS auto EQ not done and retry port 1
I/tvos    ( 1189): ** TMDS auto EQ not done and retry port 1
I/tvos    ( 1189): ** TMDS auto EQ not done and retry port 1
I/tvos    ( 1189): ** TMDS auto EQ not done and retry port 1
I/tvos    ( 1189): ** TMDS auto EQ not done and retry port 1
I/tvos    ( 1189): ** TMDS auto EQ not done and retry port 1
I/tvos    ( 1189): ** TMDS auto EQ not done and retry port 1
I/tvos    ( 1189): ** TMDS auto EQ not done and retry port 1
I/tvos    ( 1189): ** TMDS auto EQ not done and retry port 1
I/tvos    ( 1189): ** TMDS auto EQ not done and retry port 1
I/tvos    ( 1189): ** TMDS auto EQ not done and retry port 1
I/tvos    ( 1189): ** TMDS auto EQ not done and retry port 1
I/tvos    ( 1189): ** TMDS auto EQ not done and retry port 1
I/tvos    ( 1189): ** TMDS auto EQ not done and retry port 1
I/tvos    ( 1189): ** TMDS auto EQ not done and retry port 1
I/tvos    ( 1189): ** TMDS auto EQ not done and retry port 1
I/tvos    ( 1189): ** TMDS auto EQ not done and retry port 1
I/tvos    ( 1189): ** TMDS auto EQ not done and retry port 1
I/tvos    ( 1189): ** TMDS auto EQ not done and retry port 1
I/tvos    ( 1189): ** TMDS auto EQ not done and retry port 1
I/tvos    ( 1189): ** TMDS auto EQ not done and retry port 1
I/tvos    ( 1189): ** TMDS auto EQ not done and retry port 1
I/tvos    ( 1189): ** TMDS auto EQ not done and retry port 1
I/tvos    ( 1189): ** TMDS auto EQ not done and retry port 1
I/tvos    ( 1189): ** TMDS auto EQ not done and retry port 1
I/tvos    ( 1189): ** TMDS auto EQ not done and retry port 1
I/tvos    ( 1189): ** TMDS auto EQ not done and retry port 1
I/tvos    ( 1189): ** TMDS auto EQ not done and retry port 1
I/tvos    ( 1189): ** TMDS auto EQ not done and retry port 1
I/tvos    ( 1189): ** TMDS auto EQ not done and retry port 1
I/tvos    ( 1189): ** TMDS auto EQ not done and retry port 1
I/tvos    ( 1189): ** TMDS auto EQ not done and retry port 1
I/tvos    ( 1189): ** TMDS auto EQ not done and retry port 1
I/tvos    ( 1189): ** TMDS auto EQ not done and retry port 1
I/tvos    ( 1189): ** TMDS auto EQ not done and retry port 1
I/tvos    ( 1189): ** TMDS auto EQ not done and retry port 1
I/tvos    ( 1189): ** TMDS auto EQ not done and retry port 1
I/tvos    ( 1189): ** TMDS auto EQ not done and retry port 1
I/tvos    ( 1189): ** TMDS auto EQ not done and retry port 1
I/tvos    ( 1189): ** TMDS auto EQ not done and retry port 1
I/tvos    ( 1189): ** TMDS auto EQ not done and retry port 1
I/tvos    ( 1189): ** TMDS auto EQ not done and retry port 1
I/tvos    ( 1189): ** TMDS auto EQ not done and retry port 1
I/tvos    ( 1189): ** TMDS auto EQ not done and retry port 1
I/tvos    ( 1189): ** TMDS auto EQ not done and retry port 1
I/tvos    ( 1189): ** TMDS auto EQ not done and retry port 1
I/tvos    ( 1189): ** TMDS auto EQ not done and retry port 1
I/tvos    ( 1189): ** TMDS auto EQ not done and retry port 1
I/tvos    ( 1189): ** TMDS auto EQ not done and retry port 1
I/tvos    ( 1189): ** TMDS auto EQ not done and retry port 1
I/tvos    ( 1189): ** TMDS auto EQ not done and retry port 1
I/tvos    ( 1189): ** TMDS auto EQ not done and retry port 1
I/tvos    ( 1189): ** TMDS auto EQ not done and retry port 1
I/tvos    ( 1189): ** TMDS auto EQ not done and retry port 1
I/tvos    ( 1189): ** TMDS auto EQ not done and retry port 1
I/tvos    ( 1189): ** TMDS auto EQ not done and retry port 1
I/tvos    ( 1189): ** TMDS auto EQ not done and retry port 1
I/tvos    ( 1189): ** TMDS auto EQ not done and retry port 1
I/tvos    ( 1189): ** TMDS auto EQ not done and retry port 1
I/tvos    ( 1189): ** TMDS auto EQ not done and retry port 1
I/tvos    ( 1189): ** TMDS auto EQ not done and retry port 1
I/tvos    ( 1189): ** TMDS auto EQ not done and retry port 1
I/tvos    ( 1189): ** TMDS auto EQ not done and retry port 1
I/tvos    ( 1189): ** TMDS auto EQ not done and retry port 1
I/tvos    ( 1189): ** TMDS auto EQ not done and retry port 1
I/tvos    ( 1189): ** TMDS auto EQ not done and retry port 1
I/tvos    ( 1189): ** TMDS auto EQ not done and retry port 1
I/tvos    ( 1189): ** TMDS auto EQ not done and retry port 1
I/tvos    ( 1189): ** TMDS auto EQ not done and retry port 1
I/tvos    ( 1189): ** TMDS auto EQ not done and retry port 1
I/tvos    ( 1189): ** TMDS auto EQ not done and retry port 1
I/tvos    ( 1189): ** TMDS auto EQ not done and retry port 1
I/tvos    ( 1189): ** TMDS auto EQ not done and retry port 1
I/tvos    ( 1189): ** TMDS auto EQ not done and retry port 1
I/tvos    ( 1189): ** TMDS auto EQ not done and retry port 1
I/tvos    ( 1189): ** TMDS auto EQ not done and retry port 1
I/tvos    ( 1189): ** TMDS auto EQ not done and retry port 1
I/tvos    ( 1189): ** TMDS auto EQ not done and retry port 1
I/tvos    ( 1189): ** TMDS auto EQ not done and retry port 1
I/tvos    ( 1189): ** TMDS auto EQ not done and retry port 1
I/tvos    ( 1189): ** TMDS auto EQ not done and retry port 1
I/tvos    ( 1189): ** TMDS auto EQ not done and retry port 1
I/tvos    ( 1189): ** TMDS auto EQ not done and retry port 1
I/tvos    ( 1189): ** TMDS auto EQ not done and retry port 1
I/tvos    ( 1189): ** TMDS auto EQ not done and retry port 1
I/tvos    ( 1189): ** TMDS auto EQ not done and retry port 1
I/tvos    ( 1189): ** TMDS auto EQ not done and retry port 1
I/tvos    ( 1189): ** TMDS auto EQ not done and retry port 1
I/tvos    ( 1189): ** TMDS auto EQ not done and retry port 1
I/tvos    ( 1189): ** TMDS auto EQ not done and retry port 1
I/tvos    ( 1189): ** TMDS auto EQ not done and retry port 1
I/tvos    ( 1189): ** TMDS auto EQ not done and retry port 1
I/tvos    ( 1189): ** TMDS auto EQ not done and retry port 1
I/tvos    ( 1189): ** TMDS auto EQ not done and retry port 1
I/tvos    ( 1189): ** TMDS auto EQ not done and retry port 1
I/tvos    ( 1189): ** TMDS auto EQ not done and retry port 1
I/tvos    ( 1189): ** TMDS auto EQ not done and retry port 1
I/tvos    ( 1189): ** TMDS auto EQ not done and retry port 1
I/tvos    ( 1189): ** TMDS auto EQ not done and retry port 1
I/tvos    ( 1189): ** TMDS auto EQ not done and retry port 1
I/tvos    ( 1189): ** TMDS auto EQ not done and retry port 1
I/tvos    ( 1189): ** TMDS auto EQ not done and retry port 1
I/tvos    ( 1189): ** TMDS auto EQ not done and retry port 1
I/tvos    ( 1189): ** TMDS auto EQ not done and retry port 1
I/tvos    ( 1189): ** TMDS auto EQ not done and retry port 1
I/tvos    ( 1189): ** TMDS auto EQ not done and retry port 1
I/tvos    ( 1189): ** TMDS auto EQ not done and retry port 1
I/tvos    ( 1189): ** TMDS auto EQ not done and retry port 1
I/tvos    ( 1189): ** TMDS auto EQ not done and retry port 1
I/tvos    ( 1189): ** TMDS auto EQ not done and retry port 1
I/tvos    ( 1189): ** TMDS auto EQ not done and retry port 1
I/tvos    ( 1189): ** TMDS auto EQ not done and retry port 1
I/tvos    ( 1189): ** TMDS auto EQ not done and retry port 1
I/tvos    ( 1189): ** TMDS auto EQ not done and retry port 1
I/tvos    ( 1189): ** TMDS auto EQ not done and retry port 1
I/tvos    ( 1189): ** TMDS auto EQ not done and retry port 1
I/tvos    ( 1189): ** TMDS auto EQ not done and retry port 1
I/tvos    ( 1189): ** TMDS auto EQ not done and retry port 1
I/tvos    ( 1189): ** TMDS auto EQ not done and retry port 1
I/tvos    ( 1189): ** TMDS auto EQ not done and retry port 1
I/tvos    ( 1189): ** TMDS auto EQ not done and retry port 1
I/tvos    ( 1189): ** TMDS auto EQ not done and retry port 1
I/tvos    ( 1189): ** TMDS auto EQ not done and retry port 1
I/tvos    ( 1189): ** TMDS auto EQ not done and retry port 1
I/tvos    ( 1189): ** TMDS auto EQ not done and retry port 1
I/tvos    ( 1189): ** TMDS auto EQ not done and retry port 1
I/tvos    ( 1189): ** TMDS auto EQ not done and retry port 1
I/tvos    ( 1189): ** TMDS auto EQ not done and retry port 1
I/tvos    ( 1189): ** TMDS auto EQ not done and retry port 1
I/tvos    ( 1189): ** TMDS auto EQ not done and retry port 1
I/tvos    ( 1189): ** TMDS auto EQ not done and retry port 1
I/tvos    ( 1189): ** TMDS auto EQ not done and retry port 1
I/tvos    ( 1189): ** TMDS auto EQ not done and retry port 1
I/tvos    ( 1189): ** TMDS auto EQ not done and retry port 1
I/tvos    ( 1189): ** TMDS auto EQ not done and retry port 1
I/tvos    ( 1189): ** TMDS auto EQ not done and retry port 1
I/tvos    ( 1189): ** TMDS auto EQ not done and retry port 1
I/tvos    ( 1189): ** TMDS auto EQ not done and retry port 1
I/tvos    ( 1189): ** TMDS auto EQ not done and retry port 1
I/tvos    ( 1189): ** TMDS auto EQ not done and retry port 1
I/tvos    ( 1189): ** TMDS auto EQ not done and retry port 1
I/tvos    ( 1189): ** TMDS auto EQ not done and retry port 1
I/tvos    ( 1189): ** TMDS auto EQ not done and retry port 1
I/tvos    ( 1189): ** TMDS auto EQ not done and retry port 1
I/tvos    ( 1189): ** TMDS auto EQ not done and retry port 1
I/tvos    ( 1189): ** TMDS auto EQ not done and retry port 1
I/tvos    ( 1189): ** TMDS auto EQ not done and retry port 1
I/tvos    ( 1189): ** TMDS auto EQ not done and retry port 1
I/tvos    ( 1189): ** TMDS auto EQ not done and retry port 1
I/tvos    ( 1189): ** TMDS auto EQ not done and retry port 1
I/tvos    ( 1189): ** TMDS auto EQ not done and retry port 1
I/tvos    ( 1189): ** TMDS auto EQ not done and retry port 1
I/tvos    ( 1189): ** TMDS auto EQ not done and retry port 1
I/tvos    ( 1189): ** TMDS auto EQ not done and retry port 1
I/tvos    ( 1189): ** TMDS auto EQ not done and retry port 1
I/tvos    ( 1189): ** TMDS auto EQ not done and retry port 1
I/tvos    ( 1189): ** TMDS auto EQ not done and retry port 1
I/tvos    ( 1189): ** TMDS auto EQ not done and retry port 1
I/tvos    ( 1189): ** TMDS auto EQ not done and retry port 1
I/tvos    ( 1189): ** TMDS auto EQ not done and retry port 1
I/tvos    ( 1189): ** TMDS auto EQ not done and retry port 1
I/tvos    ( 1189): ** TMDS auto EQ not done and retry port 1
I/tvos    ( 1189): ** TMDS auto EQ not done and retry port 1
I/tvos    ( 1189): ** TMDS auto EQ not done and retry port 1
I/tvos    ( 1189): ** TMDS auto EQ not done and retry port 1
I/tvos    ( 1189): ** TMDS auto EQ not done and retry port 1
I/tvos    ( 1189): ** TMDS auto EQ not done and retry port 1
I/tvos    ( 1189): ** TMDS auto EQ not done and retry port 1
I/tvos    ( 1189): ** TMDS auto EQ not done and retry port 1
I/tvos    ( 1189): ** TMDS auto EQ not done and retry port 1
I/tvos    ( 1189): ** TMDS auto EQ not done and retry port 1
I/tvos    ( 1189): ** TMDS auto EQ not done and retry port 1
I/tvos    ( 1189): ** TMDS auto EQ not done and retry port 1
I/tvos    ( 1189): ** TMDS auto EQ not done and retry port 1
I/tvos    ( 1189): ** TMDS auto EQ not done and retry port 1
I/tvos    ( 1189): ** TMDS auto EQ not done and retry port 1
I/tvos    ( 1189): ** TMDS auto EQ not done and retry port 1
I/tvos    ( 1189): ** TMDS auto EQ not done and retry port 1
I/tvos    ( 1189): ** TMDS auto EQ not done and retry port 1
I/tvos    ( 1189): ** TMDS auto EQ not done and retry port 1
I/tvos    ( 1189): ** TMDS auto EQ not done and retry port 1
I/tvos    ( 1189): ** TMDS auto EQ not done and retry port 1
I/tvos    ( 1189): ** TMDS auto EQ not done and retry port 1
I/tvos    ( 1189): ** TMDS auto EQ not done and retry port 1
I/tvos    ( 1189): ** TMDS auto EQ not done and retry port 1
I/tvos    ( 1189): ** TMDS auto EQ not done and retry port 1
I/tvos    ( 1189): ** TMDS auto EQ not done and retry port 1
I/tvos    ( 1189): ** TMDS auto EQ not done and retry port 1
I/tvos    ( 1189): ** TMDS auto EQ not done and retry port 1
I/tvos    ( 1189): ** TMDS auto EQ not done and retry port 1
I/tvos    ( 1189): ** TMDS auto EQ not done and retry port 1
I/tvos    ( 1189): ** TMDS auto EQ not done and retry port 1
I/tvos    ( 1189): ** TMDS auto EQ not done and retry port 1
I/tvos    ( 1189): ** TMDS auto EQ not done and retry port 1
I/tvos    ( 1189): ** TMDS auto EQ not done and retry port 1
I/tvos    ( 1189): ** TMDS auto EQ not done and retry port 1
I/tvos    ( 1189): ** TMDS auto EQ not done and retry port 1
I/tvos    ( 1189): ** TMDS auto EQ not done and retry port 1
I/tvos    ( 1189): ** TMDS auto EQ not done and retry port 1
I/tvos    ( 1189): ** TMDS auto EQ not done and retry port 1
I/tvos    ( 1189): ** TMDS auto EQ not done and retry port 1
I/tvos    ( 1189): ** TMDS auto EQ not done and retry port 1
I/tvos    ( 1189): ** TMDS auto EQ not done and retry port 1
I/tvos    ( 1189): ** TMDS auto EQ not done and retry port 1
I/tvos    ( 1189): ** TMDS auto EQ not done and retry port 1
I/tvos    ( 1189): ** TMDS auto EQ not done and retry port 1
I/tvos    ( 1189): ** TMDS auto EQ not done and retry port 1
I/tvos    ( 1189): ** TMDS auto EQ not done and retry port 1
I/tvos    ( 1189): ** TMDS auto EQ not done and retry port 1
I/tvos    ( 1189): ** TMDS auto EQ not done and retry port 1
I/tvos    ( 1189): ** TMDS auto EQ not done and retry port 1
I/tvos    ( 1189): ** TMDS auto EQ not done and retry port 1
I/tvos    ( 1189): ** TMDS auto EQ not done and retry port 1
I/tvos    ( 1189): ** TMDS auto EQ not done and retry port 1
I/tvos    ( 1189): ** TMDS auto EQ not done and retry port 1
I/tvos    ( 1189): ** TMDS auto EQ not done and retry port 1
I/tvos    ( 1189): ** TMDS auto EQ not done and retry port 1
I/tvos    ( 1189): ** TMDS auto EQ not done and retry port 1
I/tvos    ( 1189): ** TMDS auto EQ not done and retry port 1
I/tvos    ( 1189): ** TMDS auto EQ not done and retry port 1
I/tvos    ( 1189): ** TMDS auto EQ not done and retry port 1
I/tvos    ( 1189): ** TMDS auto EQ not done and retry port 1
I/tvos    ( 1189): ** TMDS auto EQ not done and retry port 1
I/tvos    ( 1189): ** TMDS auto EQ not done and retry port 1
I/tvos    ( 1189): ** TMDS auto EQ not done and retry port 1
I/tvos    ( 1189): ** TMDS auto EQ not done and retry port 1
I/tvos    ( 1189): ** TMDS auto EQ not done and retry port 1
I/tvos    ( 1189): ** TMDS auto EQ not done and retry port 1
I/tvos    ( 1189): ** TMDS auto EQ not done and retry port 1
I/tvos    ( 1189): ** TMDS auto EQ not done and retry port 1
I/tvos    ( 1189): ** TMDS auto EQ not done and retry port 1
I/tvos    ( 1189): ** TMDS auto EQ not done and retry port 1
I/tvos    ( 1189): ** TMDS auto EQ not done and retry port 1
I/tvos    ( 1189): ** TMDS auto EQ not done and retry port 1
I/tvos    ( 1189): ** TMDS auto EQ not done and retry port 1
I/tvos    ( 1189): ** TMDS auto EQ not done and retry port 1
I/tvos    ( 1189): ** TMDS auto EQ not done and retry port 1
I/tvos    ( 1189): ** TMDS auto EQ not done and retry port 1
I/tvos    ( 1189): ** TMDS auto EQ not done and retry port 1
I/tvos    ( 1189): ** TMDS auto EQ not done and retry port 1
I/tvos    ( 1189): ** TMDS auto EQ not done and retry port 1
I/tvos    ( 1189): ** TMDS auto EQ not done and retry port 1
I/tvos    ( 1189): ** TMDS auto EQ not done and retry port 1
I/tvos    ( 1189): ** TMDS auto EQ not done and retry port 1
I/tvos    ( 1189): ** TMDS auto EQ not done and retry port 1
I/tvos    ( 1189): ** TMDS auto EQ not done and retry port 1
I/tvos    ( 1189): ** TMDS auto EQ not done and retry port 1
I/tvos    ( 1189): ** TMDS auto EQ not done and retry port 1
I/tvos    ( 1189): ** TMDS auto EQ not done and retry port 1
I/tvos    ( 1189): ** TMDS auto EQ not done and retry port 1
I/tvos    ( 1189): ** TMDS auto EQ not done and retry port 1
I/tvos    ( 1189): ** TMDS auto EQ not done and retry port 1
I/tvos    ( 1189): ** TMDS auto EQ not done and retry port 1
I/tvos    ( 1189): ** TMDS auto EQ not done and retry port 1
I/tvos    ( 1189): ** TMDS auto EQ not done and retry port 1
I/tvos    ( 1189): ** TMDS auto EQ not done and retry port 1
I/tvos    ( 1189): ** TMDS auto EQ not done and retry port 1
I/tvos    ( 1189): ** TMDS auto EQ not done and retry port 1
I/tvos    ( 1189): ** TMDS auto EQ not done and retry port 1
I/tvos    ( 1189): ** TMDS auto EQ not done and retry port 1
I/tvos    ( 1189): ** TMDS auto EQ not done and retry port 1
I/tvos    ( 1189): ** TMDS auto EQ not done and retry port 1
I/tvos    ( 1189): ** TMDS auto EQ not done and retry port 1
I/tvos    ( 1189): ** TMDS auto EQ not done and retry port 1
I/tvos    ( 1189): ** TMDS auto EQ not done and retry port 1
I/tvos    ( 1189): ** TMDS auto EQ not done and retry port 1
I/tvos    ( 1189): ** TMDS auto EQ not done and retry port 1
I/tvos    ( 1189): ** TMDS auto EQ not done and retry port 1
I/tvos    ( 1189): ** TMDS auto EQ not done and retry port 1
I/tvos    ( 1189): ** TMDS auto EQ not done and retry port 1
I/tvos    ( 1189): ** TMDS auto EQ not done and retry port 1
I/tvos    ( 1189): ** TMDS auto EQ not done and retry port 1
I/tvos    ( 1189): ** TMDS auto EQ not done and retry port 1
I/tvos    ( 1189): ** TMDS auto EQ not done and retry port 1
I/tvos    ( 1189): ** TMDS auto EQ not done and retry port 1
I/tvos    ( 1189): ** TMDS auto EQ not done and retry port 1
I/tvos    ( 1189): ** TMDS auto EQ not done and retry port 1
I/tvos    ( 1189): ** TMDS auto EQ not done and retry port 1
I/tvos    ( 1189): ** TMDS auto EQ not done and retry port 1
I/tvos    ( 1189): ** TMDS auto EQ not done and retry port 1
I/tvos    ( 1189): ** TMDS auto EQ not done and retry port 1
I/tvos    ( 1189): ** TMDS auto EQ not done and retry port 1
I/tvos    ( 1189): ** TMDS auto EQ not done and retry port 1
I/tvos    ( 1189): ** TMDS auto EQ not done and retry port 1
I/tvos    ( 1189): ** TMDS auto EQ not done and retry port 1
I/tvos    ( 1189): ** TMDS auto EQ not done and retry port 1
I/tvos    ( 1189): ** TMDS auto EQ not done and retry port 1
I/tvos    ( 1189): ** TMDS auto EQ not done and retry port 1
I/tvos    ( 1189): ** TMDS auto EQ not done and retry port 1
I/tvos    ( 1189): ** TMDS auto EQ not done and retry port 1
I/tvos    ( 1189): ** TMDS auto EQ not done and retry port 1
I/tvos    ( 1189): ** TMDS auto EQ not done and retry port 1
I/tvos    ( 1189): ** TMDS auto EQ not done and retry port 1
I/tvos    ( 1189): ** TMDS auto EQ not done and retry port 1
I/tvos    ( 1189): ** TMDS auto EQ not done and retry port 1
I/tvos    ( 1189): ** TMDS auto EQ not done and retry port 1
I/tvos    ( 1189): ** TMDS auto EQ not done and retry port 1
I/tvos    ( 1189): ** TMDS auto EQ not done and retry port 1
I/tvos    ( 1189): ** TMDS auto EQ not done and retry port 1
I/tvos    ( 1189): ** TMDS auto EQ not done and retry port 1
I/tvos    ( 1189): ** TMDS auto EQ not done and retry port 1
I/tvos    ( 1189): ** TMDS auto EQ not done and retry port 1
I/tvos    ( 1189): ** TMDS auto EQ not done and retry port 1
I/tvos    ( 1189): ** TMDS auto EQ not done and retry port 1
I/tvos    ( 1189): ** TMDS auto EQ not done and retry port 1
I/tvos    ( 1189): ** TMDS auto EQ not done and retry port 1
I/tvos    ( 1189): ** TMDS auto EQ not done and retry port 1
I/tvos    ( 1189): ** TMDS auto EQ not done and retry port 1
I/tvos    ( 1189): ** TMDS auto EQ not done and retry port 1
I/tvos    ( 1189): ** TMDS auto EQ not done and retry port 1
I/tvos    ( 1189): ** TMDS auto EQ not done and retry port 1
I/tvos    ( 1189): ** TMDS auto EQ not done and retry port 1
I/tvos    ( 1189): ** TMDS auto EQ not done and retry port 1
I/tvos    ( 1189): ** TMDS auto EQ not done and retry port 1
I/tvos    ( 1189): ** TMDS auto EQ not done and retry port 1
I/tvos    ( 1189): ** TMDS auto EQ not done and retry port 1
I/tvos    ( 1189): ** TMDS auto EQ not done and retry port 1
I/tvos    ( 1189): ** TMDS auto EQ not done and retry port 1
I/tvos    ( 1189): ** TMDS auto EQ not done and retry port 1
I/tvos    ( 1189): ** TMDS auto EQ not done and retry port 1
I/tvos    ( 1189): ** TMDS auto EQ not done and retry port 1
I/tvos    ( 1189): ** TMDS auto EQ not done and retry port 1
I/tvos    ( 1189): ** TMDS auto EQ not done and retry port 1
I/tvos    ( 1189): ** TMDS auto EQ not done and retry port 1
I/tvos    ( 1189): ** TMDS auto EQ not done and retry port 1
I/tvos    ( 1189): ** TMDS auto EQ not done and retry port 1
I/tvos    ( 1189): ** TMDS auto EQ not done and retry port 1
I/tvos    ( 1189): ** TMDS auto EQ not done and retry port 1
I/tvos    ( 1189): ** TMDS auto EQ not done and retry port 1
I/tvos    ( 1189): ** TMDS auto EQ not done and retry port 1
I/tvos    ( 1189): ** TMDS auto EQ not done and retry port 1
I/tvos    ( 1189): ** TMDS auto EQ not done and retry port 1
I/tvos    ( 1189): ** TMDS auto EQ not done and retry port 1
I/tvos    ( 1189): ** TMDS auto EQ not done and retry port 1
I/tvos    ( 1189): ** TMDS auto EQ not done and retry port 1
I/tvos    ( 1189): ** TMDS auto EQ not done and retry port 1
I/tvos    ( 1189): ** TMDS auto EQ not done and retry port 1
I/tvos    ( 1189): ** TMDS auto EQ not done and retry port 1
I/tvos    ( 1189): ** TMDS auto EQ not done and retry port 1
I/tvos    ( 1189): ** TMDS auto EQ not done and retry port 1
I/tvos    ( 1189): ** TMDS auto EQ not done and retry port 1
I/tvos    ( 1189): ** TMDS auto EQ not done and retry port 1
I/tvos    ( 1189): ** TMDS auto EQ not done and retry port 1
I/tvos    ( 1189): ** TMDS auto EQ not done and retry port 1
I/tvos    ( 1189): ** TMDS auto EQ not done and retry port 1
I/tvos    ( 1189): ** TMDS auto EQ not done and retry port 1
I/tvos    ( 1189): ** TMDS auto EQ not done and retry port 1
I/tvos    ( 1189): ** TMDS auto EQ not done and retry port 1
I/tvos    ( 1189): ** TMDS auto EQ not done and retry port 1
I/tvos    ( 1189): ** TMDS auto EQ not done and retry port 1
I/tvos    ( 1189): ** TMDS auto EQ not done and retry port 1
I/tvos    ( 1189): ** TMDS auto EQ not done and retry port 1
I/tvos    ( 1189): ** TMDS auto EQ not done and retry port 1
I/tvos    ( 1189): ** TMDS auto EQ not done and retry port 1
I/tvos    ( 1189): ** TMDS auto EQ not done and retry port 1
I/tvos    ( 1189): ** TMDS auto EQ not done and retry port 1
I/tvos    ( 1189): ** TMDS auto EQ not done and retry port 1
I/tvos    ( 1189): ** TMDS auto EQ not done and retry port 1
I/tvos    ( 1189): ** TMDS auto EQ not done and retry port 1
I/tvos    ( 1189): ** TMDS auto EQ not done and retry port 1
I/tvos    ( 1189): ** TMDS auto EQ not done and retry port 1
I/tvos    ( 1189): ** TMDS auto EQ not done and retry port 1
I/tvos    ( 1189): ** TMDS auto EQ not done and retry port 1
I/tvos    ( 1189): ** TMDS auto EQ not done and retry port 1
I/tvos    ( 1189): ** TMDS auto EQ not done and retry port 1
I/tvos    ( 1189): ** TMDS auto EQ not done and retry port 1
I/tvos    ( 1189): ** TMDS auto EQ not done and retry port 1
I/tvos    ( 1189): ** TMDS auto EQ not done and retry port 1
I/tvos    ( 1189): ** TMDS auto EQ not done and retry port 1
I/tvos    ( 1189): ** TMDS auto EQ not done and retry port 1
I/tvos    ( 1189): ** TMDS auto EQ not done and retry port 1
I/tvos    ( 1189): ** TMDS auto EQ not done and retry port 1
I/tvos    ( 1189): ** TMDS auto EQ not done and retry port 1
I/tvos    ( 1189): ** TMDS auto EQ not done and retry port 1
I/tvos    ( 1189): ** TMDS auto EQ not done and retry port 1
I/tvos    ( 1189): ** TMDS auto EQ not done and retry port 1
I/tvos    ( 1189): ** TMDS auto EQ not done and retry port 1
I/tvos    ( 1189): ** TMDS auto EQ not done and retry port 1
I/tvos    ( 1189): ** TMDS auto EQ not done and retry port 1
I/tvos    ( 1189): ** TMDS auto EQ not done and retry port 1
I/tvos    ( 1189): ** TMDS auto EQ not done and retry port 1
I/tvos    ( 1189): ** TMDS auto EQ not done and retry port 1
I/tvos    ( 1189): ** TMDS auto EQ not done and retry port 1
I/tvos    ( 1189): ** TMDS auto EQ not done and retry port 1
I/tvos    ( 1189): ** TMDS auto EQ not done and retry port 1
I/tvos    ( 1189): ** TMDS auto EQ not done and retry port 1
I/tvos    ( 1189): ** TMDS auto EQ not done and retry port 1
I/tvos    ( 1189): ** TMDS auto EQ not done and retry port 1
I/tvos    ( 1189): ** TMDS auto EQ not done and retry port 1
I/tvos    ( 1189): ** TMDS auto EQ not done and retry port 1
I/tvos    ( 1189): ** TMDS auto EQ not done and retry port 1
I/tvos    ( 1189): ** TMDS auto EQ not done and retry port 1
I/tvos    ( 1189): ** TMDS auto EQ not done and retry port 1
I/tvos    ( 1189): ** TMDS auto EQ not done and retry port 1
I/tvos    ( 1189): ** TMDS auto EQ not done and retry port 1
I/tvos    ( 1189): ** TMDS auto EQ not done and retry port 1
I/tvos    ( 1189): ** TMDS auto EQ not done and retry port 1
I/tvos    ( 1189): ** TMDS auto EQ not done and retry port 1
I/tvos    ( 1189): ** TMDS auto EQ not done and retry port 1
I/tvos    ( 1189): ** TMDS auto EQ not done and retry port 1
I/tvos    ( 1189): ** TMDS auto EQ not done and retry port 1
I/tvos    ( 1189): ** TMDS auto EQ not done and retry port 1
I/tvos    ( 1189): ** TMDS auto EQ not done and retry port 1
I/tvos    ( 1189): ** TMDS auto EQ not done and retry port 1
I/tvos    ( 1189): ** TMDS auto EQ not done and retry port 1
I/tvos    ( 1189): ** TMDS auto EQ not done and retry port 1
I/tvos    ( 1189): ** TMDS auto EQ not done and retry port 1
I/tvos    ( 1189): ** TMDS auto EQ not done and retry port 1
I/tvos    ( 1189): ** TMDS auto EQ not done and retry port 1
I/tvos    ( 1189): ** TMDS auto EQ not done and retry port 1
I/tvos    ( 1189): ** TMDS auto EQ not done and retry port 1
I/tvos    ( 1189): ** TMDS auto EQ not done and retry port 1
I/tvos    ( 1189): ** TMDS auto EQ not done and retry port 1
I/tvos    ( 1189): ** TMDS auto EQ not done and retry port 1
I/tvos    ( 1189): ** TMDS auto EQ not done and retry port 1
I/tvos    ( 1189): ** TMDS auto EQ not done and retry port 1
I/tvos    ( 1189): ** TMDS auto EQ not done and retry port 1
I/tvos    ( 1189): ** TMDS auto EQ not done and retry port 1
I/tvos    ( 1189): ** TMDS auto EQ not done and retry port 1
I/tvos    ( 1189): ** TMDS auto EQ not done and retry port 1
I/tvos    ( 1189): ** TMDS auto EQ not done and retry port 1
I/tvos    ( 1189): ** TMDS auto EQ not done and retry port 1
I/tvos    ( 1189): ** TMDS auto EQ not done and retry port 1
I/tvos    ( 1189): ** TMDS auto EQ not done and retry port 1
I/tvos    ( 1189): ** TMDS auto EQ not done and retry port 1
I/tvos    ( 1189): ** TMDS auto EQ not done and retry port 1
I/tvos    ( 1189): ** TMDS auto EQ not done and retry port 1
I/tvos    ( 1189): ** TMDS auto EQ not done and retry port 1
I/tvos    ( 1189): ** TMDS auto EQ not done and retry port 1
I/tvos    ( 1189): ** TMDS auto EQ not done and retry port 1
I/tvos    ( 1189): ** TMDS auto EQ not done and retry port 1
I/tvos    ( 1189): ** TMDS auto EQ not done and retry port 1
I/tvos    ( 1189): ** TMDS auto EQ not done and retry port 1
I/tvos    ( 1189): ** TMDS auto EQ not done and retry port 1
I/tvos    ( 1189): ** TMDS auto EQ not done and retry port 1
I/tvos    ( 1189): ** TMDS auto EQ not done and retry port 1
I/tvos    ( 1189): ** TMDS auto EQ not done and retry port 1
I/tvos    ( 1189): ** TMDS auto EQ not done and retry port 1
I/tvos    ( 1189): ** TMDS auto EQ not done and retry port 1
I/tvos    ( 1189): ** TMDS auto EQ not done and retry port 1
I/tvos    ( 1189): ** TMDS auto EQ not done and retry port 1
I/tvos    ( 1189): ** TMDS auto EQ not done and retry port 1
I/tvos    ( 1189): ** TMDS auto EQ not done and retry port 1
I/tvos    ( 1189): ** TMDS auto EQ not done and retry port 1
I/tvos    ( 1189): ** TMDS auto EQ not done and retry port 1
I/tvos    ( 1189): ** TMDS auto EQ not done and retry port 1
I/tvos    ( 1189): ** TMDS auto EQ not done and retry port 1
I/tvos    ( 1189): ** TMDS auto EQ not done and retry port 1
I/tvos    ( 1189): ** TMDS auto EQ not done and retry port 1
I/tvos    ( 1189): ** TMDS auto EQ not done and retry port 1
I/tvos    ( 1189): ** TMDS auto EQ not done and retry port 1
I/tvos    ( 1189): ** TMDS auto EQ not done and retry port 1
I/tvos    ( 1189): ** TMDS auto EQ not done and retry port 1
I/tvos    ( 1189): ** TMDS auto EQ not done and retry port 1
I/tvos    ( 1189): ** TMDS auto EQ not done and retry port 1
I/tvos    ( 1189): ** TMDS auto EQ not done and retry port 1
I/tvos    ( 1189): ** TMDS auto EQ not done and retry port 1
I/tvos    ( 1189): ** TMDS auto EQ not done and retry port 1
I/tvos    ( 1189): ** TMDS auto EQ not done and retry port 1
I/tvos    ( 1189): ** TMDS auto EQ not done and retry port 1
I/tvos    ( 1189): ** TMDS auto EQ not done and retry port 1
I/tvos    ( 1189): ** TMDS auto EQ not done and retry port 1
I/tvos    ( 1189): ** TMDS auto EQ not done and retry port 1
I/tvos    ( 1189): ** TMDS auto EQ not done and retry port 1
I/tvos    ( 1189): ** TMDS auto EQ not done and retry port 1
I/tvos    ( 1189): ** TMDS auto EQ not done and retry port 1
I/tvos    ( 1189): ** TMDS auto EQ not done and retry port 1
I/tvos    ( 1189): ** TMDS auto EQ not done and retry port 1
I/tvos    ( 1189): ** TMDS auto EQ not done and retry port 1
I/tvos    ( 1189): ** TMDS auto EQ not done and retry port 1
I/tvos    ( 1189): ** TMDS auto EQ not done and retry port 1
I/tvos    ( 1189): ** TMDS auto EQ not done and retry port 1
I/tvos    ( 1189): ** TMDS auto EQ not done and retry port 1
I/tvos    ( 1189): ** TMDS auto EQ not done and retry port 1
I/tvos    ( 1189): ** TMDS auto EQ not done and retry port 1
I/tvos    ( 1189): ** TMDS auto EQ not done and retry port 1
I/tvos    ( 1189): ** TMDS auto EQ not done and retry port 1
I/tvos    ( 1189): ** TMDS auto EQ not done and retry port 1
I/tvos    ( 1189): ** TMDS auto EQ not done and retry port 1
I/tvos    ( 1189): ** TMDS auto EQ not done and retry port 1
I/tvos    ( 1189): ** TMDS auto EQ not done and retry port 1
I/tvos    ( 1189): ** TMDS auto EQ not done and retry port 1
I/tvos    ( 1189): ** TMDS auto EQ not done and retry port 1
I/tvos    ( 1189): ** TMDS auto EQ not done and retry port 1
I/tvos    ( 1189): ** TMDS auto EQ not done and retry port 1
I/tvos    ( 1189): ** TMDS auto EQ not done and retry port 1
I/tvos    ( 1189): ** TMDS auto EQ not done and retry port 1
I/tvos    ( 1189): ** TMDS auto EQ not done and retry port 1
I/tvos    ( 1189): ** TMDS auto EQ not done and retry port 1
I/tvos    ( 1189): ** TMDS auto EQ not done and retry port 1
I/tvos    ( 1189): ** TMDS auto EQ not done and retry port 1
I/tvos    ( 1189): ** TMDS auto EQ not done and retry port 1
I/tvos    ( 1189): ** TMDS auto EQ not done and retry port 1
I/tvos    ( 1189): ** TMDS auto EQ not done and retry port 1
I/tvos    ( 1189): ** TMDS auto EQ not done and retry port 1
I/tvos    ( 1189): ** TMDS auto EQ not done and retry port 1
I/tvos    ( 1189): ** TMDS auto EQ not done and retry port 1
I/tvos    ( 1189): ** TMDS auto EQ not done and retry port 1
I/tvos    ( 1189): ** TMDS auto EQ not done and retry port 1
I/tvos    ( 1189): ** TMDS auto EQ not done and retry port 1
I/tvos    ( 1189): ** TMDS auto EQ not done and retry port 1
I/tvos    ( 1189): ** TMDS auto EQ not done and retry port 1
I/tvos    ( 1189): ** TMDS auto EQ not done and retry port 1
I/tvos    ( 1189): ** TMDS auto EQ not done and retry port 1
I/tvos    ( 1189): ** TMDS auto EQ not done and retry port 1
I/tvos    ( 1189): ** TMDS auto EQ not done and retry port 1
I/tvos    ( 1189): ** TMDS auto EQ not done and retry port 1
I/tvos    ( 1189): ** TMDS auto EQ not done and retry port 1
I/tvos    ( 1189): ** TMDS auto EQ not done and retry port 1
I/tvos    ( 1189): ** TMDS auto EQ not done and retry port 1
I/tvos    ( 1189): ** TMDS auto EQ not done and retry port 1
I/tvos    ( 1189): ** TMDS auto EQ not done and retry port 1
I/tvos    ( 1189): ** TMDS auto EQ not done and retry port 1
I/tvos    ( 1189): ** TMDS auto EQ not done and retry port 1
I/tvos    ( 1189): ** TMDS auto EQ not done and retry port 1
I/tvos    ( 1189): ** TMDS auto EQ not done and retry port 1
I/tvos    ( 1189): ** TMDS auto EQ not done and retry port 1
I/tvos    ( 1189): ** TMDS auto EQ not done and retry port 1
I/tvos    ( 1189): ** TMDS auto EQ not done and retry port 1
I/tvos    ( 1189): ** TMDS auto EQ not done and retry port 1
I/tvos    ( 1189): ** TMDS auto EQ not done and retry port 1
I/tvos    ( 1189): ** TMDS auto EQ not done and retry port 1
I/tvos    ( 1189): ** TMDS auto EQ not done and retry port 1
I/tvos    ( 1189): ** TMDS auto EQ not done and retry port 1
I/tvos    ( 1189): ** TMDS auto EQ not done and retry port 1
I/tvos    ( 1189): ** TMDS auto EQ not done and retry port 1
I/tvos    ( 1189): ** TMDS auto EQ not done and retry port 1
I/tvos    ( 1189): ** TMDS auto EQ not done and retry port 1
I/tvos    ( 1189): ** TMDS auto EQ not done and retry port 1
I/tvos    ( 1189): ** TMDS auto EQ not done and retry port 1
I/tvos    ( 1189): ** TMDS auto EQ not done and retry port 1
I/tvos    ( 1189): ** TMDS auto EQ not done and retry port 1
I/tvos    ( 1189): ** TMDS auto EQ not done and retry port 1
I/tvos    ( 1189): ** TMDS auto EQ not done and retry port 1
I/tvos    ( 1189): ** TMDS auto EQ not done and retry port 1
I/tvos    ( 1189): ** TMDS auto EQ not done and retry port 1
I/tvos    ( 1189): ** TMDS auto EQ not done and retry port 1
I/tvos    ( 1189): ** TMDS auto EQ not done and retry port 1
I/tvos    ( 1189): ** TMDS auto EQ not done and retry port 1
I/tvos    ( 1189): ** TMDS auto EQ not done and retry port 1
I/tvos    ( 1189): ** TMDS auto EQ not done and retry port 1
I/tvos    ( 1189): ** TMDS auto EQ not done and retry port 1
I/tvos    ( 1189): ** TMDS auto EQ not done and retry port 1
I/tvos    ( 1189): ** TMDS auto EQ not done and retry port 1
I/tvos    ( 1189): ** TMDS auto EQ not done and retry port 1
I/tvos    ( 1189): ** TMDS auto EQ not done and retry port 1
I/tvos    ( 1189): ** TMDS auto EQ not done and retry port 1
I/tvos    ( 1189): ** TMDS auto EQ not done and retry port 1
I/tvos    ( 1189): ** TMDS auto EQ not done and retry port 1
I/tvos    ( 1189): ** TMDS auto EQ not done and retry port 1
I/tvos    ( 1189): ** TMDS auto EQ not done and retry port 1
I/tvos    ( 1189): ** TMDS auto EQ not done and retry port 1
I/tvos    ( 1189): ** TMDS auto EQ not done and retry port 1
I/tvos    ( 1189): ** TMDS auto EQ not done and retry port 1
I/tvos    ( 1189): ** TMDS auto EQ not done and retry port 1
I/tvos    ( 1189): ** TMDS auto EQ not done and retry port 1
I/tvos    ( 1189): ** TMDS auto EQ not done and retry port 1
I/tvos    ( 1189): ** TMDS auto EQ not done and retry port 1
I/tvos    ( 1189): ** TMDS auto EQ not done and retry port 1
I/tvos    ( 1189): ** TMDS auto EQ not done and retry port 1
I/tvos    ( 1189): ** TMDS auto EQ not done and retry port 1
I/tvos    ( 1189): ** TMDS auto EQ not done and retry port 1
I/tvos    ( 1189): ** TMDS auto EQ not done and retry port 1
I/tvos    ( 1189): ** TMDS auto EQ not done and retry port 1
I/tvos    ( 1189): ** TMDS auto EQ not done and retry port 1
I/tvos    ( 1189): ** TMDS auto EQ not done and retry port 1
I/tvos    ( 1189): ** TMDS auto EQ not done and retry port 1
I/tvos    ( 1189): ** TMDS auto EQ not done and retry port 1
I/tvos    ( 1189): ** TMDS auto EQ not done and retry port 1
I/tvos    ( 1189): ** TMDS auto EQ not done and retry port 1
I/tvos    ( 1189): ** TMDS auto EQ not done and retry port 1
I/tvos    ( 1189): ** TMDS auto EQ not done and retry port 1
I/tvos    ( 1189): ** TMDS auto EQ not done and retry port 1
I/tvos    ( 1189): ** TMDS auto EQ not done and retry port 1
I/tvos    ( 1189): ** TMDS auto EQ not done and retry port 1
I/tvos    ( 1189): ** TMDS auto EQ not done and retry port 1
I/tvos    ( 1189): ** TMDS auto EQ not done and retry port 1
I/tvos    ( 1189): ** TMDS auto EQ not done and retry port 1
I/tvos    ( 1189): ** TMDS auto EQ not done and retry port 1
I/tvos    ( 1189): ** TMDS auto EQ not done and retry port 1
I/tvos    ( 1189): ** TMDS auto EQ not done and retry port 1
I/tvos    ( 1189): ** TMDS auto EQ not done and retry port 1
I/tvos    ( 1189): ** TMDS auto EQ not done and retry port 1
I/tvos    ( 1189): ** TMDS auto EQ not done and retry port 1
I/tvos    ( 1189): ** TMDS auto EQ not done and retry port 1
I/tvos    ( 1189): ** TMDS auto EQ not done and retry port 1
