--------- beginning of system
I/Vold    ( 1178): Vold 2.1 (the revenge) firing up
D/livecap:::livecapmainstart( 1191): main
D/livecap:::livecapPIPCfg( 1191): livecapPIPCfg::livecapPIPCfg
D/livecap:::livecapPIPCfg( 1191): livecapPIPCfg::initialize
D/livecap:::livecapPIPCfg( 1191): livecapPIPCfg::SetTVParameterDefault
D/livecap:::livecapPIPCfg( 1191): livecapPIPCfg::iniPipInfo
D/livecap:::startlivecapsevice( 1191): LivecapServiceThread( ServiceManager: 0xf5a11020)
D/livecap:::livecapservice( 1191): LivecapService instantiate
D/livecap:::livecapservice( 1191): LivecapService created
D/livecap:::livecapservice( 1191): LivecapService ret = 0 
D/livecap:::startlivecapsevice( 1191): 
D/livecap:::startlivecapsevice( 1191):  start livecap service 
I/InstallerConnection( 1593): disconnecting...
I/SystemServer( 1593): Entered the Android system server!
I/SystemServiceManager( 1593): Starting com.android.server.pm.Installer
I/Installer( 1593): Waiting for installd to be ready.
I/InstallerConnection( 1593): connecting...
I/SystemServiceManager( 1593): Starting com.android.server.am.ActivityManagerService$Lifecycle
I/ActivityManager( 1593): Memory class: 128
I/ServiceThread( 1593): Enabled StrictMode logging for ActivityManager looper.
I/ActivityManager( 1593): parsePackagesList>> adding pkg=com.android.launcher3
I/ActivityManager( 1593): parsePackagesList>> adding pkg=com.android.browser
I/IntentFirewall( 1593): Read new rules (A:0 B:0 S:0)
V/ActivityManager( 1593): parsePackagesList>> adding pkg=com.antutu.ABenchMark
I/ActivityManager( 1593): Benchmark Hacking) adding allowed pkg=com.antutu.ABenchMark
I/ServiceThread( 1593): Enabled StrictMode logging for android.ui looper.
I/ServiceThread( 1593): Enabled StrictMode logging for android.display looper.
D/AppOps  ( 1593): AppOpsService published
I/SystemServiceManager( 1593): Starting com.android.server.power.PowerManagerService
I/ServiceThread( 1593): Enabled StrictMode logging for PowerManagerService looper.
I/SystemServiceManager( 1593): Starting com.android.server.display.DisplayManagerService
I/SystemServiceManager( 1593): Starting phase 100
I/DisplayManagerService( 1593): Display device added: DisplayDeviceInfo{"Built-in Screen": 1920 x 1080, 60.000004 fps, supportedRefreshRates [60.000004], density 240, 240.0 x 240.0 dpi, appVsyncOff 0, presDeadline 17666666, touch INTERNAL, rotation 0, type BUILT_IN, state UNKNOWN, FLAG_DEFAULT_DISPLAY, FLAG_ROTATES_WITH_CONTENT, FLAG_SECURE, FLAG_SUPPORTS_PROTECTED_BUFFERS}
I/SystemServer( 1593): Package Manager
W/SystemConfig( 1593): No directory /system/etc/sysconfig, skipping
D/SELinuxMMAC( 1593): Using policy file /system/etc/security/mac_permissions.xml
W/PackageManager( 1593): Library not found: /system/framework/framework-pptv.jar
W/PackageManager( 1593): Library not found: /system/framework/framework-pptv.jar
W/PackageManager( 1593): Failed to parse /system/framework/arm: Missing base APK in /system/framework/arm
W/PackageManager( 1593): Failed to parse /system/framework/arm64: Missing base APK in /system/framework/arm64
W/PackageParser( 1593): No actions in intent filter at /system/priv-app/Contacts/Contacts.apk Binary XML file line #358
W/PackageParser( 1593): No actions in intent filter at /system/app/Bluetooth/Bluetooth.apk Binary XML file line #217
I/PackageManager( 1593): Adjusting ABI for : cn.cvte.tv.factory.autotest to arm64-v8a
I/PackageManager( 1593): Adjusting ABI for : com.android.providers.settings to arm64-v8a
I/PackageManager( 1593): Adjusting ABI for : com.cvte.tv.api.impl to arm64-v8a
I/PackageManager( 1593): Adjusting ABI for : com.android.keychain to arm64-v8a
I/PackageManager( 1593): Adjusting ABI for : com.android.inputdevices to arm64-v8a
I/PackageManager( 1593): Adjusting ABI for : com.smarttech.smartotaupdater to arm64-v8a
I/PackageManager( 1593): Adjusting ABI for : com.android.location.fused to arm64-v8a
I/PackageManager( 1593): Adjusting ABI for : com.cvte.tv.factorymenu to arm64-v8a
I/PackageManager( 1593): Adjusting ABI for : com.smart.android.smartmcuflasher to arm64-v8a
I/PackageManager( 1593): Adjusting ABI for : com.mstar.tv.service to arm64-v8a
I/PackageManager( 1593): Adjusting ABI for : com.mstar.android.pppoe to arm64-v8a
I/PackageManager( 1593): Adjusting ABI for : mstar.factorymenu.ui to arm64-v8a
I/PackageManager( 1593): Adjusting ABI for : com.mstar.android.providers.tv to arm64-v8a
I/PackageManager( 1593): Adjusting ABI for : com.android.settings to arm64-v8a
I/PackageManager( 1593): Time to scan packages: 1.782 seconds
W/PackageManager( 1593): Unknown permission com.google.android.gallery3d.permission.PICASA_STORE in package com.android.dreams.phototable
W/PackageManager( 1593): Unknown permission com.google.android.googleapps.permission.GOOGLE_AUTH in package com.android.settings
W/PackageManager( 1593): Not granting permission android.permission.DELETE_PACKAGES to package com.svox.pico (protectionLevel=18 flags=0x8be45)
W/PackageManager( 1593): Unknown permission com.google.android.gallery3d.permission.GALLERY_PROVIDER in package com.android.bluetooth
W/PackageManager( 1593): Unknown permission com.android.gallery3d.permission.GALLERY_PROVIDER in package com.android.bluetooth
W/PackageManager( 1593): Unknown permission android.permission.MMS_SEND_OUTBOX_MSG in package com.android.bluetooth
W/PackageManager( 1593): Unknown permission android.permission.SYSTEM_OVERLAY_WINDOW in package cn.cvte.tv.factory.autotest
W/PackageManager( 1593): Unknown permission com.android.smspush.WAPPUSH_MANAGER_BIND in package com.android.phone
W/PackageManager( 1593): Unknown permission com.android.server.telecom.permission.REGISTER_PROVIDER_OR_SUBSCRIPTION in package com.android.phone
W/PackageManager( 1593): Unknown permission com.google.android.googleapps.permission.GOOGLE_AUTH in package com.android.providers.calendar
W/PackageManager( 1593): Unknown permission com.google.android.googleapps.permission.GOOGLE_AUTH.cl in package com.android.providers.calendar
I/SystemServer( 1593): User Service
I/SystemServiceManager( 1593): Starting com.android.server.lights.LightsService
I/SystemServiceManager( 1593): Starting com.android.server.BatteryService
I/SystemServiceManager( 1593): Starting com.android.server.usage.UsageStatsService
I/SystemServiceManager( 1593): Starting com.android.server.webkit.WebViewUpdateService
I/SystemServer( 1593): Reading configuration...
I/SystemServer( 1593): Scheduling Policy
I/SystemServer( 1593): Telephony Registry
I/SystemServer( 1593): Entropy Mixer
I/EntropyMixer( 1593): Writing entropy...
I/SystemServer( 1593): Account Manager
I/SystemServer( 1593): Content Manager
I/SystemServer( 1593): System Content Providers
W/ActivityManager( 1593): Can't addPackageDependency on system process
I/SystemServer( 1593): Vibrator Service
I/SystemServer( 1593): Consumer IR Service
I/SystemServiceManager( 1593): Starting com.android.server.AlarmManagerService
I/SystemServer( 1593): Init Watchdog
I/SystemServer( 1593): Input Manager
I/InputManager( 1593): Initializing input manager, mUseDevInputEventForAudioJack=false
I/SystemServer( 1593): Window Manager
I/WindowManager( 1593): No existing display settings /data/system/display_settings.xml; starting empty
W/ContextImpl( 1593): Calling a method in the system process without a qualified user: android.app.ContextImpl.bindService:1763 com.android.internal.policy.impl.PhoneWindowManager.init:1239 com.android.server.wm.WindowManagerService$3.run:798 android.os.Handler$BlockingRunnable.run:759 android.os.Handler.handleCallback:739 
W/ActivityManager( 1593): Unable to start service Intent { act=android.intent.action.HOTKEYSERVICE } U=0: not found
W/ContextImpl( 1593): Calling a method in the system process without a qualified user: android.app.ContextImpl.bindService:1763 com.android.internal.policy.impl.PhoneWindowManager.init:1243 com.android.server.wm.WindowManagerService$3.run:798 android.os.Handler$BlockingRunnable.run:759 android.os.Handler.handleCallback:739 
W/ActivityManager( 1593): Unable to start service Intent { act=android.intent.action.PPTV.HOTKEYSERVICE } U=0: not found
I/InputManager( 1593): Starting input manager
I/SystemServer( 1593): Bluetooth Manager Service
I/SystemServer( 1593): Input Method Service
W/InputMethodManagerService( 1593): Couldn't create dir.: /data/system/inputmethod
I/SystemServer( 1593): Accessibility Manager
I/ActivityManager( 1593): Config changes=1df8 {1.0 ?mcc?mnc en_US ldltr sw720dp w1280dp h720dp 240dpi xlrg long land ?uimode ?night -touch -keyb/v/h dpad/v s.2}
I/UsageStatsService( 1593): User[0] Rollover scheduled @ 2007-01-02 08:00:00(1167696000000)
I/ActivityManager( 1593): Config changes=30 {1.0 ?mcc?mnc en_US ldltr sw720dp w1280dp h720dp 240dpi xlrg long land ?uimode ?night -touch qwerty/v/v dpad/v s.3}
I/SystemServer( 1593): Mount Service
D/MountService( 1593): got storage path: null description: Internal storage primary: true removable: false emulated: true mtpReserve: 100 allowMassStorage: false maxFileSize: 0
D/MountService( 1593): addVolumeLocked() StorageVolume:
D/MountService( 1593):     mStorageId=65537 mPath=/storage/emulated/0 mDescriptionId=17040782 
D/MountService( 1593):     mPrimary=true mRemovable=false mEmulated=true mMtpReserveSpace=100 
D/MountService( 1593):     mAllowMassStorage=false mMaxFileSize=0 mOwner=UserHandle{0} mUuid=null 
D/MountService( 1593):     mUserLabel=null mState=null 
D/MountService( 1593): got storage path: null description: SD card primary: false removable: false emulated: false mtpReserve: 0 allowMassStorage: false maxFileSize: 0
D/MountService( 1593): got storage path: null description: USB storage primary: false removable: false emulated: false mtpReserve: 0 allowMassStorage: false maxFileSize: 0
I/SystemServer( 1593): LockSettingsService
D/VoldCmdListener( 1178): volume list broadcast
I/SystemServiceManager( 1593): Starting com.android.server.devicepolicy.DevicePolicyManagerService$Lifecycle
D/VoldCmdListener( 1178): cryptfs getfield SystemLocale
W/PackageManager( 1593): Unknown permission com.google.android.gallery3d.permission.PICASA_STORE in package com.android.dreams.phototable
W/PackageManager( 1593): Unknown permission com.google.android.googleapps.permission.GOOGLE_AUTH in package com.android.settings
W/PackageManager( 1593): Not granting permission android.permission.DELETE_PACKAGES to package com.svox.pico (protectionLevel=18 flags=0x8be45)
W/PackageManager( 1593): Unknown permission com.google.android.gallery3d.permission.GALLERY_PROVIDER in package com.android.bluetooth
W/PackageManager( 1593): Unknown permission com.android.gallery3d.permission.GALLERY_PROVIDER in package com.android.bluetooth
W/PackageManager( 1593): Unknown permission android.permission.MMS_SEND_OUTBOX_MSG in package com.android.bluetooth
W/PackageManager( 1593): Unknown permission android.permission.SYSTEM_OVERLAY_WINDOW in package cn.cvte.tv.factory.autotest
W/PackageManager( 1593): Unknown permission com.android.smspush.WAPPUSH_MANAGER_BIND in package com.android.phone
W/PackageManager( 1593): Unknown permission com.android.server.telecom.permission.REGISTER_PROVIDER_OR_SUBSCRIPTION in package com.android.phone
W/PackageManager( 1593): Unknown permission com.google.android.googleapps.permission.GOOGLE_AUTH in package com.android.providers.calendar
W/PackageManager( 1593): Unknown permission com.google.android.googleapps.permission.GOOGLE_AUTH.cl in package com.android.providers.calendar
I/SystemServer( 1593): Status Bar
I/SystemServer( 1593): Clipboard Service
I/SystemServer( 1593): NetworkManagement Service
I/SystemServer( 1593): Text Service Manager Service
I/SystemServer( 1593): Network Score Service
I/SystemServer( 1593): NetworkStats Service
I/SystemServer( 1593): NetworkPolicy Service
I/SystemServiceManager( 1593): Starting com.android.server.wifi.p2p.WifiP2pService
I/SystemServiceManager( 1593): Starting com.android.server.wifi.WifiService
I/SystemServiceManager( 1593): Starting com.android.server.wifi.WifiScanningService
I/SystemServiceManager( 1593): Starting com.android.server.wifi.RttService
I/SystemServiceManager( 1593): Starting com.android.server.ethernet.EthernetService
I/SystemServer( 1593): Connectivity Service
D/ConnectivityService( 1593): ConnectivityService starting up
D/ConnectivityService( 1593): wifiOnly=false
E/ConnectivityService( 1593): Ignoring protectedNetwork 10
E/ConnectivityService( 1593): Ignoring protectedNetwork 11
E/ConnectivityService( 1593): Ignoring protectedNetwork 12
E/ConnectivityService( 1593): Ignoring protectedNetwork 14
I/SystemServer( 1593): Network Service Discovery Service
D/NsdService( 1593): Network service discovery enabled true
I/SystemServer( 1593): UpdateLock Service
I/SystemServiceManager( 1593): Starting com.android.server.notification.NotificationManagerService
I/SystemServiceManager( 1593): Starting com.android.server.storage.DeviceStorageMonitorService
I/SystemServer( 1593): Location Manager
I/SystemServer( 1593): Country Detector
I/SystemServer( 1593): Search Service
I/SystemServer( 1593): DropBox Service
I/SystemServer( 1593): Wallpaper Service
I/SystemServer( 1593): Audio Service
I/SystemServiceManager( 1593): Starting com.android.server.DockObserver
W/DockObserver( 1593): This kernel does not have dock station support
I/SystemServer( 1593): Camera Observer
I/SystemServer( 1593): Microphone Observer
I/SystemServer( 1593): SMARTMCUService
I/SMARTMCUService::MCUConnectHandler( 1593): MCUConnectHandler object is created to observe MCU connection.
I/SMARTMCUService::MCUConnection( 1593): Maximum SPM Length is set to 2060
I/SMARTMCUService::MCUConnection( 1593): New MCU connection created.
I/SMARTMCUService( 1593): Connecting to MCU (/data/misc/smartmcudaemon/spmraw).
D/SPMMessageHandler(java)( 1593): touch descriptor request raw data: 0x04 0x80 0x01 0x01
I/SMARTMCUService.SPMTouchHandler( 1593): Sent a touch descriptor request
D/MCUWriteThread( 1593): Writing packet from 2nd tier to socket
I/SystemServer( 1593): Added SMARTMCUService
I/SystemServer( 1593): SMARTVideoSwitcherService
I/MCUReadThread( 1593): Read in a buffer with a length of 4
I/MCUReadThread( 1593): Read in a buffer with a length of 37
I/SMARTMCUService:MsgHandler( 1593): Received a SPM message for conversion.
I/SMARTMCUService:MsgHandler( 1593): systemdescription
D/SMARTMCUService:SPMSystemDescriptionHandler( 1593): Received subsystem description query
I/SMARTMCUService( 1593): Received MSG_SUBSYSTEM_DESCRIPTION_QUERY
D/SPMMessageHandler(java)( 1593): Subsystem description report SPM message, sub system SCALER_MPU_SUBSYSTEM MAC address 00:00:00:00:00:00 IP address Unavailable ver 1.1.39.0
D/SMARTMCUService:SPMSystemDescriptionHandler( 1593): Sent a subsystem description report
D/MCUWriteThread( 1593): Writing packet from 2nd tier to socket
E/SMARTMCUService:SPMSystemDescriptionHandler( 1593): Sent a system description request
I/SMARTMCUService:MsgHandler( 1593): Received a SPM message for conversion.
I/SMARTMCUService( 1593): AIDL call to retrieve messenger.
D/MCUWriteThread( 1593): Writing packet from 2nd tier to socket
I/SystemServer( 1593): Added SMARTVideoSwitcherService
I/SystemServer( 1593): Wired Accessory Manager
W/WiredAccessoryManager( 1593): This kernel does not have wired headset support
W/WiredAccessoryManager( 1593): This kernel does not have HDMI audio support
I/SystemServiceManager( 1593): Starting com.android.server.usb.UsbService$Lifecycle
I/MCUReadThread( 1593): Read in a buffer with a length of 230
I/SMARTMCUService.SPMTouchHandler( 1593): Received touch descriptor report
D/SPMMessageHandler(java)( 1593): range x - max: 26395, min: 0
D/SPMMessageHandler(java)( 1593): range y - max: 14847, min: 0
E/UsbDeviceManager( 1593): failed to write to /sys/class/android_usb/android0/f_rndis/ethaddr
I/SMARTMCUService( 1593): Received MSG_TOUCH_DESC_REPLY
I/SMARTMCUService.SPMTouchHandler( 1593): Received Messenger message to reply to touch descriptor
I/SMARTMCUService.SPMTouchHandler( 1593): Sent reply to touch descriptor
D/MCUWriteThread( 1593): Writing packet from 2nd tier to socket
I/SMARTMCUService:MsgHandler( 1593): Received a SPM message for conversion.
I/SMARTMCUService:MsgHandler( 1593): systemdescription
D/SPMMessageHandler(java)( 1593): System description SPM message, count 4
I/SystemServer( 1593): Serial Service
I/SystemServiceManager( 1593): Starting com.android.server.twilight.TwilightService
D/SMARTMCUService:SPMSystemDescriptionHandler( 1593): **Received system description report
D/SMARTMCUService:MessageDispatcher( 1593): Sending message type: 502 to subscribers (if any)
I/SMARTMCUService:MessageDispatcher( 1593): Received msg type: 502 but it has no subscriptions
I/SystemServiceManager( 1593): Starting com.android.server.UiModeManagerService
I/SystemServiceManager( 1593): Starting com.android.server.job.JobSchedulerService
I/SystemServiceManager( 1593): Starting com.android.server.appwidget.AppWidgetService
I/SystemServer( 1593): DiskStats Service
I/SystemServer( 1593): SamplingProfiler Service
I/SystemServer( 1593): NetworkTimeUpdateService
I/SystemServer( 1593): CommonTimeManagementService
I/SystemServer( 1593): CertBlacklister
I/SystemServiceManager( 1593): Starting com.android.server.dreams.DreamManagerService
I/SystemServer( 1593): Assets Atlas Service
I/SystemServiceManager( 1593): Starting com.android.server.restrictions.RestrictionsManagerService
I/SystemServiceManager( 1593): Starting com.android.server.media.MediaSessionService
I/SystemServiceManager( 1593): Starting com.android.server.tv.TvInputManagerService
I/SystemServer( 1593): Media Router Service
I/SystemServiceManager( 1593): Starting com.android.server.trust.TrustManagerService
I/SystemServiceManager( 1593): Starting com.android.server.fingerprint.FingerprintService
I/SystemServer( 1593): BackgroundDexOptService
I/SystemServiceManager( 1593): Starting com.android.server.pm.LauncherAppsService
I/SystemServiceManager( 1593): Starting com.android.server.media.projection.MediaProjectionManagerService
I/SystemServiceManager( 1593): Starting com.android.server.MmsServiceBroker
I/SystemServiceManager( 1593): Starting phase 480
I/SystemServiceManager( 1593): Starting phase 500
I/WifiService( 1593): WifiService starting up with Wi-Fi disabled
D/WifiService( 1593): Wifi ap start with disabled
D/WifiService( 1593): New client listening to asynchronous messages
D/WifiScanningService( 1593): New client, channel: null messenger: null
D/ConnectivityService( 1593): Got NetworkFactory Messenger for Ethernet
I/ActivityManager( 1593): Config changes=200 {1.0 ?mcc?mnc en_US ldltr sw720dp w1280dp h720dp 240dpi xlrg long land television -touch qwerty/v/v dpad/v s.4}
I/AppOps  ( 1593): Pruning old package media/1013: new uid=-1
I/ActivityManager( 1593): System now ready
I/SystemServer( 1593): Making services ready
I/SystemServiceManager( 1593): Starting phase 550
I/DisplayManagerService( 1593): Display device changed: DisplayDeviceInfo{"Built-in Screen": 1920 x 1080, 60.000004 fps, supportedRefreshRates [60.000004], density 240, 240.0 x 240.0 dpi, appVsyncOff 0, presDeadline 17666666, touch INTERNAL, rotation 0, type BUILT_IN, state ON, FLAG_DEFAULT_DISPLAY, FLAG_ROTATES_WITH_CONTENT, FLAG_SECURE, FLAG_SUPPORTS_PROTECTED_BUFFERS}
I/SystemServer( 1593): WebViewFactory preparation
D/UsbHostManager( 1593): Added device UsbDevice[mName=/dev/bus/usb/003/004,mVendorId=1008,mProductId=36,mClass=0,mSubclass=0,mProtocol=0,mManufacturerName=CHICONY,mProductName=HP Basic USB Keyboard,mSerialNumber=null,mConfigurations=[
D/UsbHostManager( 1593): UsbConfiguration[mId=1,mName=null,mAttributes=160,mMaxPower=50,mInterfaces=[
D/UsbHostManager( 1593): UsbInterface[mId=0,mAlternateSetting=0,mName=null,mClass=3,mSubclass=1,mProtocol=1,mEndpoints=[
D/UsbHostManager( 1593): UsbEndpoint[mAddress=129,mAttributes=3,mMaxPacketSize=8,mInterval=10]]]]
W/ContextImpl( 1593): Calling a method in the system process without a qualified user: android.app.ContextImpl.sendBroadcast:1335 com.android.server.usb.UsbSettingsManager.deviceAttached:741 com.android.server.usb.UsbHostManager.endUsbDeviceAdded:286 com.android.server.usb.UsbHostManager.monitorUsbHostBus:-2 com.android.server.usb.UsbHostManager.access$000:47 
I/ActivityManager( 1593): Start proc android.process.media for broadcast com.android.providers.media/.MtpReceiver: pid=1743 uid=10004 gids={50004, 9997, 1028, 1015, 1023, 1024, 2001, 3003, 3007} abi=arm64-v8a
I/ActivityManager( 1593): Start proc WebViewLoader-armeabi-v7a [android.webkit.WebViewFactory$RelroFileCreator] for : pid=1761 uid=1037 gids={} abi=armeabi-v7a
I/ActivityManager( 1593): Start proc WebViewLoader-arm64-v8a [android.webkit.WebViewFactory$RelroFileCreator] for : pid=1779 uid=1037 gids={} abi=arm64-v8a
I/ActivityManager( 1593): Start proc com.android.systemui for service com.android.systemui/.SystemUIService: pid=1798 uid=10012 gids={50012, 9997, 1028, 1015, 1035, 3002, 3001, 3006} abi=arm64-v8a
I/SystemServer( 1593): Startup TvService Apk....
W/ContextImpl( 1593): Calling a method in the system process without a qualified user: android.app.ContextImpl.startService:1699 com.android.server.SystemServer$2.run:1135 com.android.server.am.ActivityManagerService.systemReady:11644 com.android.server.SystemServer.startOtherServices:1109 com.android.server.SystemServer.run:258 
D/UsbHostManager( 1593): Added device UsbDevice[mName=/dev/bus/usb/003/003,mVendorId=1118,mProductId=203,mClass=0,mSubclass=0,mProtocol=0,mManufacturerName=Microsoft ,mProductName=Microsoft Basic Optical Mouse v2.0 ,mSerialNumber=null,mConfigurations=[
D/UsbHostManager( 1593): UsbConfiguration[mId=1,mName=HID-compliant MOUSE,mAttributes=160,mMaxPower=50,mInterfaces=[
D/UsbHostManager( 1593): UsbInterface[mId=0,mAlternateSetting=0,mName=null,mClass=3,mSubclass=1,mProtocol=2,mEndpoints=[
D/UsbHostManager( 1593): UsbEndpoint[mAddress=129,mAttributes=3,mMaxPacketSize=4,mInterval=10]]]]
W/ContextImpl( 1593): Calling a method in the system process without a qualified user: android.app.ContextImpl.sendBroadcast:1335 com.android.server.usb.UsbSettingsManager.deviceAttached:741 com.android.server.usb.UsbHostManager.endUsbDeviceAdded:286 com.android.server.usb.UsbHostManager.monitorUsbHostBus:-2 com.android.server.usb.UsbHostManager.access$000:47 
I/ActivityManager( 1593): Start proc com.mstar.tv.service for service com.mstar.tv.service/.TvService: pid=1823 uid=1000 gids={41000, 9997, 1028, 1015, 3003, 2001, 3002, 3001, 1023} abi=arm64-v8a
D/NetworkManagementService( 1593): enabling bandwidth control
W/MountService( 1593): Duplicate state transition (mounted -> mounted) for /storage/emulated/0
V/FingerprintService( 1593): startListening(android.service.fingerprint.IFingerprintServiceReceiver$Stub$Proxy@35c3baec)
D/ConnectivityService( 1593): registerNetworkAgent NetworkAgentInfo{ ni{[type: Ethernet[], state: CONNECTED/CONNECTED, reason: (unspecified), extra: 74:72:b0:3a:0c:a9, roaming: false, failover: false, isAvailable: true, isConnectedToProvisioningNetwork: false]}  network{null}  lp{{InterfaceName: eth0 LinkAddresses: [10.1.108.93/23,]  Routes: [10.1.108.0/23 -> 0.0.0.0 eth0,0.0.0.0/0 -> 10.1.108.1 eth0,] DnsAddresses: [10.7.4.101,10.7.4.102,] Domains: null MTU: 0 TcpBufferSizes: 524288,1048576,3145728,524288,1048576,2097152}}  nc{[ Transports: ETHERNET Capabilities: INTERNET&NOT_RESTRICTED&TRUSTED&NOT_VPN LinkUpBandwidth>=100000Kbps LinkDnBandwidth>=100000Kbps]}  Score{110} validated{false} created{false} explicitlySelected{false} }
D/ConnectivityService( 1593): NetworkAgentInfo [Ethernet () - 100] EVENT_NETWORK_INFO_CHANGED, going from null to CONNECTED
D/ConnectivityService( 1593): Adding iface eth0 to network 100
E/ConnectivityService( 1593): Unexpected mtu value: 0, eth0
D/ConnectivityService( 1593): Adding Route [10.1.108.0/23 -> 0.0.0.0 eth0] to network 100
D/ConnectivityService( 1593): Adding Route [0.0.0.0/0 -> 10.1.108.1 eth0] to network 100
D/ConnectivityService( 1593): Setting Dns servers for network 100 to [/10.7.4.101, /10.7.4.102]
D/Nat464Xlat( 1593): requiresClat: netType=9, connected=true, hasIPv4Address=true
D/ConnectivityService( 1593): notifyType IP_CHANGED for NetworkAgentInfo [Ethernet () - 100]
D/ConnectivityService( 1593): notifyType PRECHECK for NetworkAgentInfo [Ethernet () - 100]
D/ConnectivityService( 1593): rematching NetworkAgentInfo [Ethernet () - 100]
D/ConnectivityService( 1593):    accepting network in place of null
D/ConnectivityService( 1593): Setting tx/rx TCP buffers to 524288,1048576,3145728,524288,1048576,2097152
I/SystemServiceManager( 1593): Starting phase 600
D/ConditionProviders( 1593): onServiceAdded ManagedServiceInfo[component=ComponentInfo{android/com.android.server.notification.CountdownConditionProvider},userid=0,isSystem=true,targetSdkVersion=21,connection=null,service=android.service.notification.ConditionProviderService$Provider@f384e74]
D/ConditionProviders( 1593): onServiceAdded ManagedServiceInfo[component=ComponentInfo{android/com.android.server.notification.DowntimeConditionProvider},userid=0,isSystem=true,targetSdkVersion=21,connection=null,service=android.service.notification.ConditionProviderService$Provider@3e8e0c12]
D/CSLegacyTypeTracker( 1593): Sending connected broadcast for type 9 NetworkAgentInfo [Ethernet () - 100] isDefaultNetwork=true
D/ConnectivityService( 1593): sendStickyBroadcast: action=android.net.conn.CONNECTIVITY_CHANGE_IMMEDIATE
D/ConnectivityService( 1593): Switching to new default network: NetworkAgentInfo{ ni{[type: Ethernet[], state: CONNECTED/CONNECTED, reason: (unspecified), extra: 74:72:b0:3a:0c:a9, roaming: false, failover: false, isAvailable: true, isConnectedToProvisioningNetwork: false]}  network{100}  lp{{InterfaceName: eth0 LinkAddresses: [10.1.108.93/23,]  Routes: [10.1.108.0/23 -> 0.0.0.0 eth0,0.0.0.0/0 -> 10.1.108.1 eth0,] DnsAddresses: [10.7.4.101,10.7.4.102,] Domains: null MTU: 0 TcpBufferSizes: 524288,1048576,3145728,524288,1048576,2097152}}  nc{[ Transports: ETHERNET Capabilities: INTERNET&NOT_RESTRICTED&TRUSTED&NOT_VPN LinkUpBandwidth>=100000Kbps LinkDnBandwidth>=100000Kbps]}  Score{110} validated{false} created{true} explicitlySelected{false} }
E/InputMethodManagerService( 1593): Ignoring setImeWindowStatus due to an invalid token. uid:1000 token:null
D/ConnectivityService( 1593): notifyType AVAILABLE for NetworkAgentInfo [Ethernet () - 100]
D/ConnectivityService( 1593): Validated NetworkAgentInfo [Ethernet () - 100]
D/ConnectivityService( 1593): rematching NetworkAgentInfo [Ethernet () - 100]
D/ConnectivityService( 1593): Network NetworkAgentInfo [Ethernet () - 100] was already satisfying request 1. No change.
D/ConnectivityService( 1593): notifyType AVAILABLE for NetworkAgentInfo [Ethernet () - 100]
D/ConnectivityService( 1593): sendStickyBroadcast: action=android.net.conn.INET_CONDITION_ACTION
I/ActivityManager( 1593): Start proc com.android.inputmethod.latin for service com.android.inputmethod.latin/.LatinIME: pid=1957 uid=10029 gids={50029, 9997} abi=arm64-v8a
V/InputMethodManagerService( 1593): Adding window token: android.os.Binder@352a807d
W/LocationManagerService( 1593): no network location provider found
E/LocationManagerService( 1593): no geocoder provider found
E/LocationManagerService( 1593): FLP HAL not supported
E/LocationManagerService( 1593): Unable to bind FLP Geofence proxy.
E/LocationManagerService( 1593): Hardware Activity-Recognition not supported.
I/MmsServiceBroker( 1593): Connecting to MmsService
W/ContextImpl( 1593): Calling a method in the system process without a qualified user: android.app.ContextImpl.bindService:1763 com.android.server.MmsServiceBroker.tryConnecting:134 com.android.server.MmsServiceBroker.systemRunning:121 com.android.server.SystemServer$2.run:1256 com.android.server.am.ActivityManagerService.systemReady:11644 
W/ActivityManager( 1593): Unable to start service Intent { cmp=com.android.mms.service/.MmsService } U=0: not found
E/MmsServiceBroker( 1593): Failed to bind to MmsService
I/ActivityManager( 1593): Start proc com.mstar.android.pppoe for added application com.mstar.android.pppoe: pid=2090 uid=1000 gids={41000, 9997, 1028, 1015, 3003, 2001, 3002, 3001, 1023} abi=arm64-v8a
I/ActivityManager( 1593): Start proc com.smarttech.volumesettings for added application com.smarttech.volumesettings: pid=2113 uid=10042 gids={50042, 9997} abi=arm64-v8a
I/ActivityManager( 1593): Start proc com.android.phone for added application com.android.phone: pid=2139 uid=1001 gids={41001, 9997, 3002, 3001, 3003} abi=arm64-v8a
I/ActivityManager( 1593): START u0 {act=android.intent.action.MAIN cat=[android.intent.category.HOME] flg=0x10000000 cmp=com.smart.videoinput/com.smarttech.videoinput.VideoSelectActivity} from uid 0 on display 0
I/ActivityManager( 1593): Start proc com.smart.videoinput for activity com.smart.videoinput/com.smarttech.videoinput.VideoSelectActivity: pid=2172 uid=10041 gids={50041, 9997, 1023, 1028, 1015} abi=arm64-v8a
I/SystemServer( 1593): Enabled StrictMode for system server main thread.
V/ActivityManager( 1593): Display changed displayId=0
V/ActivityManager( 1593): Display changed displayId=0
I/SMARTMCUService( 1593): Received a message with a type of 1
I/SMARTMCUService( 1593): Received subscription message
I/SMARTMCUService:MessageDispatcher( 1593): Got subscription message
D/SMARTMCUService:MessageDispatcher( 1593): Create vector of message type 102 to hold messenger of 317301510
D/SMARTMCUService:MessageDispatcher( 1593): Create vector of message type 104 to hold messenger of 317301510
I/SMARTMCUService( 1593): Received a message with a type of 103
D/MCUWriteThread( 1593): Writing packet from 2nd tier to socket
I/MCUReadThread( 1593): Read in a buffer with a length of 43
I/SMARTMCUService:MsgHandler( 1593): Received a SPM message for conversion.
V/ActivityManager( 1593): Display changed displayId=0
D/SMARTMCUService:SPMIOSelectHandler( 1593): **video source = 1; bUsbConnected = true; bSourceConnected = false
D/SMARTMCUService:SPMIOSelectHandler( 1593): **video source = 2; bUsbConnected = true; bSourceConnected = true
D/SMARTMCUService:SPMIOSelectHandler( 1593): **video source = 4; bUsbConnected = false; bSourceConnected = false
D/SMARTMCUService:SPMIOSelectHandler( 1593): **video source = 3; bUsbConnected = true; bSourceConnected = false
D/SMARTMCUService:SPMIOSelectHandler( 1593): **video source = 5; bUsbConnected = true; bSourceConnected = true
D/SMARTMCUService:MessageDispatcher( 1593): Sending message type: 104 to subscribers (if any)
I/SMARTMCUService:MessageDispatcher( 1593): Sending message 104 to messenger 317301510
D/SMARTMCUService:MessageDispatcher( 1593): Sending message type: 104 to subscribers (if any)
I/SMARTMCUService:MessageDispatcher( 1593): Sending message 104 to messenger 317301510
D/SMARTMCUService:MessageDispatcher( 1593): Sending message type: 104 to subscribers (if any)
I/SMARTMCUService:MessageDispatcher( 1593): Sending message 104 to messenger 317301510
D/SMARTMCUService:MessageDispatcher( 1593): Sending message type: 104 to subscribers (if any)
I/SMARTMCUService:MessageDispatcher( 1593): Sending message 104 to messenger 317301510
D/SMARTMCUService:MessageDispatcher( 1593): Sending message type: 104 to subscribers (if any)
I/SMARTMCUService:MessageDispatcher( 1593): Sending message 104 to messenger 317301510
I/SMARTMCUService( 1593): AIDL call to retrieve messenger.
W/ResourcesManager( 1593): Asset path '/system/framework/com.android.location.provider.jar' does not exist or contains no resources.
I/UsageStatsService( 1593): User[0] Flushing usage stats to disk
I/ActivityManager( 1593): TR3) TaskRecord{9aede24 #11 A=com.smart.videoinput U=0 sz=1}
I/ActivityManager( 1593): TR2) TaskRecord{1afbbd8d #10 A=com.android.settings U=0 sz=0}
I/UsageStatsDatabase( 1593): Moving file /data/system/usagestats/0/daily/1167609600000 to /data/system/usagestats/0/daily/1487323024429
I/UsageStatsDatabase( 1593): Moving file /data/system/usagestats/0/weekly/1167264000000 to /data/system/usagestats/0/weekly/1486977424429
I/UsageStatsDatabase( 1593): Moving file /data/system/usagestats/0/monthly/1166400000000 to /data/system/usagestats/0/monthly/1486113424429
I/UsageStatsDatabase( 1593): Moving file /data/system/usagestats/0/yearly/1166832000000 to /data/system/usagestats/0/yearly/1486545424429
I/UsageStatsService( 1593): User[0] Rollover scheduled @ 2017-02-18 08:00:00(1487376000000)
I/ActivityManager( 1593): TR3) TaskRecord{9aede24 #11 A=com.smart.videoinput U=0 sz=1}
I/ActivityManager( 1593): TR2) TaskRecord{1afbbd8d #10 A=com.android.settings U=0 sz=0}
V/ActivityManager( 1593): unmatched pkg name=com.smart.videoinput
V/ActivityManager( 1593): set mstar.EnterOpaqueUI false
V/WiredAccessoryManager( 1593): init()
E/ActivityThread( 1957): Failed to find provider info for com.android.inputmethod.latin.dictionarypack
I/ActivityManager( 1593): Start proc android.process.acore for content provider com.android.providers.userdictionary/.UserDictionaryProvider: pid=2214 uid=10002 gids={50002, 9997, 3003, 1028, 1015} abi=arm64-v8a
I/ActivityManager( 1593): Start proc com.cvte.tv.api.impl for service com.cvte.tv.api.impl/com.cvte.tv.api.TvApiService: pid=2233 uid=1000 gids={41000, 9997, 1028, 1015, 3003, 2001, 3002, 3001, 1023} abi=arm64-v8a
I/SMARTMCUService( 1593): AIDL call to retrieve messenger.
W/AppWidgetServiceImpl( 1593): Failed to read state: java.io.FileNotFoundException: /data/system/users/0/appwidgets.xml: open failed: ENOENT (No such file or directory)
V/AppWidgetServiceImpl( 1593): Upgrading widget database from 0 to 1
D/SMARTVideoSwitcherService( 1593): Received usb and video status notificatioin 1; videoConnected = false
D/SMARTVideoSwitcherService( 1593): Total no. of connected signal = 0
D/SMARTVideoSwitcherService( 1593): Received usb and video status notificatioin 2; videoConnected = true
D/SMARTVideoSwitcherService( 1593): Total no. of connected signal = 1
D/SMARTVideoSwitcherService( 1593): Received usb and video status notificatioin 4; videoConnected = false
D/SMARTVideoSwitcherService( 1593): Total no. of connected signal = 1
D/SMARTVideoSwitcherService( 1593): Received usb and video status notificatioin 3; videoConnected = false
D/SMARTVideoSwitcherService( 1593): Total no. of connected signal = 1
D/SMARTVideoSwitcherService( 1593): Received usb and video status notificatioin 5; videoConnected = true
D/SMARTVideoSwitcherService( 1593): Total no. of connected signal = 2
I/SMARTMCUService( 1593): Received a message with a type of 204
D/SMARTMCUService:SPMPickerHandler( 1593): Send illuminate Home LED: true
V/ActivityManager( 1593): Display changed displayId=0
D/MCUWriteThread( 1593): Writing packet from 2nd tier to socket
I/SMARTMCUService( 1593): Received a message with a type of 1
I/SMARTMCUService( 1593): Received subscription message
I/SMARTMCUService:MessageDispatcher( 1593): Got subscription message
D/SMARTMCUService:MessageDispatcher( 1593): Create vector of message type 202 to hold messenger of 824765867
I/SMARTMCUService( 1593): Received a message with a type of 201
D/SMARTMCUService:SPMPickerHandler( 1593): Send application info request
D/MCUWriteThread( 1593): Writing packet from 2nd tier to socket
I/StatusBarManagerService( 1593): registerStatusBar bar=com.android.internal.statusbar.IStatusBar$Stub$Proxy@24197c08
I/SMARTMCUService( 1593): AIDL call to retrieve messenger.
I/SMARTMCUService( 1593): Received a message with a type of 1
I/SMARTMCUService( 1593): Received subscription message
I/SMARTMCUService:MessageDispatcher( 1593): Got subscription message
D/SMARTMCUService:MessageDispatcher( 1593): Insert messenger of 791351927 to message type 102
D/SMARTMCUService:MessageDispatcher( 1593): Insert messenger of 791351927 to message type 104
I/SMARTMCUService( 1593): Received a message with a type of 103
D/MCUWriteThread( 1593): Writing packet from 2nd tier to socket
I/MCUReadThread( 1593): Read in a buffer with a length of 43
E/ActivityThread( 2139): Failed to find provider info for telephony
I/SMARTMCUService:MsgHandler( 1593): Received a SPM message for conversion.
D/SMARTMCUService:SPMIOSelectHandler( 1593): **video source = 1; bUsbConnected = true; bSourceConnected = false
D/SMARTMCUService:SPMIOSelectHandler( 1593): **video source = 2; bUsbConnected = true; bSourceConnected = true
D/SMARTMCUService:SPMIOSelectHandler( 1593): **video source = 4; bUsbConnected = false; bSourceConnected = false
D/SMARTMCUService:SPMIOSelectHandler( 1593): **video source = 3; bUsbConnected = true; bSourceConnected = false
D/SMARTMCUService:SPMIOSelectHandler( 1593): **video source = 5; bUsbConnected = true; bSourceConnected = true
D/SMARTMCUService:MessageDispatcher( 1593): Sending message type: 104 to subscribers (if any)
I/SMARTMCUService:MessageDispatcher( 1593): Sending message 104 to messenger 317301510
I/SMARTMCUService:MessageDispatcher( 1593): Sending message 104 to messenger 791351927
D/SMARTVideoSwitcherService( 1593): Received usb and video status notificatioin 1; videoConnected = false
D/SMARTVideoSwitcherService( 1593): Total no. of connected signal = 2
D/SMARTMCUService:MessageDispatcher( 1593): Sending message type: 104 to subscribers (if any)
I/SMARTMCUService:MessageDispatcher( 1593): Sending message 104 to messenger 317301510
I/SMARTMCUService:MessageDispatcher( 1593): Sending message 104 to messenger 791351927
D/SMARTMCUService:MessageDispatcher( 1593): Sending message type: 104 to subscribers (if any)
I/SMARTMCUService:MessageDispatcher( 1593): Sending message 104 to messenger 317301510
I/SMARTMCUService:MessageDispatcher( 1593): Sending message 104 to messenger 791351927
D/SMARTMCUService:MessageDispatcher( 1593): Sending message type: 104 to subscribers (if any)
I/SMARTMCUService:MessageDispatcher( 1593): Sending message 104 to messenger 317301510
I/SMARTMCUService:MessageDispatcher( 1593): Sending message 104 to messenger 791351927
D/SMARTMCUService:MessageDispatcher( 1593): Sending message type: 104 to subscribers (if any)
I/SMARTMCUService:MessageDispatcher( 1593): Sending message 104 to messenger 317301510
I/SMARTMCUService:MessageDispatcher( 1593): Sending message 104 to messenger 791351927
D/ConnectivityService( 1593): Got NetworkFactory Messenger for Telephony
D/SMARTVideoSwitcherService( 1593): Received usb and video status notificatioin 2; videoConnected = true
D/SMARTVideoSwitcherService( 1593): Total no. of connected signal = 2
D/SMARTVideoSwitcherService( 1593): Received usb and video status notificatioin 4; videoConnected = false
D/SMARTVideoSwitcherService( 1593): Total no. of connected signal = 2
D/SMARTVideoSwitcherService( 1593): Received usb and video status notificatioin 3; videoConnected = false
D/SMARTVideoSwitcherService( 1593): Total no. of connected signal = 2
D/SMARTVideoSwitcherService( 1593): Received usb and video status notificatioin 5; videoConnected = true
D/SMARTVideoSwitcherService( 1593): Total no. of connected signal = 2
E/ActivityThread( 2139): Failed to find provider info for sms
I/ActivityManager( 1593): Start proc com.mstar.android.providers.tv for content provider com.mstar.android.providers.tv/.TvUserSettingProvider: pid=2298 uid=1000 gids={41000, 9997, 1028, 1015, 3003, 2001, 3002, 3001, 1023} abi=arm64-v8a
I/SMARTMCUService( 1593): Received a message with a type of 601
E/SMARTMCUService:SPMLCMHandler( 1593): Sent a backlight brightness adjust = 65
D/MCUWriteThread( 1593): Writing packet from 2nd tier to socket
I/SMARTMCUService( 1593): Received a message with a type of 801
D/SPMMessageHandler(java)( 1593): before translation
D/SPMMessageHandler(java)( 1593): source - left: 0, top: 0, right: 1920, bottom: 1080
D/SPMMessageHandler(java)( 1593): after translation
D/SPMMessageHandler(java)( 1593): source - left: 0, top: 0, right: 26396, bottom: 14848
I/SMARTMCUService.SPMTouchHandler( 1593): Sent an add rect request - id is: com.smarttech.videoinput.VideoSelectActivity
D/MCUWriteThread( 1593): Writing packet from 2nd tier to socket
I/SMARTMCUService( 1593): Received a message with a type of 408
D/SMARTMCUService:MessageDispatcher( 1593): Sending message type: 408 to subscribers (if any)
I/SMARTMCUService:MessageDispatcher( 1593): Received msg type: 408 but it has no subscriptions
I/SMARTMCUService( 1593): AIDL call to retrieve messenger.
I/ActivityManager( 1593): START u0 {flg=0x10000000 cmp=com.smart.videoinput/com.smarttech.videoinput.MonitorViewActivity (has extras)} from uid 10041 on display 0
I/SubscriptionTracker( 1593): One subscriptor is added.
I/SMARTVideoSwitcherService( 1593): AIDL call to SetVideoSource to 5
I/SMARTVideoSwitcherService( 1593): handle SetVideoSource message with message.arg = 5
I/SwitchManager( 1593): Input source HDMI2(AM OPS) is selected.
V/ActivityManager( 1593): set mstar.EnterOpaqueUI false
I/ActivityManager( 1593): TR3) TaskRecord{9aede24 #11 A=com.smart.videoinput U=0 sz=2}
I/ActivityManager( 1593): TR2) TaskRecord{1afbbd8d #10 A=com.android.settings U=0 sz=0}
V/ActivityManager( 1593): unmatched pkg name=com.smart.videoinput
V/ActivityManager( 1593): set mstar.EnterOpaqueUI false
I/SMARTMCUService( 1593): AIDL call to retrieve messenger.
D/WifiService( 1593): New client listening to asynchronous messages
D/ConnectivityService( 1593): listenForNetwork for NetworkRequest [ id=2, legacyType=-1, [] ]
D/ConnectivityService( 1593): handleRegisterNetworkRequest checking NetworkAgentInfo [Ethernet () - 100]
D/ConnectivityService( 1593): apparently satisfied.  currentScore=110
I/SubscriptionTracker( 1593): Send subscriptor a message with message.what = 12
I/SMARTMCUService( 1593): Received a message with a type of 101
D/MCUWriteThread( 1593): Writing packet from 2nd tier to socket
I/SMARTMCUService( 1593): Received a message with a type of 802
I/SMARTMCUService.SPMTouchHandler( 1593): Sent a remove rect request - id is: com.smarttech.videoinput.VideoSelectActivity
I/SMARTMCUService( 1593): Received a message with a type of 408
D/MCUWriteThread( 1593): Writing packet from 2nd tier to socket
D/SMARTMCUService:MessageDispatcher( 1593): Sending message type: 408 to subscribers (if any)
I/SMARTMCUService:MessageDispatcher( 1593): Received msg type: 408 but it has no subscriptions
W/ContextImpl( 2233): Calling a method in the system process without a qualified user: android.app.ContextImpl.bindService:1763 android.content.ContextWrapper.bindService:538 com.cvte.tv.api.at.api.CvteFacAPI.startSmartMcuService:159 com.cvte.tv.api.TvApiService$2.handleMessage:127 android.os.Handler.dispatchMessage:102 
W/ActivityManager( 1593): Unable to start service Intent { act=android.smart.uartservice.action.SMARTMCUSERVICE } U=0: not found
I/SwitchManager( 1593): Video signal is not stabled.
I/SubscriptionTracker( 1593): Send subscriptor a message with message.what = 13
D/ConnectivityService( 1593): sendStickyBroadcast: action=android.net.conn.CONNECTIVITY_CHANGE
E/ActivityThread( 1593): Failed to find provider info for telephony
I/SystemServiceManager( 1593): Starting phase 1000
W/ActivityManager( 1593): Unable to start service Intent { cmp=com.android.systemui/.keyguard.KeyguardService } U=0: not found
W/KeyguardServiceDelegate( 1593): onScreenTurnedOn(): no keyguard service!
I/ActivityManager( 1593): Start proc com.android.keychain for service com.android.keychain/.KeyChainService: pid=2370 uid=1000 gids={41000, 9997, 1028, 1015, 3003, 2001, 3002, 3001, 1023} abi=arm64-v8a
D/WifiService( 1593): New client listening to asynchronous messages
I/BootReceiver( 1593): Copying audit failures to DropBox
I/BootReceiver( 1593): Checking for fsck errors
D/ConnectivityService( 1593): Got NetworkFactory Messenger for WIFI
I/ActivityManager( 1593): Start proc com.android.providers.calendar for broadcast com.android.providers.calendar/.CalendarReceiver: pid=2391 uid=10001 gids={50001, 9997, 3003, 1028, 1015} abi=arm64-v8a
W/ResourcesManager( 2391): Asset path '/system/framework/android.test.runner.jar' does not exist or contains no resources.
I/ActivityManager( 1593): Start proc com.android.managedprovisioning for broadcast com.android.managedprovisioning/.BootReminder: pid=2412 uid=10007 gids={50007, 9997, 1028, 3003} abi=arm64-v8a
I/SwitchManager( 1593): Video signal is not stabled.
I/SubscriptionTracker( 1593): Send subscriptor a message with message.what = 13
I/ActivityManager( 1593): Start proc com.android.onetimeinitializer for broadcast com.android.onetimeinitializer/.OneTimeInitializerReceiver: pid=2433 uid=10009 gids={50009, 9997} abi=arm64-v8a
I/ActivityManager( 1593): Start proc com.mstar.bluetooth3dservice for broadcast com.mstar.bluetooth3dservice/.Bluetooth3DReciver: pid=2453 uid=10017 gids={50017, 9997, 3002, 3001} abi=arm64-v8a
W/ResourcesManager( 2453): Asset path '/system/framework/com.broadcom.bt.jar' does not exist or contains no resources.
I/ActivityManager( 1593): Start proc com.android.email for broadcast com.android.email/.service.EmailBroadcastReceiver: pid=2472 uid=10021 gids={50021, 9997, 3003, 1028, 1015} abi=arm64-v8a
D/ActivityThread( 2472): Loading provider com.android.email.provider;com.android.email.notifier: com.android.email.provider.EmailProvider
D/ActivityThread( 2472): Loading provider com.android.email.provider;com.android.email.notifier: com.android.email.provider.EmailProvider
D/ActivityThread( 2472): Loading provider com.android.email.provider;com.android.email.notifier: com.android.email.provider.EmailProvider
D/ActivityThread( 2472): Loading provider com.android.email.provider;com.android.email.notifier: com.android.email.provider.EmailProvider
W/ContextImpl( 2090): Calling a method in the system process without a qualified user: android.app.ContextImpl.startService:1699 android.content.ContextWrapper.startService:515 android.content.ContextWrapper.startService:515 com.mstar.android.pppoe.PppoeDemoReceiver.startDemoService:101 com.mstar.android.pppoe.PppoeDemoReceiver.onReceive:94 
W/ContextImpl( 1823): Calling a method in the system process without a qualified user: android.app.ContextImpl.startService:1699 android.content.ContextWrapper.startService:515 android.content.ContextWrapper.startService:515 com.mstar.tv.service.BootCompleteReceiver.onReceive:95 android.app.ActivityThread.handleReceiver:2579 
I/ActivityManager( 1593): Start proc com.smarttech.smartotaupdater for broadcast com.smarttech.smartotaupdater/.receivers.UpdateReceiver1: pid=2504 uid=1000 gids={41000, 9997, 1028, 1015, 3003, 2001, 3002, 3001, 1023} abi=arm64-v8a
W/ActivityManager( 1593): Unable to start service Intent { cmp=com.android.email/.service.AttachmentService } U=0: not found
W/ActivityManager( 1593): Unable to start service Intent { cmp=com.android.email/.service.AttachmentService } U=0: not found
W/ActivityManager( 1593): Unable to start service Intent { cmp=com.android.email/.service.AttachmentService } U=0: not found
I/ActivityManager( 1593): Start proc com.android.exchange for service com.android.exchange/.service.EasService: pid=2523 uid=10022 gids={50022, 9997, 3003, 1028, 1015} abi=arm64-v8a
W/ActivityManager( 1593): Unable to start service Intent { cmp=com.android.email/.service.AttachmentService } U=0: not found
W/ActivityManager( 1593): Unable to start service Intent { cmp=com.android.email/.service.AttachmentService } U=0: not found
W/ContextImpl( 2504): Calling a method in the system process without a qualified user: android.app.ContextImpl.startService:1699 android.content.ContextWrapper.startService:515 android.content.ContextWrapper.startService:515 com.smarttech.smartotaupdater.receivers.UpdateReceiver1.onReceive:18 android.app.ActivityThread.handleReceiver:2579 
W/ContextImpl( 2233): Calling a method in the system process without a qualified user: android.app.ContextImpl.startService:1699 android.content.ContextWrapper.startService:515 android.content.ContextWrapper.startService:515 com.cvte.tv.api.TvApiReceiver.onReceive:18 android.app.ActivityThread.handleReceiver:2579 
W/ActivityManager( 1593): Unable to start service Intent { cmp=com.cvte.tv.api.impl/com.cvte.tv.api.TvApiManagerService } U=0: not found
W/ContextImpl( 2233): Calling a method in the system process without a qualified user: android.app.ContextImpl.sendBroadcast:1335 android.content.ContextWrapper.sendBroadcast:376 android.content.ContextWrapper.sendBroadcast:376 com.cvte.tv.api.BootReceiver.onReceive:46 android.app.ActivityThread.handleReceiver:2579 
E/ActivityThread( 2472): Service com.android.email.service.EmailBroadcastProcessorService has leaked ServiceConnection com.android.emailcommon.service.ServiceProxy$ProxyConnection@31450e23 that was originally bound here
E/ActivityThread( 2472): android.app.ServiceConnectionLeaked: Service com.android.email.service.EmailBroadcastProcessorService has leaked ServiceConnection com.android.emailcommon.service.ServiceProxy$ProxyConnection@31450e23 that was originally bound here
E/ActivityThread( 2472): 	at android.app.LoadedApk$ServiceDispatcher.<init>(LoadedApk.java:1072)
E/ActivityThread( 2472): 	at android.app.LoadedApk.getServiceDispatcher(LoadedApk.java:966)
E/ActivityThread( 2472): 	at android.app.ContextImpl.bindServiceCommon(ContextImpl.java:1781)
E/ActivityThread( 2472): 	at android.app.ContextImpl.bindService(ContextImpl.java:1764)
E/ActivityThread( 2472): 	at android.content.ContextWrapper.bindService(ContextWrapper.java:538)
E/ActivityThread( 2472): 	at com.android.emailcommon.service.ServiceProxy.setTask(ServiceProxy.java:176)
E/ActivityThread( 2472): 	at com.android.emailcommon.service.ServiceProxy.test(ServiceProxy.java:219)
E/ActivityThread( 2472): 	at com.android.email.service.EmailServiceUtils.isServiceAvailable(EmailServiceUtils.java:160)
E/ActivityThread( 2472): 	at com.android.email.provider.AccountReconciler.reconcileAccountsInternal(AccountReconciler.java:164)
E/ActivityThread( 2472): 	at com.android.email.provider.AccountReconciler.reconcileAccounts(AccountReconciler.java:113)
E/ActivityThread( 2472): 	at com.android.email.service.EmailBroadcastProcessorService.reconcileAndStartServices(EmailBroadcastProcessorService.java:305)
