W/libprocessgroup( 1593): failed to open /acct/uid_10009/pid_2433/cgroup.procs: No such file or directory
W/AppOps  ( 1593): Bad call: specified package SurfaceFlinger under uid 1000 but it is really -1
D/DefContainer( 2860): Copying /data/local/tmp/app-uiautomator.apk to base.apk
D/PackageManager( 1593): Renaming /data/app/vmdl1048902879.tmp to /data/app/com.github.uiautomator-2
I/ActivityManager( 1593): Force stopping com.github.uiautomator appid=10045 user=-1: uninstall pkg
I/PackageManager( 1593): Package com.github.uiautomator codePath changed from /data/app/com.github.uiautomator-1 to /data/app/com.github.uiautomator-2; Retaining data and using new
I/ActivityManager( 1593): Force stopping com.github.uiautomator appid=10045 user=-1: update pkg
W/PackageManager( 1593): Code path for pkg : com.github.uiautomator changing from /data/app/com.github.uiautomator-1 to /data/app/com.github.uiautomator-2
W/PackageManager( 1593): Resource path for pkg : com.github.uiautomator changing from /data/app/com.github.uiautomator-1 to /data/app/com.github.uiautomator-2
I/ActivityManager( 1593): Force stopping com.github.uiautomator appid=10045 user=0: pkg removed
D/JobSchedulerService( 1593): Receieved: android.intent.action.PACKAGE_REMOVED
I/ActivityManager( 1593): Start proc com.android.keychain for broadcast com.android.keychain/.KeyChainBroadcastReceiver: pid=3001 uid=1000 gids={41000, 9997, 1028, 1015, 3003, 2001, 3002, 3001, 1023} abi=arm64-v8a
W/ContextImpl( 3001): Calling a method in the system process without a qualified user: android.app.ContextImpl.startService:1699 android.content.ContextWrapper.startService:515 android.content.ContextWrapper.startService:515 com.android.keychain.KeyChainBroadcastReceiver.onReceive:12 android.app.ActivityThread.handleReceiver:2579 
D/DefContainer( 2860): Copying /data/local/tmp/app-uiautomator-test.apk to base.apk
D/PackageManager( 1593): Renaming /data/app/vmdl20879456.tmp to /data/app/com.github.uiautomator.test-1
E/PackageManager( 1593): Backup Manager not found!
I/ActivityManager( 1593): Force stopping com.github.uiautomator appid=10045 user=0: start instr
I/ActivityManager( 1593): Start proc com.github.uiautomator for added application com.github.uiautomator: pid=3066 uid=10045 gids={50045, 9997, 3003} abi=arm64-v8a
I/ActivityManager( 1593): Killing 2453:com.mstar.bluetooth3dservice/u0a17 (adj 15): empty for 10641s
W/libprocessgroup( 1593): failed to open /acct/uid_10017/pid_2453/cgroup.procs: No such file or directory
D/DefContainer( 2860): Copying /data/local/tmp/app-uiautomator.apk to base.apk
D/PackageManager( 1593): Renaming /data/app/vmdl1856549177.tmp to /data/app/com.github.uiautomator-1
I/ActivityManager( 1593): Force stopping com.github.uiautomator appid=10045 user=-1: uninstall pkg
I/ActivityManager( 1593): Killing 3066:com.github.uiautomator/u0a45 (adj 0): stop com.github.uiautomator
I/PackageManager( 1593): Package com.github.uiautomator codePath changed from /data/app/com.github.uiautomator-2 to /data/app/com.github.uiautomator-1; Retaining data and using new
W/ActivityManager( 1593): Crash of app com.github.uiautomator running instrumentation ComponentInfo{com.github.uiautomator.test/android.support.test.runner.AndroidJUnitRunner}
I/ActivityManager( 1593): Force stopping com.github.uiautomator appid=10045 user=0: finished inst
W/ActivityManager( 1593): Spurious death for ProcessRecord{1eef657 3066:com.github.uiautomator/u0a45}, curProc for 3066: null
W/PackageManager( 1593): Code path for pkg : com.github.uiautomator changing from /data/app/com.github.uiautomator-2 to /data/app/com.github.uiautomator-1
I/ActivityManager( 1593): Force stopping com.github.uiautomator appid=10045 user=-1: update pkg
W/PackageManager( 1593): Resource path for pkg : com.github.uiautomator changing from /data/app/com.github.uiautomator-2 to /data/app/com.github.uiautomator-1
I/ActivityManager( 1593): Force stopping com.github.uiautomator appid=10045 user=0: pkg removed
D/JobSchedulerService( 1593): Receieved: android.intent.action.PACKAGE_REMOVED
W/ContextImpl( 3001): Calling a method in the system process without a qualified user: android.app.ContextImpl.startService:1699 android.content.ContextWrapper.startService:515 android.content.ContextWrapper.startService:515 com.android.keychain.KeyChainBroadcastReceiver.onReceive:12 android.app.ActivityThread.handleReceiver:2579 
D/DefContainer( 2860): Copying /data/local/tmp/app-uiautomator-test.apk to base.apk
D/PackageManager( 1593): Renaming /data/app/vmdl1695636698.tmp to /data/app/com.github.uiautomator.test-2
I/ActivityManager( 1593): Force stopping com.github.uiautomator.test appid=10046 user=-1: uninstall pkg
I/PackageManager( 1593): Package com.github.uiautomator.test codePath changed from /data/app/com.github.uiautomator.test-1 to /data/app/com.github.uiautomator.test-2; Retaining data and using new
W/PackageManager( 1593): Code path for pkg : com.github.uiautomator.test changing from /data/app/com.github.uiautomator.test-1 to /data/app/com.github.uiautomator.test-2
I/ActivityManager( 1593): Force stopping com.github.uiautomator.test appid=10046 user=-1: update pkg
W/PackageManager( 1593): Resource path for pkg : com.github.uiautomator.test changing from /data/app/com.github.uiautomator.test-1 to /data/app/com.github.uiautomator.test-2
I/ActivityManager( 1593): Force stopping com.github.uiautomator.test appid=10046 user=0: pkg removed
D/JobSchedulerService( 1593): Receieved: android.intent.action.PACKAGE_REMOVED
W/ContextImpl( 3001): Calling a method in the system process without a qualified user: android.app.ContextImpl.startService:1699 android.content.ContextWrapper.startService:515 android.content.ContextWrapper.startService:515 com.android.keychain.KeyChainBroadcastReceiver.onReceive:12 android.app.ActivityThread.handleReceiver:2579 
I/ActivityManager( 1593): Force stopping com.github.uiautomator appid=10045 user=0: start instr
I/ActivityManager( 1593): Start proc com.github.uiautomator for added application com.github.uiautomator: pid=3163 uid=10045 gids={50045, 9997, 3003} abi=arm64-v8a
I/EntropyMixer( 1593): Writing entropy...
I/ProcessStatsService( 1593): Prepared write state in 2ms
I/UsageStatsService( 1593): User[0] Flushing usage stats to disk
W/AppOps  ( 1593): Bad call: specified package SurfaceFlinger under uid 1000 but it is really -1
--------- beginning of main
I/tvos    ( 1189): ** TMDS auto EQ not done and retry port 1
I/tvos    ( 1189): ** TMDS auto EQ not done and retry port 1
I/tvos    ( 1189): ** TMDS auto EQ not done and retry port 1
I/tvos    ( 1189): ** TMDS auto EQ not done and retry port 1
I/tvos    ( 1189): ** TMDS auto EQ not done and retry port 1
I/tvos    ( 1189): ** TMDS auto EQ not done and retry port 1
I/tvos    ( 1189): ** TMDS auto EQ not done and retry port 1
I/tvos    ( 1189): ** TMDS auto EQ not done and retry port 1
I/tvos    ( 1189): ** TMDS auto EQ not done and retry port 1
I/tvos    ( 1189): ** TMDS auto EQ not done and retry port 1
I/tvos    ( 1189): ** TMDS auto EQ not done and retry port 1
I/tvos    ( 1189): ** TMDS auto EQ not done and retry port 1
I/tvos    ( 1189): ** TMDS auto EQ not done and retry port 1
I/tvos    ( 1189): ** TMDS auto EQ not done and retry port 1
I/tvos    ( 1189): ** TMDS auto EQ not done and retry port 1
I/tvos    ( 1189): ** TMDS auto EQ not done and retry port 1
I/tvos    ( 1189): ** TMDS auto EQ not done and retry port 1
I/tvos    ( 1189): ** TMDS auto EQ not done and retry port 1
I/tvos    ( 1189): ** TMDS auto EQ not done and retry port 1
I/tvos    ( 1189): ** TMDS auto EQ not done and retry port 1
I/tvos    ( 1189): ** TMDS auto EQ not done and retry port 1
I/tvos    ( 1189): ** TMDS auto EQ not done and retry port 1
I/tvos    ( 1189): ** TMDS auto EQ not done and retry port 1
I/tvos    ( 1189): ** TMDS auto EQ not done and retry port 1
I/tvos    ( 1189): ** TMDS auto EQ not done and retry port 1
I/tvos    ( 1189): ** TMDS auto EQ not done and retry port 1
I/tvos    ( 1189): ** TMDS auto EQ not done and retry port 1
I/tvos    ( 1189): ** TMDS auto EQ not done and retry port 1
I/tvos    ( 1189): ** TMDS auto EQ not done and retry port 1
I/tvos    ( 1189): ** TMDS auto EQ not done and retry port 1
I/tvos    ( 1189): ** TMDS auto EQ not done and retry port 1
I/tvos    ( 1189): ** TMDS auto EQ not done and retry port 1
I/tvos    ( 1189): ** TMDS auto EQ not done and retry port 1
I/tvos    ( 1189): ** TMDS auto EQ not done and retry port 1
I/tvos    ( 1189): ** TMDS auto EQ not done and retry port 1
I/tvos    ( 1189): ** TMDS auto EQ not done and retry port 1
I/tvos    ( 1189): ** TMDS auto EQ not done and retry port 1
I/tvos    ( 1189): ** TMDS auto EQ not done and retry port 1
I/tvos    ( 1189): ** TMDS auto EQ not done and retry port 1
I/tvos    ( 1189): ** TMDS auto EQ not done and retry port 1
I/tvos    ( 1189): ** TMDS auto EQ not done and retry port 1
I/tvos    ( 1189): ** TMDS auto EQ not done and retry port 1
I/tvos    ( 1189): ** TMDS auto EQ not done and retry port 1
I/tvos    ( 1189): ** TMDS auto EQ not done and retry port 1
I/tvos    ( 1189): ** TMDS auto EQ not done and retry port 1
I/tvos    ( 1189): ** TMDS auto EQ not done and retry port 1
I/tvos    ( 1189): ** TMDS auto EQ not done and retry port 1
I/tvos    ( 1189): ** TMDS auto EQ not done and retry port 1
I/tvos    ( 1189): ** TMDS auto EQ not done and retry port 1
I/tvos    ( 1189): ** TMDS auto EQ not done and retry port 1
I/tvos    ( 1189): ** TMDS auto EQ not done and retry port 1
I/tvos    ( 1189): ** TMDS auto EQ not done and retry port 1
I/tvos    ( 1189): ** TMDS auto EQ not done and retry port 1
I/tvos    ( 1189): ** TMDS auto EQ not done and retry port 1
I/tvos    ( 1189): ** TMDS auto EQ not done and retry port 1
I/tvos    ( 1189): ** TMDS auto EQ not done and retry port 1
I/tvos    ( 1189): ** TMDS auto EQ not done and retry port 1
I/tvos    ( 1189): ** TMDS auto EQ not done and retry port 1
I/tvos    ( 1189): ** TMDS auto EQ not done and retry port 1
I/tvos    ( 1189): ** TMDS auto EQ not done and retry port 1
I/tvos    ( 1189): ** TMDS auto EQ not done and retry port 1
I/tvos    ( 1189): ** TMDS auto EQ not done and retry port 1
I/tvos    ( 1189): ** TMDS auto EQ not done and retry port 1
I/tvos    ( 1189): ** TMDS auto EQ not done and retry port 1
I/tvos    ( 1189): ** TMDS auto EQ not done and retry port 1
I/tvos    ( 1189): ** TMDS auto EQ not done and retry port 1
I/tvos    ( 1189): ** TMDS auto EQ not done and retry port 1
I/tvos    ( 1189): ** TMDS auto EQ not done and retry port 1
I/tvos    ( 1189): ** TMDS auto EQ not done and retry port 1
I/tvos    ( 1189): ** TMDS auto EQ not done and retry port 1
I/tvos    ( 1189): ** TMDS auto EQ not done and retry port 1
I/tvos    ( 1189): ** TMDS auto EQ not done and retry port 1
I/tvos    ( 1189): ** TMDS auto EQ not done and retry port 1
I/tvos    ( 1189): ** TMDS auto EQ not done and retry port 1
I/tvos    ( 1189): ** TMDS auto EQ not done and retry port 1
I/tvos    ( 1189): ** TMDS auto EQ not done and retry port 1
I/tvos    ( 1189): ** TMDS auto EQ not done and retry port 1
I/tvos    ( 1189): ** TMDS auto EQ not done and retry port 1
I/tvos    ( 1189): ** TMDS auto EQ not done and retry port 1
I/tvos    ( 1189): ** TMDS auto EQ not done and retry port 1
I/tvos    ( 1189): ** TMDS auto EQ not done and retry port 1
I/tvos    ( 1189): ** TMDS auto EQ not done and retry port 1
I/tvos    ( 1189): ** TMDS auto EQ not done and retry port 1
I/tvos    ( 1189): ** TMDS auto EQ not done and retry port 1
I/tvos    ( 1189): ** TMDS auto EQ not done and retry port 1
I/tvos    ( 1189): ** TMDS auto EQ not done and retry port 1
I/tvos    ( 1189): ** TMDS auto EQ not done and retry port 1
I/tvos    ( 1189): ** TMDS auto EQ not done and retry port 1
I/tvos    ( 1189): ** TMDS auto EQ not done and retry port 1
I/tvos    ( 1189): ** TMDS auto EQ not done and retry port 1
I/tvos    ( 1189): ** TMDS auto EQ not done and retry port 1
I/tvos    ( 1189): ** TMDS auto EQ not done and retry port 1
I/tvos    ( 1189): ** TMDS auto EQ not done and retry port 1
I/tvos    ( 1189): ** TMDS auto EQ not done and retry port 1
I/tvos    ( 1189): ** TMDS auto EQ not done and retry port 1
I/tvos    ( 1189): ** TMDS auto EQ not done and retry port 1
I/tvos    ( 1189): ** TMDS auto EQ not done and retry port 1
I/tvos    ( 1189): ** TMDS auto EQ not done and retry port 1
I/tvos    ( 1189): ** TMDS auto EQ not done and retry port 1
I/tvos    ( 1189): ** TMDS auto EQ not done and retry port 1
I/tvos    ( 1189): ** TMDS auto EQ not done and retry port 1
I/tvos    ( 1189): ** TMDS auto EQ not done and retry port 1
I/tvos    ( 1189): ** TMDS auto EQ not done and retry port 1
I/tvos    ( 1189): ** TMDS auto EQ not done and retry port 1
I/tvos    ( 1189): ** TMDS auto EQ not done and retry port 1
I/tvos    ( 1189): ** TMDS auto EQ not done and retry port 1
I/tvos    ( 1189): ** TMDS auto EQ not done and retry port 1
I/tvos    ( 1189): ** TMDS auto EQ not done and retry port 1
I/tvos    ( 1189): ** TMDS auto EQ not done and retry port 1
I/tvos    ( 1189): ** TMDS auto EQ not done and retry port 1
I/tvos    ( 1189): ** TMDS auto EQ not done and retry port 1
I/tvos    ( 1189): ** TMDS auto EQ not done and retry port 1
I/tvos    ( 1189): ** TMDS auto EQ not done and retry port 1
I/tvos    ( 1189): ** TMDS auto EQ not done and retry port 1
I/tvos    ( 1189): ** TMDS auto EQ not done and retry port 1
I/tvos    ( 1189): ** TMDS auto EQ not done and retry port 1
I/tvos    ( 1189): ** TMDS auto EQ not done and retry port 1
I/tvos    ( 1189): ** TMDS auto EQ not done and retry port 1
I/tvos    ( 1189): ** TMDS auto EQ not done and retry port 1
I/tvos    ( 1189): ** TMDS auto EQ not done and retry port 1
I/tvos    ( 1189): ** TMDS auto EQ not done and retry port 1
I/tvos    ( 1189): ** TMDS auto EQ not done and retry port 1
I/tvos    ( 1189): ** TMDS auto EQ not done and retry port 1
I/tvos    ( 1189): ** TMDS auto EQ not done and retry port 1
I/tvos    ( 1189): ** TMDS auto EQ not done and retry port 1
I/tvos    ( 1189): ** TMDS auto EQ not done and retry port 1
I/tvos    ( 1189): ** TMDS auto EQ not done and retry port 1
I/tvos    ( 1189): ** TMDS auto EQ not done and retry port 1
I/tvos    ( 1189): ** TMDS auto EQ not done and retry port 1
I/tvos    ( 1189): ** TMDS auto EQ not done and retry port 1
I/tvos    ( 1189): ** TMDS auto EQ not done and retry port 1
I/tvos    ( 1189): ** TMDS auto EQ not done and retry port 1
I/tvos    ( 1189): ** TMDS auto EQ not done and retry port 1
I/tvos    ( 1189): ** TMDS auto EQ not done and retry port 1
I/tvos    ( 1189): ** TMDS auto EQ not done and retry port 1
I/tvos    ( 1189): ** TMDS auto EQ not done and retry port 1
I/tvos    ( 1189): ** TMDS auto EQ not done and retry port 1
I/tvos    ( 1189): ** TMDS auto EQ not done and retry port 1
I/tvos    ( 1189): ** TMDS auto EQ not done and retry port 1
I/tvos    ( 1189): ** TMDS auto EQ not done and retry port 1
I/tvos    ( 1189): ** TMDS auto EQ not done and retry port 1
I/tvos    ( 1189): ** TMDS auto EQ not done and retry port 1
I/tvos    ( 1189): ** TMDS auto EQ not done and retry port 1
I/tvos    ( 1189): ** TMDS auto EQ not done and retry port 1
I/tvos    ( 1189): ** TMDS auto EQ not done and retry port 1
I/tvos    ( 1189): ** TMDS auto EQ not done and retry port 1
I/tvos    ( 1189): ** TMDS auto EQ not done and retry port 1
I/tvos    ( 1189): ** TMDS auto EQ not done and retry port 1
I/tvos    ( 1189): ** TMDS auto EQ not done and retry port 1
I/tvos    ( 1189): ** TMDS auto EQ not done and retry port 1
I/tvos    ( 1189): ** TMDS auto EQ not done and retry port 1
I/tvos    ( 1189): ** TMDS auto EQ not done and retry port 1
I/tvos    ( 1189): ** TMDS auto EQ not done and retry port 1
I/tvos    ( 1189): ** TMDS auto EQ not done and retry port 1
I/tvos    ( 1189): ** TMDS auto EQ not done and retry port 1
I/tvos    ( 1189): ** TMDS auto EQ not done and retry port 1
I/tvos    ( 1189): ** TMDS auto EQ not done and retry port 1
I/tvos    ( 1189): ** TMDS auto EQ not done and retry port 1
I/tvos    ( 1189): ** TMDS auto EQ not done and retry port 1
I/tvos    ( 1189): ** TMDS auto EQ not done and retry port 1
I/tvos    ( 1189): ** TMDS auto EQ not done and retry port 1
I/tvos    ( 1189): ** TMDS auto EQ not done and retry port 1
I/tvos    ( 1189): ** TMDS auto EQ not done and retry port 1
I/tvos    ( 1189): ** TMDS auto EQ not done and retry port 1
I/tvos    ( 1189): ** TMDS auto EQ not done and retry port 1
I/tvos    ( 1189): ** TMDS auto EQ not done and retry port 1
I/tvos    ( 1189): ** TMDS auto EQ not done and retry port 1
I/tvos    ( 1189): ** TMDS auto EQ not done and retry port 1
I/tvos    ( 1189): ** TMDS auto EQ not done and retry port 1
I/tvos    ( 1189): ** TMDS auto EQ not done and retry port 1
I/tvos    ( 1189): ** TMDS auto EQ not done and retry port 1
I/tvos    ( 1189): ** TMDS auto EQ not done and retry port 1
I/tvos    ( 1189): ** TMDS auto EQ not done and retry port 1
I/tvos    ( 1189): ** TMDS auto EQ not done and retry port 1
I/tvos    ( 1189): ** TMDS auto EQ not done and retry port 1
I/tvos    ( 1189): ** TMDS auto EQ not done and retry port 1
I/tvos    ( 1189): ** TMDS auto EQ not done and retry port 1
I/tvos    ( 1189): ** TMDS auto EQ not done and retry port 1
I/tvos    ( 1189): ** TMDS auto EQ not done and retry port 1
I/tvos    ( 1189): ** TMDS auto EQ not done and retry port 1
I/tvos    ( 1189): ** TMDS auto EQ not done and retry port 1
I/tvos    ( 1189): ** TMDS auto EQ not done and retry port 1
I/tvos    ( 1189): ** TMDS auto EQ not done and retry port 1
I/tvos    ( 1189): ** TMDS auto EQ not done and retry port 1
I/tvos    ( 1189): ** TMDS auto EQ not done and retry port 1
I/tvos    ( 1189): ** TMDS auto EQ not done and retry port 1
I/tvos    ( 1189): ** TMDS auto EQ not done and retry port 1
I/tvos    ( 1189): ** TMDS auto EQ not done and retry port 1
I/tvos    ( 1189): ** TMDS auto EQ not done and retry port 1
I/tvos    ( 1189): ** TMDS auto EQ not done and retry port 1
I/tvos    ( 1189): ** TMDS auto EQ not done and retry port 1
I/tvos    ( 1189): ** TMDS auto EQ not done and retry port 1
I/tvos    ( 1189): ** TMDS auto EQ not done and retry port 1
I/tvos    ( 1189): ** TMDS auto EQ not done and retry port 1
I/tvos    ( 1189): ** TMDS auto EQ not done and retry port 1
I/tvos    ( 1189): ** TMDS auto EQ not done and retry port 1
I/tvos    ( 1189): ** TMDS auto EQ not done and retry port 1
I/tvos    ( 1189): ** TMDS auto EQ not done and retry port 1
I/tvos    ( 1189): ** TMDS auto EQ not done and retry port 1
I/tvos    ( 1189): ** TMDS auto EQ not done and retry port 1
I/tvos    ( 1189): ** TMDS auto EQ not done and retry port 1
I/tvos    ( 1189): ** TMDS auto EQ not done and retry port 1
I/tvos    ( 1189): ** TMDS auto EQ not done and retry port 1
I/tvos    ( 1189): ** TMDS auto EQ not done and retry port 1
I/tvos    ( 1189): ** TMDS auto EQ not done and retry port 1
I/tvos    ( 1189): ** TMDS auto EQ not done and retry port 1
I/tvos    ( 1189): ** TMDS auto EQ not done and retry port 1
I/tvos    ( 1189): ** TMDS auto EQ not done and retry port 1
I/tvos    ( 1189): ** TMDS auto EQ not done and retry port 1
I/tvos    ( 1189): ** TMDS auto EQ not done and retry port 1
I/tvos    ( 1189): ** TMDS auto EQ not done and retry port 1
I/tvos    ( 1189): ** TMDS auto EQ not done and retry port 1
I/tvos    ( 1189): ** TMDS auto EQ not done and retry port 1
I/tvos    ( 1189): ** TMDS auto EQ not done and retry port 1
I/tvos    ( 1189): ** TMDS auto EQ not done and retry port 1
I/tvos    ( 1189): ** TMDS auto EQ not done and retry port 1
I/tvos    ( 1189): ** TMDS auto EQ not done and retry port 1
I/tvos    ( 1189): ** TMDS auto EQ not done and retry port 1
I/tvos    ( 1189): ** TMDS auto EQ not done and retry port 1
I/tvos    ( 1189): ** TMDS auto EQ not done and retry port 1
I/tvos    ( 1189): ** TMDS auto EQ not done and retry port 1
I/tvos    ( 1189): ** TMDS auto EQ not done and retry port 1
I/tvos    ( 1189): ** TMDS auto EQ not done and retry port 1
I/tvos    ( 1189): ** TMDS auto EQ not done and retry port 1
I/tvos    ( 1189): ** TMDS auto EQ not done and retry port 1
I/tvos    ( 1189): ** TMDS auto EQ not done and retry port 1
I/tvos    ( 1189): ** TMDS auto EQ not done and retry port 1
I/tvos    ( 1189): ** TMDS auto EQ not done and retry port 1
I/tvos    ( 1189): ** TMDS auto EQ not done and retry port 1
I/tvos    ( 1189): ** TMDS auto EQ not done and retry port 1
I/tvos    ( 1189): ** TMDS auto EQ not done and retry port 1
I/tvos    ( 1189): ** TMDS auto EQ not done and retry port 1
I/tvos    ( 1189): ** TMDS auto EQ not done and retry port 1
I/tvos    ( 1189): ** TMDS auto EQ not done and retry port 1
I/tvos    ( 1189): ** TMDS auto EQ not done and retry port 1
I/BackgroundDexOptService( 1593): onIdleStart
I/art     ( 1593): DexFile_isDexOptNeeded failed to open oat file '/data/dalvik-cache/arm64/data@app@NanoAndroidTest2.6.1@NanoAndroidTest2.6.1.apk@classes.dex' for file location '/data/app/NanoAndroidTest2.6.1/NanoAndroidTest2.6.1.apk': Failed to open oat filename for reading: No such file or directory
I/art     ( 1593): DexFile_isDexOptNeeded failed to open oat file '/data/app/NanoAndroidTest2.6.1/arm64/NanoAndroidTest2.6.1.odex' for file location '/data/app/NanoAndroidTest2.6.1/NanoAndroidTest2.6.1.apk': Failed to open oat filename for reading: No such file or directory
I/PackageManager( 1593): Running dexopt on: /data/app/NanoAndroidTest2.6.1/NanoAndroidTest2.6.1.apk pkg=com.google.protobuf.nano.test isa=arm64 vmSafeMode=false
D/DownloadManager( 1743): Removed 0 stale downloads
D/DownloadManager( 1743): Found 0 files in database
D/DownloadManager( 1743): Found 0 files on disk
D/AlarmManagerService( 1593): Kernel timezone updated to -480 minutes west of GMT
I/dex2oat ( 3232): /system/bin/dex2oat --zip-fd=6 --zip-location=/data/app/NanoAndroidTest2.6.1/NanoAndroidTest2.6.1.apk --oat-fd=7 --oat-location=/data/dalvik-cache/arm64/data@app@NanoAndroidTest2.6.1@NanoAndroidTest2.6.1.apk@classes.dex --instruction-set=arm64 --instruction-set-features=default --runtime-arg -Xms64m --runtime-arg -Xmx512m
I/dex2oat ( 3232): dex2oat took 43.498ms (threads: 4)
I/art     ( 1593): DexFile_isDexOptNeeded failed to open oat file '/data/dalvik-cache/arm/system@app@VisualizationWallpapers@VisualizationWallpapers.apk@classes.dex' for file location '/system/app/VisualizationWallpapers/VisualizationWallpapers.apk': Failed to open oat filename for reading: No such file or directory
I/art     ( 1593): DexFile_isDexOptNeeded failed to open oat file '/system/app/VisualizationWallpapers/arm/VisualizationWallpapers.odex' for file location '/system/app/VisualizationWallpapers/VisualizationWallpapers.apk': Failed to open oat filename for reading: No such file or directory
I/PackageManager( 1593): Running dexopt on: /system/app/VisualizationWallpapers/VisualizationWallpapers.apk pkg=com.android.musicvis isa=arm vmSafeMode=false
I/dex2oat ( 3238): /system/bin/dex2oat --zip-fd=6 --zip-location=/system/app/VisualizationWallpapers/VisualizationWallpapers.apk --oat-fd=7 --oat-location=/data/dalvik-cache/arm/system@app@VisualizationWallpapers@VisualizationWallpapers.apk@classes.dex --instruction-set=arm --instruction-set-features=div --runtime-arg -Xms64m --runtime-arg -Xmx512m
I/tvos    ( 1189): ** TMDS auto EQ not done and retry port 1
E/dex2oat ( 3238): Failed to open dex from file descriptor for zip file '/system/app/VisualizationWallpapers/VisualizationWallpapers.apk': Entry not found
I/dex2oat ( 3238): dex2oat took 260.047ms (threads: 4)
E/installd( 1186): DexInv: --- END '/system/app/VisualizationWallpapers/VisualizationWallpapers.apk' --- status=0x0100, process failed
I/art     ( 1593): DexFile_isDexOptNeeded failed to open oat file '/data/dalvik-cache/arm/system@app@PhaseBeam@PhaseBeam.apk@classes.dex' for file location '/system/app/PhaseBeam/PhaseBeam.apk': Failed to open oat filename for reading: No such file or directory
I/art     ( 1593): DexFile_isDexOptNeeded failed to open oat file '/system/app/PhaseBeam/arm/PhaseBeam.odex' for file location '/system/app/PhaseBeam/PhaseBeam.apk': Failed to open oat filename for reading: No such file or directory
I/PackageManager( 1593): Running dexopt on: /system/app/PhaseBeam/PhaseBeam.apk pkg=com.android.phasebeam isa=arm vmSafeMode=false
I/dex2oat ( 3240): /system/bin/dex2oat --zip-fd=6 --zip-location=/system/app/PhaseBeam/PhaseBeam.apk --oat-fd=7 --oat-location=/data/dalvik-cache/arm/system@app@PhaseBeam@PhaseBeam.apk@classes.dex --instruction-set=arm --instruction-set-features=div --runtime-arg -Xms64m --runtime-arg -Xmx512m
E/dex2oat ( 3240): Failed to open dex from file descriptor for zip file '/system/app/PhaseBeam/PhaseBeam.apk': Entry not found
I/tvos    ( 1189): ** TMDS auto EQ not done and retry port 1
I/dex2oat ( 3240): dex2oat took 211.098ms (threads: 4)
E/installd( 1186): DexInv: --- END '/system/app/PhaseBeam/PhaseBeam.apk' --- status=0x0100, process failed
I/art     ( 1593): DexFile_isDexOptNeeded failed to open oat file '/data/dalvik-cache/arm/system@app@Galaxy4@Galaxy4.apk@classes.dex' for file location '/system/app/Galaxy4/Galaxy4.apk': Failed to open oat filename for reading: No such file or directory
I/art     ( 1593): DexFile_isDexOptNeeded failed to open oat file '/system/app/Galaxy4/arm/Galaxy4.odex' for file location '/system/app/Galaxy4/Galaxy4.apk': Failed to open oat filename for reading: No such file or directory
I/PackageManager( 1593): Running dexopt on: /system/app/Galaxy4/Galaxy4.apk pkg=com.android.galaxy4 isa=arm vmSafeMode=false
I/dex2oat ( 3242): /system/bin/dex2oat --zip-fd=6 --zip-location=/system/app/Galaxy4/Galaxy4.apk --oat-fd=7 --oat-location=/data/dalvik-cache/arm/system@app@Galaxy4@Galaxy4.apk@classes.dex --instruction-set=arm --instruction-set-features=div --runtime-arg -Xms64m --runtime-arg -Xmx512m
E/dex2oat ( 3242): Failed to open dex from file descriptor for zip file '/system/app/Galaxy4/Galaxy4.apk': Entry not found
I/tvos    ( 1189): ** TMDS auto EQ not done and retry port 1
I/dex2oat ( 3242): dex2oat took 210.188ms (threads: 4)
E/installd( 1186): DexInv: --- END '/system/app/Galaxy4/Galaxy4.apk' --- status=0x0100, process failed
I/art     ( 1593): DexFile_isDexOptNeeded failed to open oat file '/data/dalvik-cache/arm/system@app@NoiseField@NoiseField.apk@classes.dex' for file location '/system/app/NoiseField/NoiseField.apk': Failed to open oat filename for reading: No such file or directory
I/art     ( 1593): DexFile_isDexOptNeeded failed to open oat file '/system/app/NoiseField/arm/NoiseField.odex' for file location '/system/app/NoiseField/NoiseField.apk': Failed to open oat filename for reading: No such file or directory
I/PackageManager( 1593): Running dexopt on: /system/app/NoiseField/NoiseField.apk pkg=com.android.noisefield isa=arm vmSafeMode=false
I/dex2oat ( 3244): /system/bin/dex2oat --zip-fd=6 --zip-location=/system/app/NoiseField/NoiseField.apk --oat-fd=7 --oat-location=/data/dalvik-cache/arm/system@app@NoiseField@NoiseField.apk@classes.dex --instruction-set=arm --instruction-set-features=div --runtime-arg -Xms64m --runtime-arg -Xmx512m
E/dex2oat ( 3244): Failed to open dex from file descriptor for zip file '/system/app/NoiseField/NoiseField.apk': Entry not found
I/tvos    ( 1189): ** TMDS auto EQ not done and retry port 1
I/dex2oat ( 3244): dex2oat took 210.675ms (threads: 4)
E/installd( 1186): DexInv: --- END '/system/app/NoiseField/NoiseField.apk' --- status=0x0100, process failed
I/art     ( 1593): DexFile_isDexOptNeeded failed to open oat file '/data/dalvik-cache/arm/system@app@HoloSpiralWallpaper@HoloSpiralWallpaper.apk@classes.dex' for file location '/system/app/HoloSpiralWallpaper/HoloSpiralWallpaper.apk': Failed to open oat filename for reading: No such file or directory
I/art     ( 1593): DexFile_isDexOptNeeded failed to open oat file '/system/app/HoloSpiralWallpaper/arm/HoloSpiralWallpaper.odex' for file location '/system/app/HoloSpiralWallpaper/HoloSpiralWallpaper.apk': Failed to open oat filename for reading: No such file or directory
I/PackageManager( 1593): Running dexopt on: /system/app/HoloSpiralWallpaper/HoloSpiralWallpaper.apk pkg=com.android.wallpaper.holospiral isa=arm vmSafeMode=false
I/dex2oat ( 3246): /system/bin/dex2oat --zip-fd=6 --zip-location=/system/app/HoloSpiralWallpaper/HoloSpiralWallpaper.apk --oat-fd=7 --oat-location=/data/dalvik-cache/arm/system@app@HoloSpiralWallpaper@HoloSpiralWallpaper.apk@classes.dex --instruction-set=arm --instruction-set-features=div --runtime-arg -Xms64m --runtime-arg -Xmx512m
E/dex2oat ( 3246): Failed to open dex from file descriptor for zip file '/system/app/HoloSpiralWallpaper/HoloSpiralWallpaper.apk': Entry not found
I/dex2oat ( 3246): dex2oat took 210.292ms (threads: 4)
E/installd( 1186): DexInv: --- END '/system/app/HoloSpiralWallpaper/HoloSpiralWallpaper.apk' --- status=0x0100, process failed
I/tvos    ( 1189): ** TMDS auto EQ not done and retry port 1
I/tvos    ( 1189): ** TMDS auto EQ not done and retry port 1
I/tvos    ( 1189): ** TMDS auto EQ not done and retry port 1
I/tvos    ( 1189): ** TMDS auto EQ not done and retry port 1
I/tvos    ( 1189): ** TMDS auto EQ not done and retry port 1
I/tvos    ( 1189): ** TMDS auto EQ not done and retry port 1
I/tvos    ( 1189): ** TMDS auto EQ not done and retry port 1
I/tvos    ( 1189): ** TMDS auto EQ not done and retry port 1
I/tvos    ( 1189): ** TMDS auto EQ not done and retry port 1
I/tvos    ( 1189): ** TMDS auto EQ not done and retry port 1
I/tvos    ( 1189): ** TMDS auto EQ not done and retry port 1
I/tvos    ( 1189): ** TMDS auto EQ not done and retry port 1
I/tvos    ( 1189): ** TMDS auto EQ not done and retry port 1
I/tvos    ( 1189): ** TMDS auto EQ not done and retry port 1
I/tvos    ( 1189): ** TMDS auto EQ not done and retry port 1
I/tvos    ( 1189): ** TMDS auto EQ not done and retry port 1
I/tvos    ( 1189): ** TMDS auto EQ not done and retry port 1
I/tvos    ( 1189): ** TMDS auto EQ not done and retry port 1
I/tvos    ( 1189): ** TMDS auto EQ not done and retry port 1
I/tvos    ( 1189): ** TMDS auto EQ not done and retry port 1
I/tvos    ( 1189): ** TMDS auto EQ not done and retry port 1
I/tvos    ( 1189): ** TMDS auto EQ not done and retry port 1
I/tvos    ( 1189): ** TMDS auto EQ not done and retry port 1
I/tvos    ( 1189): ** TMDS auto EQ not done and retry port 1
I/tvos    ( 1189): ** TMDS auto EQ not done and retry port 1
I/tvos    ( 1189): ** TMDS auto EQ not done and retry port 1
I/tvos    ( 1189): ** TMDS auto EQ not done and retry port 1
I/tvos    ( 1189): ** TMDS auto EQ not done and retry port 1
I/tvos    ( 1189): ** TMDS auto EQ not done and retry port 1
I/tvos    ( 1189): ** TMDS auto EQ not done and retry port 1
I/tvos    ( 1189): ** TMDS auto EQ not done and retry port 1
I/tvos    ( 1189): ** TMDS auto EQ not done and retry port 1
I/tvos    ( 1189): ** TMDS auto EQ not done and retry port 1
I/tvos    ( 1189): ** TMDS auto EQ not done and retry port 1
I/tvos    ( 1189): ** TMDS auto EQ not done and retry port 1
I/tvos    ( 1189): ** TMDS auto EQ not done and retry port 1
I/tvos    ( 1189): ** TMDS auto EQ not done and retry port 1
I/tvos    ( 1189): ** TMDS auto EQ not done and retry port 1
I/tvos    ( 1189): ** TMDS auto EQ not done and retry port 1
I/tvos    ( 1189): ** TMDS auto EQ not done and retry port 1
I/tvos    ( 1189): ** TMDS auto EQ not done and retry port 1
I/tvos    ( 1189): ** TMDS auto EQ not done and retry port 1
I/tvos    ( 1189): ** TMDS auto EQ not done and retry port 1
I/tvos    ( 1189): ** TMDS auto EQ not done and retry port 1
I/tvos    ( 1189): ** TMDS auto EQ not done and retry port 1
I/tvos    ( 1189): ** TMDS auto EQ not done and retry port 1
I/tvos    ( 1189): ** TMDS auto EQ not done and retry port 1
I/tvos    ( 1189): ** TMDS auto EQ not done and retry port 1
I/tvos    ( 1189): ** TMDS auto EQ not done and retry port 1
I/tvos    ( 1189): ** TMDS auto EQ not done and retry port 1
I/tvos    ( 1189): ** TMDS auto EQ not done and retry port 1
I/tvos    ( 1189): ** TMDS auto EQ not done and retry port 1
I/tvos    ( 1189): ** TMDS auto EQ not done and retry port 1
I/tvos    ( 1189): ** TMDS auto EQ not done and retry port 1
I/tvos    ( 1189): ** TMDS auto EQ not done and retry port 1
I/tvos    ( 1189): ** TMDS auto EQ not done and retry port 1
I/tvos    ( 1189): ** TMDS auto EQ not done and retry port 1
I/tvos    ( 1189): ** TMDS auto EQ not done and retry port 1
I/art     ( 1798): Debugger is no longer active
I/art     ( 2927): Debugger is no longer active
I/art     ( 3163): Debugger is no longer active
I/art     ( 2472): Debugger is no longer active
I/art     ( 2090): Debugger is no longer active
I/art     ( 2905): Debugger is no longer active
I/art     ( 1593): Debugger is no longer active
I/art     ( 1743): Debugger is no longer active
I/art     ( 2391): Debugger is no longer active
I/art     ( 2214): Debugger is no longer active
I/art     ( 2233): Debugger is no longer active
I/art     ( 2504): Debugger is no longer active
I/art     ( 1957): Debugger is no longer active
I/art     ( 1823): Debugger is no longer active
I/art     ( 2298): Debugger is no longer active
I/art     ( 2172): Debugger is no longer active
I/art     ( 2523): Debugger is no longer active
I/art     ( 2139): Debugger is no longer active
I/art     ( 3001): Debugger is no longer active
I/art     ( 2860): Debugger is no longer active
I/tvos    ( 1189): ** TMDS auto EQ not done and retry port 1
I/tvos    ( 1189): ** TMDS auto EQ not done and retry port 1
I/tvos    ( 1189): ** TMDS auto EQ not done and retry port 1
I/tvos    ( 1189): ** TMDS auto EQ not done and retry port 1
I/tvos    ( 1189): ** TMDS auto EQ not done and retry port 1
I/tvos    ( 1189): ** TMDS auto EQ not done and retry port 1
I/tvos    ( 1189): ** TMDS auto EQ not done and retry port 1
I/tvos    ( 1189): ** TMDS auto EQ not done and retry port 1
I/tvos    ( 1189): ** TMDS auto EQ not done and retry port 1
I/tvos    ( 1189): ** TMDS auto EQ not done and retry port 1
I/tvos    ( 1189): ** TMDS auto EQ not done and retry port 1
D/SurfaceFlinger( 1179): captureScreen: supportWidth = 3840, supportHeight = 2160, maxLayerZ = -1
W/AudioFlinger( 1185): acquireAudioSessionId() unknown client 1179 for session 29
W/AudioFlinger( 1185): acquireAudioSessionId() unknown client 1179 for session 30
I/CameraClient( 1185): Opening camera 5
I/CameraHAL( 1185): camera_device open
D/CameraHAL( 1185): create xcdiphardware0 =============
E/XCDipHardware_einstein( 1185): NULL window object
D/XCDipHardware_einstein( 1185): [XCDipHardware]:Basic Init done
E/XCDipHardware_einstein( 1185): Not use CMA,just do screen shot!
D/XCDipHardware_einstein( 1185): [XCDipHardware]----------------E_DFB_JPD_WRITE----------------
D/XCDipHardware_einstein( 1185): [XCDipHardware]:XC Init paStart 14100000 paEnd 15100000 size 01000000
D/        ( 1185): [XC,Version][0;36m 
D/        ( 1185): 0
D/        ( 1185): 0
D/        ( 1185): 7
D/        ( 1185): 0
D/        ( 1185): 9
D/        ( 1185): 8
D/        ( 1185): 0
D/        ( 1185): 1
D/        ( 1185): 
D/        ( 1185):  [m
D/XCDipHardware_einstein( 1185): [XCDipHardware]:XC Init done
D/mbootenv( 1185): ENV in EMMC!
E/mbootenv_nand( 1185): open fail!!!!
D/XCDipHardware_einstein( 1185): CaptureScreen dfb_jpd_write_buffer mutex get success
D/XCDipHardware_einstein( 1185): [checkParameters] xxx pInfo->u32TravelModeInfo_Version 1
D/XCDipHardware_einstein( 1185): [checkParameters] xxx pInfo->u16TravelModeInfo_Length 56
D/XCDipHardware_einstein( 1185): [checkParameters] xxx camera id 1
D/XCDipHardware_einstein( 1185): [checkParameters] xxx pInfo->enTravelingSource 3, pInfo->bCaptureOSD 0
D/XCDipHardware_einstein( 1185): [checkParameters] width 1920   height 1080
D/XCDipHardware_einstein( 1185): [checkParameters] pInfo->eMemFormat 2, pInfo->u16Alignment 256
D/XCDipHardware_einstein( 1185): [checkParameters] pInfo->u16FrameRateX10 0
D/XCDipHardware_einstein( 1185): [checkParameters] main source 34
D/XCDipHardware_einstein( 1185): [checkParameters] sub source 41
D/XCDipHardware_einstein( 1185): [checkParameters] x = 0, y = 0, w = 0, h = 0
D/XCDipHardware_einstein( 1185): [XCDipHardware]mirrormode 0
D/PipManagerService( 1202): initTravelingModeTv(callingPid 1185, clientPid 1185), sizeof=56
W/DIPC    ( 1202): ---InitTravelingMode:8469[1] start, Para=0x14100000(Addr), 0x1000000, 256, 3(enTravelingSource), 0(bOSD), 1920, 1080, 2(Format), 0(frame rate X10). Win=0, src:Main[24], Sub[44], Current[24]
W/DIPC    ( 1202): [1]Memory config: addr=0x14100000, set size=0x1000000, current size=1000000
W/DIPC    ( 1202): GE Memory config: addr[0]=0x14100000, BufCnt=1
I/tvos    ( 1189): DIP already Opened
W/DIPC    ( 1202): SetTravelingFRC:7563 bCaptureIP=0, PipMode=0, u16InputVFreq=600, XC Input/Output=600/6000, I=0, DIPFrcRatio=1
W/DIPC    ( 1202): SetTravelingFRC:7580 Final DIPFrcRatio=1, DIPFramerate 0,request framerate 600
W/DIPC    ( 1202): cust window parameter is negative
W/DIPC    ( 1202): TravelingSetCSC:7419 DIPFormat=2,bInputYUV=0 Config XC CSC manually
W/DIPC    ( 1202): SetTravelingConfig:7103 ,DIP capture window x,y,w,h=0,0,3840,2160, interlace=0,captureStage=6
W/DIPC    ( 1202): SetTravelingConfig:7105 Traveling bOSD=0, DIP Ouput=1920x1080
W/DIPC    ( 1202): [SetTravelingConfig 7125]DIP MemoryPitch = 7680
W/DIPC    ( 1202): SetTravelingConfig:7168 SetDIPWindow x,y,w,h=0,0,3840,2160
W/DIPC    ( 1202): SetTravelingConfig:7169 PreScalingH[1] src,dst =3840,1920
W/DIPC    ( 1202): SetTravelingConfig:7170 PreScalingV[1] src,dst =2160,1080
W/DIPC    ( 1202): SetTravelingConfig:7263, HMirror=0   VMirror=0
W/DIPC    ( 1202): TravelingAllocateMemory:7346 : Allocate Condition: Mirror=0,0, I=0, DIP OutPut=1920x1080@2, TravelingOutPut=1920x1080@2
W/DIPC    ( 1202): TravelingAllocateMemory:7410 : Allocate Result: DIPAddr=0x14100000, DIPSize=0x1000000, DIPBufCnt=2, DIPFrameSize=8294400, bGEScaling=0, GEAddr0=0x14100000, GEBufCnt=1,GEFrameSize=0
W/DIPC    ( 1202): SetTravelingConfig:7322, DIP bufcount=2, output w,h=1920,1080
W/DIPC    ( 1202): ---InitTravelingMode:8893[1] end : bMirrorH=0, bMirrorV=0, m_bNeedGEScaling[enEngineType]=0
D/XCDipHardware_einstein( 1185): [XCDipHardware] captureScreenMutex create thread lock and wait unlock sign
D/XCDipHardware_einstein( 1185): [XCDipHardware] lock captureScreen Mem Mutex success!
W/DIPC    ( 1202): ---StartTravelingMode:8906[1] start
W/DIPC    ( 1202): ---EnableTravelingMute:6924[1] start, mute=0
W/DIPC    ( 1202): [ThreadHandleMemoryConfigChange][9632] is need GE scaling 0
W/DIPC    ( 1202): ---EnableTravelingMute:7042[1] end, bRet=1 
W/DIPC    ( 1202): ---StartTravelingMode:8994[1] end, bRet=1 
D/XCDipHardware_einstein( 1185): [XCDipHardware]startTravelingModeCapture 1 success
I/tvos    ( 1189): ** TMDS auto EQ not done and retry port 1
D/SurfaceFlinger( 1179): captureScreen: get mCaptureData success !!!!!!!!!!!!!!!!!
W/DIPC    ( 1202): ---EnableTravelingMute:6924[1] start, mute=1
D/XCDipHardware_einstein( 1185): event callback info->enMsgType 0
W/DIPC    ( 1202): ---EnableTravelingMute:7042[1] end, bRet=1 
W/DIPC    ( 1202): ---StopTravelingMode:9020[1] bRet=1
W/DIPC    ( 1202): Try StopTravelingMode, but traveling not Started yet.
W/DIPC    ( 1202): ---FinalizeTravelingMode:9048[1] start
W/DIPC    ( 1202): Try StopTravelingMode, but traveling not Started yet.
W/DIPC    ( 1202): [DIPC][DestroyTravelingReceiveDataMonitor][9728] start...
I/tvos    ( 1189): [DIPC][TravelingReceiveDataMonitor 9862] Traveling memory manager task exit
W/DIPC    ( 1202): [DIPC][DestroyTravelingReceiveDataMonitor][9781] end...
I/tvos    ( 1189): [DIPC][DestroyTravelingReceiveDataMonitor 9771]listFreeMemoryPool:not empty, item num 2
W/DIPC    ( 1202): [DIPC][DestroyTravelingSendDataMonitor][9788] start...
I/tvos    ( 1189): [DIPC][TravelingSendDataMonitor 9832] Traveling memory manager task exit
W/DIPC    ( 1202): [DIPC][DestroyTravelingSendDataMonitor][9810] end...
W/DIPC    ( 1202): ---FinalizeTravelingMode:9129[1] end, ret=1
D/XCDipHardware_einstein( 1185): [XCDipHardware]captureScreenMutex thread signal unlock
D/XCDipHardware_einstein( 1185): [XCDipHardware] get unlock captureScreen Mem Mutex signal!
D/XCDipHardware_einstein( 1185): [XCDipHardware] unlock captureScreen Mem Mutex sucess!
D/XCDipHardware_einstein( 1185): [XCDipHardware]stopreview and wait captureScreenMutexThread quit success
I/CameraClient( 1185): Destroying camera 5
D/FastCopy( 1185): pthread_condition_exiting
D/FastCopy( 1185): pthread_condition_exiting
D/FastCopy( 1185): pthread_condition_exiting
W/AppOps  ( 1593): Bad call: specified package SurfaceFlinger under uid 1000 but it is really -1
D/gralloc ( 1179): allocate buffer from ION HEAP 0x1
D/gralloc ( 1179): allocate memory from system heap
D/NuPlayerDriver( 1185): reset(0xdd4184c0)
D/NuPlayerDriver( 1185): notifyResetComplete(0xdd4184c0)
D/NuPlayerDriver( 1185): reset(0xdd418520)
D/NuPlayerDriver( 1185): notifyResetComplete(0xdd418520)
I/tvos    ( 1189): ** TMDS auto EQ not done and retry port 1
I/tvos    ( 1189): ** TMDS auto EQ not done and retry port 1
I/tvos    ( 1189): ** TMDS auto EQ not done and retry port 1
I/tvos    ( 1189): ** TMDS auto EQ not done and retry port 1
I/tvos    ( 1189): ** TMDS auto EQ not done and retry port 1
I/tvos    ( 1189): ** TMDS auto EQ not done and retry port 1
I/tvos    ( 1189): ** TMDS auto EQ not done and retry port 1
I/tvos    ( 1189): ** TMDS auto EQ not done and retry port 1
I/tvos    ( 1189): ** TMDS auto EQ not done and retry port 1
I/tvos    ( 1189): ** TMDS auto EQ not done and retry port 1
I/tvos    ( 1189): ** TMDS auto EQ not done and retry port 1
I/tvos    ( 1189): ** TMDS auto EQ not done and retry port 1
I/tvos    ( 1189): ** TMDS auto EQ not done and retry port 1
I/tvos    ( 1189): ** TMDS auto EQ not done and retry port 1
I/tvos    ( 1189): ** TMDS auto EQ not done and retry port 1
I/tvos    ( 1189): ** TMDS auto EQ not done and retry port 1
I/tvos    ( 1189): ** TMDS auto EQ not done and retry port 1
I/tvos    ( 1189): ** TMDS auto EQ not done and retry port 1
I/tvos    ( 1189): ** TMDS auto EQ not done and retry port 1
I/tvos    ( 1189): ** TMDS auto EQ not done and retry port 1
I/tvos    ( 1189): ** TMDS auto EQ not done and retry port 1
I/tvos    ( 1189): ** TMDS auto EQ not done and retry port 1
I/tvos    ( 1189): ** TMDS auto EQ not done and retry port 1
I/tvos    ( 1189): ** TMDS auto EQ not done and retry port 1
I/tvos    ( 1189): ** TMDS auto EQ not done and retry port 1
I/tvos    ( 1189): ** TMDS auto EQ not done and retry port 1
I/tvos    ( 1189): ** TMDS auto EQ not done and retry port 1
I/tvos    ( 1189): ** TMDS auto EQ not done and retry port 1
I/tvos    ( 1189): ** TMDS auto EQ not done and retry port 1
I/tvos    ( 1189): ** TMDS auto EQ not done and retry port 1
I/tvos    ( 1189): ** TMDS auto EQ not done and retry port 1
I/tvos    ( 1189): ** TMDS auto EQ not done and retry port 1
I/tvos    ( 1189): ** TMDS auto EQ not done and retry port 1
I/tvos    ( 1189): ** TMDS auto EQ not done and retry port 1
I/tvos    ( 1189): ** TMDS auto EQ not done and retry port 1
I/tvos    ( 1189): ** TMDS auto EQ not done and retry port 1
I/tvos    ( 1189): ** TMDS auto EQ not done and retry port 1
I/tvos    ( 1189): ** TMDS auto EQ not done and retry port 1
I/tvos    ( 1189): ** TMDS auto EQ not done and retry port 1
I/tvos    ( 1189): ** TMDS auto EQ not done and retry port 1
I/tvos    ( 1189): ** TMDS auto EQ not done and retry port 1
I/tvos    ( 1189): ** TMDS auto EQ not done and retry port 1
I/tvos    ( 1189): ** TMDS auto EQ not done and retry port 1
I/tvos    ( 1189): ** TMDS auto EQ not done and retry port 1
I/tvos    ( 1189): ** TMDS auto EQ not done and retry port 1
I/tvos    ( 1189): ** TMDS auto EQ not done and retry port 1
I/tvos    ( 1189): ** TMDS auto EQ not done and retry port 1
I/tvos    ( 1189): ** TMDS auto EQ not done and retry port 1
I/tvos    ( 1189): ** TMDS auto EQ not done and retry port 1
I/tvos    ( 1189): ** TMDS auto EQ not done and retry port 1
I/tvos    ( 1189): ** TMDS auto EQ not done and retry port 1
I/tvos    ( 1189): ** TMDS auto EQ not done and retry port 1
I/tvos    ( 1189): ** TMDS auto EQ not done and retry port 1
I/tvos    ( 1189): ** TMDS auto EQ not done and retry port 1
I/tvos    ( 1189): ** TMDS auto EQ not done and retry port 1
I/tvos    ( 1189): ** TMDS auto EQ not done and retry port 1
I/tvos    ( 1189): ** TMDS auto EQ not done and retry port 1
I/tvos    ( 1189): ** TMDS auto EQ not done and retry port 1
I/tvos    ( 1189): ** TMDS auto EQ not done and retry port 1
I/tvos    ( 1189): ** TMDS auto EQ not done and retry port 1
I/tvos    ( 1189): ** TMDS auto EQ not done and retry port 1
I/tvos    ( 1189): ** TMDS auto EQ not done and retry port 1
I/tvos    ( 1189): ** TMDS auto EQ not done and retry port 1
I/tvos    ( 1189): ** TMDS auto EQ not done and retry port 1
I/tvos    ( 1189): ** TMDS auto EQ not done and retry port 1
I/tvos    ( 1189): ** TMDS auto EQ not done and retry port 1
I/tvos    ( 1189): ** TMDS auto EQ not done and retry port 1
I/tvos    ( 1189): ** TMDS auto EQ not done and retry port 1
I/tvos    ( 1189): ** TMDS auto EQ not done and retry port 1
I/tvos    ( 1189): ** TMDS auto EQ not done and retry port 1
I/tvos    ( 1189): ** TMDS auto EQ not done and retry port 1
I/tvos    ( 1189): ** TMDS auto EQ not done and retry port 1
I/tvos    ( 1189): ** TMDS auto EQ not done and retry port 1
I/tvos    ( 1189): ** TMDS auto EQ not done and retry port 1
I/tvos    ( 1189): ** TMDS auto EQ not done and retry port 1
I/tvos    ( 1189): ** TMDS auto EQ not done and retry port 1
I/tvos    ( 1189): ** TMDS auto EQ not done and retry port 1
I/tvos    ( 1189): ** TMDS auto EQ not done and retry port 1
I/tvos    ( 1189): ** TMDS auto EQ not done and retry port 1
I/tvos    ( 1189): ** TMDS auto EQ not done and retry port 1
I/tvos    ( 1189): ** TMDS auto EQ not done and retry port 1
I/tvos    ( 1189): ** TMDS auto EQ not done and retry port 1
I/tvos    ( 1189): ** TMDS auto EQ not done and retry port 1
I/tvos    ( 1189): ** TMDS auto EQ not done and retry port 1
I/tvos    ( 1189): ** TMDS auto EQ not done and retry port 1
I/tvos    ( 1189): ** TMDS auto EQ not done and retry port 1
I/tvos    ( 1189): ** TMDS auto EQ not done and retry port 1
I/tvos    ( 1189): ** TMDS auto EQ not done and retry port 1
I/tvos    ( 1189): ** TMDS auto EQ not done and retry port 1
I/tvos    ( 1189): ** TMDS auto EQ not done and retry port 1
I/tvos    ( 1189): ** TMDS auto EQ not done and retry port 1
I/tvos    ( 1189): ** TMDS auto EQ not done and retry port 1
I/tvos    ( 1189): ** TMDS auto EQ not done and retry port 1
I/tvos    ( 1189): ** TMDS auto EQ not done and retry port 1
I/tvos    ( 1189): ** TMDS auto EQ not done and retry port 1
I/tvos    ( 1189): ** TMDS auto EQ not done and retry port 1
I/tvos    ( 1189): ** TMDS auto EQ not done and retry port 1
I/tvos    ( 1189): ** TMDS auto EQ not done and retry port 1
I/tvos    ( 1189): ** TMDS auto EQ not done and retry port 1
I/tvos    ( 1189): ** TMDS auto EQ not done and retry port 1
I/tvos    ( 1189): ** TMDS auto EQ not done and retry port 1
I/tvos    ( 1189): ** TMDS auto EQ not done and retry port 1
I/tvos    ( 1189): ** TMDS auto EQ not done and retry port 1
I/tvos    ( 1189): ** TMDS auto EQ not done and retry port 1
I/tvos    ( 1189): ** TMDS auto EQ not done and retry port 1
I/tvos    ( 1189): ** TMDS auto EQ not done and retry port 1
I/tvos    ( 1189): ** TMDS auto EQ not done and retry port 1
I/tvos    ( 1189): ** TMDS auto EQ not done and retry port 1
I/tvos    ( 1189): ** TMDS auto EQ not done and retry port 1
I/tvos    ( 1189): ** TMDS auto EQ not done and retry port 1
I/tvos    ( 1189): ** TMDS auto EQ not done and retry port 1
I/tvos    ( 1189): ** TMDS auto EQ not done and retry port 1
I/tvos    ( 1189): ** TMDS auto EQ not done and retry port 1
I/tvos    ( 1189): ** TMDS auto EQ not done and retry port 1
I/tvos    ( 1189): ** TMDS auto EQ not done and retry port 1
I/tvos    ( 1189): ** TMDS auto EQ not done and retry port 1
I/tvos    ( 1189): ** TMDS auto EQ not done and retry port 1
I/tvos    ( 1189): ** TMDS auto EQ not done and retry port 1
I/tvos    ( 1189): ** TMDS auto EQ not done and retry port 1
I/tvos    ( 1189): ** TMDS auto EQ not done and retry port 1
I/tvos    ( 1189): ** TMDS auto EQ not done and retry port 1
I/tvos    ( 1189): ** TMDS auto EQ not done and retry port 1
I/tvos    ( 1189): ** TMDS auto EQ not done and retry port 1
I/tvos    ( 1189): ** TMDS auto EQ not done and retry port 1
I/tvos    ( 1189): ** TMDS auto EQ not done and retry port 1
I/tvos    ( 1189): ** TMDS auto EQ not done and retry port 1
I/tvos    ( 1189): ** TMDS auto EQ not done and retry port 1
I/tvos    ( 1189): ** TMDS auto EQ not done and retry port 1
I/tvos    ( 1189): ** TMDS auto EQ not done and retry port 1
I/tvos    ( 1189): ** TMDS auto EQ not done and retry port 1
I/tvos    ( 1189): ** TMDS auto EQ not done and retry port 1
I/tvos    ( 1189): ** TMDS auto EQ not done and retry port 1
I/tvos    ( 1189): ** TMDS auto EQ not done and retry port 1
I/tvos    ( 1189): ** TMDS auto EQ not done and retry port 1
I/tvos    ( 1189): ** TMDS auto EQ not done and retry port 1
I/tvos    ( 1189): ** TMDS auto EQ not done and retry port 1
I/tvos    ( 1189): ** TMDS auto EQ not done and retry port 1
I/tvos    ( 1189): ** TMDS auto EQ not done and retry port 1
I/tvos    ( 1189): ** TMDS auto EQ not done and retry port 1
I/tvos    ( 1189): ** TMDS auto EQ not done and retry port 1
I/tvos    ( 1189): ** TMDS auto EQ not done and retry port 1
I/tvos    ( 1189): ** TMDS auto EQ not done and retry port 1
I/tvos    ( 1189): ** TMDS auto EQ not done and retry port 1
I/tvos    ( 1189): ** TMDS auto EQ not done and retry port 1
I/tvos    ( 1189): ** TMDS auto EQ not done and retry port 1
I/tvos    ( 1189): ** TMDS auto EQ not done and retry port 1
I/tvos    ( 1189): ** TMDS auto EQ not done and retry port 1
I/tvos    ( 1189): ** TMDS auto EQ not done and retry port 1
I/tvos    ( 1189): ** TMDS auto EQ not done and retry port 1
