E/ActivityThread( 2472): 	at com.android.email.service.EmailBroadcastProcessorService.onBootCompleted(EmailBroadcastProcessorService.java:295)
E/ActivityThread( 2472): 	at com.android.email.service.EmailBroadcastProcessorService.onHandleIntent(EmailBroadcastProcessorService.java:130)
E/ActivityThread( 2472): 	at android.app.IntentService$ServiceHandler.handleMessage(IntentService.java:65)
E/ActivityThread( 2472): 	at android.os.Handler.dispatchMessage(Handler.java:102)
E/ActivityThread( 2472): 	at android.os.Looper.loop(Looper.java:135)
E/ActivityThread( 2472): 	at android.os.HandlerThread.run(HandlerThread.java:61)
I/SMARTMCUService( 1593): AIDL call to retrieve messenger.
I/SMARTMCUService( 1593): AIDL call to retrieve messenger.
I/ActivityManager( 1593): START u0 {flg=0x10000000 cmp=com.smarttech.volumesettings/.VolumeSettingsActivity} from uid 10042 on display 0
V/ActivityManager( 1593): set mstar.EnterOpaqueUI false
I/ActivityManager( 1593): TR3) TaskRecord{122eacab #12 A=com.smarttech.volumesettings U=0 sz=1}
I/ActivityManager( 1593): TR2) TaskRecord{9aede24 #11 A=com.smart.videoinput U=0 sz=2}
I/ActivityManager( 1593): TR3) TaskRecord{122eacab #12 A=com.smarttech.volumesettings U=0 sz=1}
I/ActivityManager( 1593): TR2) TaskRecord{9aede24 #11 A=com.smart.videoinput U=0 sz=2}
V/ActivityManager( 1593): set mstar.EnterOpaqueUI false
I/SMARTMCUService( 1593): AIDL call to retrieve messenger.
I/SMARTMCUService( 1593): Received a message with a type of 1
I/SMARTMCUService( 1593): Received subscription message
I/SMARTMCUService:MessageDispatcher( 1593): Got subscription message
D/SMARTMCUService:MessageDispatcher( 1593): Create vector of message type 401 to hold messenger of 66663250
D/SMARTMCUService:MessageDispatcher( 1593): Create vector of message type 402 to hold messenger of 66663250
D/SMARTMCUService:MessageDispatcher( 1593): Create vector of message type 404 to hold messenger of 66663250
D/SMARTMCUService:MessageDispatcher( 1593): Create vector of message type 405 to hold messenger of 66663250
D/SMARTMCUService:MessageDispatcher( 1593): Create vector of message type 406 to hold messenger of 66663250
D/SMARTMCUService:MessageDispatcher( 1593): Create vector of message type 408 to hold messenger of 66663250
W/ContextImpl( 1823): Calling a method in the system process without a qualified user: android.app.ContextImpl.sendBroadcast:1335 android.content.ContextWrapper.sendBroadcast:376 com.mstar.tv.service.DeskTvEventListener.onUnityEvent:412 com.mstar.android.tvapi.common.TvManager$EventHandler.handleMessage:253 android.os.Handler.dispatchMessage:102 
I/SMARTMCUService( 1593): Received a message with a type of 403
E/SMARTMCUService:SPMAudioHandler( 1593): Sent a mute report= 2
I/SMARTMCUService( 1593): Received a message with a type of 407
D/MCUWriteThread( 1593): Writing packet from 2nd tier to socket
E/SMARTMCUService:SPMAudioHandler( 1593): Sent a volume report= 75
D/MCUWriteThread( 1593): Writing packet from 2nd tier to socket
I/SwitchManager( 1593): Video signal is not stabled.
I/SubscriptionTracker( 1593): Send subscriptor a message with message.what = 13
I/ActivityManager( 1593): moveTaskToBack: TaskRecord{122eacab #12 A=com.smarttech.volumesettings U=0 sz=1}
V/ActivityManager( 1593): set mstar.EnterOpaqueUI false
I/ActivityManager( 1593): TR3) TaskRecord{9aede24 #11 A=com.smart.videoinput U=0 sz=2}
I/ActivityManager( 1593): TR2) TaskRecord{122eacab #12 A=com.smarttech.volumesettings U=0 sz=1}
I/ActivityManager( 1593): TR3) TaskRecord{9aede24 #11 A=com.smart.videoinput U=0 sz=2}
I/ActivityManager( 1593): TR2) TaskRecord{122eacab #12 A=com.smarttech.volumesettings U=0 sz=1}
W/InputMethodManagerService( 1593): Window already focused, ignoring focus gain of: com.android.internal.view.IInputMethodClient$Stub$Proxy@2f54f776 attribute=null, token = android.os.BinderProxy@1a45f0c4
D/SMARTVideoSwitcherService( 1593): set system property: smarttech.wakeup.from.str to false
I/SwitchManager( 1593): Video signal is not stabled.
I/SubscriptionTracker( 1593): Send subscriptor a message with message.what = 13
I/SwitchManager( 1593): Video signal is not stabled.
I/SubscriptionTracker( 1593): Send subscriptor a message with message.what = 13
I/SwitchManager( 1593): Video signal is not stabled.
I/SubscriptionTracker( 1593): Send subscriptor a message with message.what = 13
I/SwitchManager( 1593): Video signal is not stabled.
I/SubscriptionTracker( 1593): Send subscriptor a message with message.what = 13
D/TaskPersister( 1593): removeObsoleteFile: deleting file=9_task.xml
D/TaskPersister( 1593): removeObsoleteFile: deleting file=9_task_thumbnail.png
I/SwitchManager( 1593): Video signal is not stabled.
I/SubscriptionTracker( 1593): Send subscriptor a message with message.what = 13
I/SwitchManager( 1593): Video signal is not stabled.
I/SubscriptionTracker( 1593): Send subscriptor a message with message.what = 13
I/SwitchManager( 1593): Video signal is not stabled.
I/SubscriptionTracker( 1593): Send subscriptor a message with message.what = 13
I/SwitchManager( 1593): Video signal is not stabled.
I/SubscriptionTracker( 1593): Send subscriptor a message with message.what = 13
I/SwitchManager( 1593): Video signal is not stabled.
I/SubscriptionTracker( 1593): Send subscriptor a message with message.what = 13
I/SwitchManager( 1593): Video signal is not stabled.
I/SubscriptionTracker( 1593): Send subscriptor a message with message.what = 13
I/SwitchManager( 1593): Video signal is not stabled.
I/SubscriptionTracker( 1593): Send subscriptor a message with message.what = 13
I/SwitchManager( 1593): Video signal is not stabled.
I/SubscriptionTracker( 1593): Send subscriptor a message with message.what = 13
I/SwitchManager( 1593): Video signal is not stabled.
I/SubscriptionTracker( 1593): Send subscriptor a message with message.what = 13
I/SwitchManager( 1593): Video signal is not stabled.
I/SubscriptionTracker( 1593): Send subscriptor a message with message.what = 13
I/ActivityManager( 1593): Waited long enough for: ServiceRecord{61aef4a u0 com.smarttech.smartotaupdater/.services.UpdateService}
I/SwitchManager( 1593): Video signal is not stabled.
I/SubscriptionTracker( 1593): Send subscriptor a message with message.what = 13
I/SwitchManager( 1593): Video signal is not stabled.
I/SubscriptionTracker( 1593): Send subscriptor a message with message.what = 13
I/SwitchManager( 1593): Video signal is not stabled.
I/SubscriptionTracker( 1593): Send subscriptor a message with message.what = 13
I/SwitchManager( 1593): Video signal is not stabled.
I/SubscriptionTracker( 1593): Send subscriptor a message with message.what = 13
I/SwitchManager( 1593): Video signal is not stabled.
I/SubscriptionTracker( 1593): Send subscriptor a message with message.what = 13
I/SwitchManager( 1593): Video signal is not stabled.
I/SubscriptionTracker( 1593): Send subscriptor a message with message.what = 13
I/SwitchManager( 1593): Video signal is not stabled.
I/SubscriptionTracker( 1593): Send subscriptor a message with message.what = 13
I/SwitchManager( 1593): Video signal is not stabled.
I/SubscriptionTracker( 1593): Send subscriptor a message with message.what = 13
I/SwitchManager( 1593): Video signal is not stabled.
I/SubscriptionTracker( 1593): Send subscriptor a message with message.what = 13
I/SwitchManager( 1593): Video signal is not stabled.
I/SubscriptionTracker( 1593): Send subscriptor a message with message.what = 13
I/SwitchManager( 1593): Video signal is not stabled.
I/SubscriptionTracker( 1593): Send subscriptor a message with message.what = 13
I/SwitchManager( 1593): Video signal is not stabled.
I/SubscriptionTracker( 1593): Send subscriptor a message with message.what = 13
I/SwitchManager( 1593): Video signal is not available.
I/SubscriptionTracker( 1593): Send subscriptor a message with message.what = 13
W/ContextImpl( 1823): Calling a method in the system process without a qualified user: android.app.ContextImpl.sendBroadcast:1335 android.content.ContextWrapper.sendBroadcast:376 com.mstar.tv.service.DeskTvEventListener.onUnityEvent:412 com.mstar.android.tvapi.common.TvManager$EventHandler.handleMessage:253 android.os.Handler.dispatchMessage:102 
W/ContextImpl( 1593): Calling a method in the system process without a qualified user: android.app.ContextImpl.bindService:1763 com.android.internal.policy.impl.PhoneWindowManager.interceptKeyBeforeDispatching:2498 com.android.server.wm.InputMonitor.interceptKeyBeforeDispatching:384 com.android.server.input.InputManagerService.interceptKeyBeforeDispatching:1467 <bottom of call stack> 
W/ActivityManager( 1593): Unable to start service Intent { act=android.intent.action.HOTKEYSERVICE } U=0: not found
W/ContextImpl( 1593): Calling a method in the system process without a qualified user: android.app.ContextImpl.bindService:1763 com.android.internal.policy.impl.PhoneWindowManager.interceptKeyBeforeDispatching:2520 com.android.server.wm.InputMonitor.interceptKeyBeforeDispatching:384 com.android.server.input.InputManagerService.interceptKeyBeforeDispatching:1467 <bottom of call stack> 
W/ActivityManager( 1593): Unable to start service Intent { act=android.intent.action.PPTV.HOTKEYSERVICE } U=0: not found
W/ContextImpl( 1593): Calling a method in the system process without a qualified user: android.app.ContextImpl.bindService:1763 com.android.internal.policy.impl.PhoneWindowManager.interceptKeyBeforeDispatching:2498 com.android.server.wm.InputMonitor.interceptKeyBeforeDispatching:384 com.android.server.input.InputManagerService.interceptKeyBeforeDispatching:1467 <bottom of call stack> 
W/ActivityManager( 1593): Unable to start service Intent { act=android.intent.action.HOTKEYSERVICE } U=0: not found
W/ContextImpl( 1593): Calling a method in the system process without a qualified user: android.app.ContextImpl.bindService:1763 com.android.internal.policy.impl.PhoneWindowManager.interceptKeyBeforeDispatching:2520 com.android.server.wm.InputMonitor.interceptKeyBeforeDispatching:384 com.android.server.input.InputManagerService.interceptKeyBeforeDispatching:1467 <bottom of call stack> 
W/ActivityManager( 1593): Unable to start service Intent { act=android.intent.action.PPTV.HOTKEYSERVICE } U=0: not found
I/UsageStatsService( 1593): User[0] Flushing usage stats to disk
I/ProcessStatsService( 1593): Prepared write state in 1ms
I/ProcessStatsService( 1593): Prepared write state in 1ms
I/ProcessStatsService( 1593): Prepared write state in 1ms
I/MCUReadThread( 1593): Read in a buffer with a length of 6
I/SMARTMCUService:MsgHandler( 1593): Received a SPM message for conversion.
E/SMARTMCUService:MsgHandler( 1593): A device control message is not handled.
I/ProcessStatsService( 1593): Prepared write state in 1ms
I/ProcessStatsService( 1593): Prepared write state in 1ms
D/PowerManagerService( 1593): goToSleep mstar.str.suspending
I/PowerManagerService( 1593): Going to sleep due to power button (uid 1000)...
I/PowerManagerService( 1593): Sleeping (uid 1000)...
W/AppOps  ( 1593): Bad call: specified package SurfaceFlinger under uid 1000 but it is really -1
I/DisplayManagerService( 1593): Display device changed: DisplayDeviceInfo{"Built-in Screen": 1920 x 1080, 60.000004 fps, supportedRefreshRates [60.000004], density 240, 240.0 x 240.0 dpi, appVsyncOff 0, presDeadline 17666666, touch INTERNAL, rotation 0, type BUILT_IN, state OFF, FLAG_DEFAULT_DISPLAY, FLAG_ROTATES_WITH_CONTENT, FLAG_SECURE, FLAG_SUPPORTS_PROTECTED_BUFFERS}
V/ActivityManager( 1593): Display changed displayId=0
V/ActivityManager( 1593): set mstar.EnterOpaqueUI false
D/PowerManagerNotifier( 1593): mstar.str.screenoffintentdone true
D/PowerManagerService( 1593): [STR check point] Ready to Suspend with timeout = 15
V/ActivityManager( 1593): Display changed displayId=0
D/PowerManagerService( 1593): set system property: smarttech.wakeup.from.str to true
I/PowerManagerService( 1593): Waking up from sleep (uid 1000)...
W/KeyguardServiceDelegate( 1593): onScreenTurnedOn(): no keyguard service!
I/ActivityManager( 1593): TR3) TaskRecord{9aede24 #11 A=com.smart.videoinput U=0 sz=2}
I/ActivityManager( 1593): TR2) TaskRecord{122eacab #12 A=com.smarttech.volumesettings U=0 sz=1}
I/DisplayPowerController( 1593): Blocking screen on until initial contents have been drawn.
I/UsageStatsService( 1593): User[0] Flushing usage stats to disk
I/DisplayManagerService( 1593): Display device changed: DisplayDeviceInfo{"Built-in Screen": 1920 x 1080, 60.000004 fps, supportedRefreshRates [60.000004], density 240, 240.0 x 240.0 dpi, appVsyncOff 0, presDeadline 17666666, touch INTERNAL, rotation 0, type BUILT_IN, state ON, FLAG_DEFAULT_DISPLAY, FLAG_ROTATES_WITH_CONTENT, FLAG_SECURE, FLAG_SUPPORTS_PROTECTED_BUFFERS}
D/ActivityManager( 1593): comeOutOfSleepIfNeededLocked mstar.str.suspending = 0
V/ActivityManager( 1593): Display changed displayId=0
D/SMARTVideoSwitcherService( 1593): set system property: smarttech.wakeup.from.str to false
I/SMARTVideoSwitcherService( 1593): AIDL call to SetVideoSource to 5
I/SMARTVideoSwitcherService( 1593): handle SetVideoSource message with message.arg = 5
I/SwitchManager( 1593): Input source HDMI2(AM OPS) is selected.
I/UsageStatsDatabase( 1593): Moving file /data/system/usagestats/0/daily/1487323024429 to /data/system/usagestats/0/daily/1487399860790
I/UsageStatsDatabase( 1593): Moving file /data/system/usagestats/0/weekly/1486977424429 to /data/system/usagestats/0/weekly/1487054260790
I/UsageStatsDatabase( 1593): Moving file /data/system/usagestats/0/weekly/1487203200000 to /data/system/usagestats/0/weekly/1487280036361
I/UsageStatsDatabase( 1593): Moving file /data/system/usagestats/0/monthly/1486113424429 to /data/system/usagestats/0/monthly/1486190260790
I/UsageStatsDatabase( 1593): Moving file /data/system/usagestats/0/yearly/1486545424429 to /data/system/usagestats/0/yearly/1486622260790
I/DisplayPowerController( 1593): Unblocked screen on after 88 ms
I/UsageStatsService( 1593): User[0] Rollover scheduled @ 2017-02-19 08:00:00(1487462400000)
D/UsbHostManager( 1593): Added device UsbDevice[mName=/dev/bus/usb/003/006,mVendorId=1118,mProductId=203,mClass=0,mSubclass=0,mProtocol=0,mManufacturerName=Microsoft ,mProductName=Microsoft Basic Optical Mouse v2.0 ,mSerialNumber=null,mConfigurations=[
D/UsbHostManager( 1593): UsbConfiguration[mId=1,mName=HID-compliant MOUSE,mAttributes=160,mMaxPower=50,mInterfaces=[
D/UsbHostManager( 1593): UsbInterface[mId=0,mAlternateSetting=0,mName=null,mClass=3,mSubclass=1,mProtocol=2,mEndpoints=[
D/UsbHostManager( 1593): UsbEndpoint[mAddress=129,mAttributes=3,mMaxPacketSize=4,mInterval=10]]]]
W/ContextImpl( 1593): Calling a method in the system process without a qualified user: android.app.ContextImpl.sendBroadcast:1335 com.android.server.usb.UsbSettingsManager.deviceAttached:741 com.android.server.usb.UsbHostManager.endUsbDeviceAdded:286 com.android.server.usb.UsbHostManager.monitorUsbHostBus:-2 com.android.server.usb.UsbHostManager.access$000:47 
D/UsbHostManager( 1593): Added device UsbDevice[mName=/dev/bus/usb/003/007,mVendorId=1008,mProductId=36,mClass=0,mSubclass=0,mProtocol=0,mManufacturerName=CHICONY,mProductName=HP Basic USB Keyboard,mSerialNumber=null,mConfigurations=[
D/UsbHostManager( 1593): UsbConfiguration[mId=1,mName=null,mAttributes=160,mMaxPower=50,mInterfaces=[
D/UsbHostManager( 1593): UsbInterface[mId=0,mAlternateSetting=0,mName=null,mClass=3,mSubclass=1,mProtocol=1,mEndpoints=[
D/UsbHostManager( 1593): UsbEndpoint[mAddress=129,mAttributes=3,mMaxPacketSize=8,mInterval=10]]]]
W/ContextImpl( 1593): Calling a method in the system process without a qualified user: android.app.ContextImpl.sendBroadcast:1335 com.android.server.usb.UsbSettingsManager.deviceAttached:741 com.android.server.usb.UsbHostManager.endUsbDeviceAdded:286 com.android.server.usb.UsbHostManager.monitorUsbHostBus:-2 com.android.server.usb.UsbHostManager.access$000:47 
I/SubscriptionTracker( 1593): Send subscriptor a message with message.what = 12
V/ActivityManager( 1593): Display changed displayId=0
I/ValidateNoPeople( 1593): skipping global notification
I/SwitchManager( 1593): Video signal is not stabled.
I/SubscriptionTracker( 1593): Send subscriptor a message with message.what = 13
W/ActivityManager( 1593): Unable to start service Intent { cmp=com.android.systemui/.keyguard.KeyguardService } U=0: not found
I/MCUReadThread( 1593): Read in a buffer with a length of 6
I/SMARTMCUService:MsgHandler( 1593): Received a SPM message for conversion.
E/SMARTMCUService:MsgHandler( 1593): A device control message is not handled.
W/ContextImpl( 1823): Calling a method in the system process without a qualified user: android.app.ContextImpl.sendBroadcast:1335 android.content.ContextWrapper.sendBroadcast:376 com.mstar.tv.service.DeskTvEventListener.onUnityEvent:412 com.mstar.android.tvapi.common.TvManager$EventHandler.handleMessage:253 android.os.Handler.dispatchMessage:102 
I/SubscriptionTracker( 1593): Send subscriptor a message with message.what = 13
W/ContextImpl( 1593): Calling a method in the system process without a qualified user: android.app.ContextImpl.bindService:1763 com.android.internal.policy.impl.PhoneWindowManager.interceptKeyBeforeDispatching:2498 com.android.server.wm.InputMonitor.interceptKeyBeforeDispatching:384 com.android.server.input.InputManagerService.interceptKeyBeforeDispatching:1467 <bottom of call stack> 
W/ActivityManager( 1593): Unable to start service Intent { act=android.intent.action.HOTKEYSERVICE } U=0: not found
W/ContextImpl( 1593): Calling a method in the system process without a qualified user: android.app.ContextImpl.bindService:1763 com.android.internal.policy.impl.PhoneWindowManager.interceptKeyBeforeDispatching:2520 com.android.server.wm.InputMonitor.interceptKeyBeforeDispatching:384 com.android.server.input.InputManagerService.interceptKeyBeforeDispatching:1467 <bottom of call stack> 
W/ActivityManager( 1593): Unable to start service Intent { act=android.intent.action.PPTV.HOTKEYSERVICE } U=0: not found
W/ContextImpl( 1593): Calling a method in the system process without a qualified user: android.app.ContextImpl.bindService:1763 com.android.internal.policy.impl.PhoneWindowManager.interceptKeyBeforeDispatching:2498 com.android.server.wm.InputMonitor.interceptKeyBeforeDispatching:384 com.android.server.input.InputManagerService.interceptKeyBeforeDispatching:1467 <bottom of call stack> 
W/ActivityManager( 1593): Unable to start service Intent { act=android.intent.action.HOTKEYSERVICE } U=0: not found
W/ContextImpl( 1593): Calling a method in the system process without a qualified user: android.app.ContextImpl.bindService:1763 com.android.internal.policy.impl.PhoneWindowManager.interceptKeyBeforeDispatching:2520 com.android.server.wm.InputMonitor.interceptKeyBeforeDispatching:384 com.android.server.input.InputManagerService.interceptKeyBeforeDispatching:1467 <bottom of call stack> 
W/ActivityManager( 1593): Unable to start service Intent { act=android.intent.action.PPTV.HOTKEYSERVICE } U=0: not found
I/SwitchManager( 1593): Video signal is stabled.
I/SMARTRELIABILITY( 1593): vResolution=1080, hResolution=1920, frameRate=600
I/SubscriptionTracker( 1593): Send subscriptor a message with message.what = 13
W/ContextImpl( 1823): Calling a method in the system process without a qualified user: android.app.ContextImpl.sendBroadcast:1335 android.content.ContextWrapper.sendBroadcast:376 com.mstar.tv.service.DeskTvEventListener.onUnityEvent:412 com.mstar.android.tvapi.common.TvManager$EventHandler.handleMessage:253 android.os.Handler.dispatchMessage:102 
W/ContextImpl( 1593): Calling a method in the system process without a qualified user: android.app.ContextImpl.bindService:1763 com.android.internal.policy.impl.PhoneWindowManager.interceptKeyBeforeDispatching:2498 com.android.server.wm.InputMonitor.interceptKeyBeforeDispatching:384 com.android.server.input.InputManagerService.interceptKeyBeforeDispatching:1467 <bottom of call stack> 
W/ActivityManager( 1593): Unable to start service Intent { act=android.intent.action.HOTKEYSERVICE } U=0: not found
W/ContextImpl( 1593): Calling a method in the system process without a qualified user: android.app.ContextImpl.bindService:1763 com.android.internal.policy.impl.PhoneWindowManager.interceptKeyBeforeDispatching:2520 com.android.server.wm.InputMonitor.interceptKeyBeforeDispatching:384 com.android.server.input.InputManagerService.interceptKeyBeforeDispatching:1467 <bottom of call stack> 
W/ActivityManager( 1593): Unable to start service Intent { act=android.intent.action.PPTV.HOTKEYSERVICE } U=0: not found
W/ContextImpl( 1593): Calling a method in the system process without a qualified user: android.app.ContextImpl.bindService:1763 com.android.internal.policy.impl.PhoneWindowManager.interceptKeyBeforeDispatching:2498 com.android.server.wm.InputMonitor.interceptKeyBeforeDispatching:384 com.android.server.input.InputManagerService.interceptKeyBeforeDispatching:1467 <bottom of call stack> 
W/ActivityManager( 1593): Unable to start service Intent { act=android.intent.action.HOTKEYSERVICE } U=0: not found
W/ContextImpl( 1593): Calling a method in the system process without a qualified user: android.app.ContextImpl.bindService:1763 com.android.internal.policy.impl.PhoneWindowManager.interceptKeyBeforeDispatching:2520 com.android.server.wm.InputMonitor.interceptKeyBeforeDispatching:384 com.android.server.input.InputManagerService.interceptKeyBeforeDispatching:1467 <bottom of call stack> 
W/ActivityManager( 1593): Unable to start service Intent { act=android.intent.action.PPTV.HOTKEYSERVICE } U=0: not found
I/SMARTMCUService( 1593): Received a message with a type of 204
D/SMARTMCUService:SPMPickerHandler( 1593): Send illuminate Home LED: false
D/MCUWriteThread( 1593): Writing packet from 2nd tier to socket
I/SMARTMCUService( 1593): Received a message with a type of 801
D/SPMMessageHandler(java)( 1593): before translation
D/SPMMessageHandler(java)( 1593): source - left: 0, top: 835, right: 1920, bottom: 1080
D/SPMMessageHandler(java)( 1593): after translation
D/SPMMessageHandler(java)( 1593): source - left: 0, top: 11479, right: 26396, bottom: 14848
I/SMARTMCUService.SPMTouchHandler( 1593): Sent an add rect request - id is: com.android.systemui
D/MCUWriteThread( 1593): Writing packet from 2nd tier to socket
I/ActivityManager( 1593): START u0 {act=android.intent.action.MAIN cat=[android.intent.category.LAUNCHER] flg=0x10000000 pkg=com.android.settings cmp=com.android.settings/.Settings} from uid 10012 on display 0
W/ResourcesManager( 1593): Asset path '/system/framework/com.broadcom.bt.jar' does not exist or contains no resources.
V/ActivityManager( 1593): set mstar.EnterOpaqueUI false
I/ActivityManager( 1593): Start proc com.android.settings for activity com.android.settings/.Settings: pid=2725 uid=1000 gids={41000, 9997, 1028, 1015, 3003, 2001, 3002, 3001, 1023} abi=arm64-v8a
I/ActivityManager( 1593): TR3) TaskRecord{10ddc3c8 #13 A=com.android.settings U=0 sz=1}
I/ActivityManager( 1593): TR2) TaskRecord{9aede24 #11 A=com.smart.videoinput U=0 sz=2}
I/ActivityManager( 1593): TR3) TaskRecord{10ddc3c8 #13 A=com.android.settings U=0 sz=1}
I/ActivityManager( 1593): TR2) TaskRecord{9aede24 #11 A=com.smart.videoinput U=0 sz=2}
V/ActivityManager( 1593): set mstar.EnterOpaqueUI false
W/ResourcesManager( 2725): Asset path '/system/framework/com.broadcom.bt.jar' does not exist or contains no resources.
I/SMARTMCUService( 1593): Received a message with a type of 204
D/SMARTMCUService:SPMPickerHandler( 1593): Send illuminate Home LED: true
D/MCUWriteThread( 1593): Writing packet from 2nd tier to socket
I/SMARTMCUService( 1593): Received a message with a type of 802
I/SMARTMCUService.SPMTouchHandler( 1593): Sent a remove rect request - id is: com.android.systemui
D/MCUWriteThread( 1593): Writing packet from 2nd tier to socket
I/SMARTMCUService( 1593): AIDL call to retrieve messenger.
I/SMARTMCUService( 1593): Received a message with a type of 801
D/SPMMessageHandler(java)( 1593): before translation
D/SPMMessageHandler(java)( 1593): source - left: 0, top: 0, right: 1920, bottom: 1080
D/SPMMessageHandler(java)( 1593): after translation
D/SPMMessageHandler(java)( 1593): source - left: 0, top: 0, right: 26396, bottom: 14848
I/SMARTMCUService.SPMTouchHandler( 1593): Sent an add rect request - id is: com.android.settings
D/MCUWriteThread( 1593): Writing packet from 2nd tier to socket
W/ContextImpl( 2725): Calling a method in the system process without a qualified user: android.app.ContextImpl.sendBroadcast:1335 android.content.ContextWrapper.sendBroadcast:376 android.app.Activity$ChannelPickerManager.handlePickerVisibility:6256 android.app.Activity.onResume:1222 com.android.settings.SettingsActivity.onResume:765 
I/ActivityManager( 1593): START u0 {act=android.intent.action.MAIN cmp=com.android.settings/.SubSettings (has extras)} from uid 1000 on display 0
I/SMARTMCUService( 1593): AIDL call to retrieve messenger.
I/SMARTMCUService( 1593): Received a message with a type of 802
I/SMARTMCUService.SPMTouchHandler( 1593): Sent a remove rect request - id is: com.android.settings
D/MCUWriteThread( 1593): Writing packet from 2nd tier to socket
V/ActivityManager( 1593): set mstar.EnterOpaqueUI false
I/ActivityManager( 1593): TR3) TaskRecord{10ddc3c8 #13 A=com.android.settings U=0 sz=2}
I/ActivityManager( 1593): TR2) TaskRecord{9aede24 #11 A=com.smart.videoinput U=0 sz=2}
V/ActivityManager( 1593): set mstar.EnterOpaqueUI false
I/SMARTMCUService( 1593): AIDL call to retrieve messenger.
I/SMARTMCUService( 1593): Received a message with a type of 801
D/SPMMessageHandler(java)( 1593): before translation
D/SPMMessageHandler(java)( 1593): source - left: 0, top: 0, right: 1920, bottom: 1080
D/SPMMessageHandler(java)( 1593): after translation
D/SPMMessageHandler(java)( 1593): source - left: 0, top: 0, right: 26396, bottom: 14848
I/SMARTMCUService.SPMTouchHandler( 1593): Sent an add rect request - id is: com.android.settings
D/MCUWriteThread( 1593): Writing packet from 2nd tier to socket
W/ContextImpl( 2725): Calling a method in the system process without a qualified user: android.app.ContextImpl.sendBroadcast:1335 android.content.ContextWrapper.sendBroadcast:376 android.app.Activity$ChannelPickerManager.handlePickerVisibility:6256 android.app.Activity.onResume:1222 com.android.settings.SettingsActivity.onResume:765 
D/TaskPersister( 1593): removeObsoleteFile: deleting file=10_task.xml
I/ActivityManager( 1593): START u0 {act=android.intent.action.MAIN cmp=com.android.settings/.deviceinfo.Status} from uid 1000 on display 0
I/SMARTMCUService( 1593): AIDL call to retrieve messenger.
I/SMARTMCUService( 1593): Received a message with a type of 802
V/ActivityManager( 1593): set mstar.EnterOpaqueUI false
I/SMARTMCUService.SPMTouchHandler( 1593): Sent a remove rect request - id is: com.android.settings
D/MCUWriteThread( 1593): Writing packet from 2nd tier to socket
I/ActivityManager( 1593): TR3) TaskRecord{10ddc3c8 #13 A=com.android.settings U=0 sz=3}
I/ActivityManager( 1593): TR2) TaskRecord{9aede24 #11 A=com.smart.videoinput U=0 sz=2}
V/ActivityManager( 1593): set mstar.EnterOpaqueUI false
W/ResourcesManager( 2139): Asset path '/system/framework/com.broadcom.bt.jar' does not exist or contains no resources.
D/WifiService( 1593): New client listening to asynchronous messages
W/BroadcastQueue( 1593): Permission Denial: broadcasting Intent { act=android.net.conn.CONNECTIVITY_CHANGE_IMMEDIATE flg=0x4000010 (has extras) } from null (pid=-1, uid=-1) requires android.permission.CHANGE_NETWORK_STATE due to registered receiver BroadcastFilter{31fcf221 u0 ReceiverList{f607888 2139 com.android.phone/1001/u0 remote:26740c2b}}
W/ContextImpl( 1593): Calling a method in the system process without a qualified user: android.app.ContextImpl.bindService:1763 com.android.internal.policy.impl.PhoneWindowManager.interceptKeyBeforeDispatching:2498 com.android.server.wm.InputMonitor.interceptKeyBeforeDispatching:384 com.android.server.input.InputManagerService.interceptKeyBeforeDispatching:1467 <bottom of call stack> 
W/ActivityManager( 1593): Unable to start service Intent { act=android.intent.action.HOTKEYSERVICE } U=0: not found
W/ContextImpl( 1593): Calling a method in the system process without a qualified user: android.app.ContextImpl.bindService:1763 com.android.internal.policy.impl.PhoneWindowManager.interceptKeyBeforeDispatching:2520 com.android.server.wm.InputMonitor.interceptKeyBeforeDispatching:384 com.android.server.input.InputManagerService.interceptKeyBeforeDispatching:1467 <bottom of call stack> 
W/ActivityManager( 1593): Unable to start service Intent { act=android.intent.action.PPTV.HOTKEYSERVICE } U=0: not found
W/ContextImpl( 1593): Calling a method in the system process without a qualified user: android.app.ContextImpl.bindService:1763 com.android.internal.policy.impl.PhoneWindowManager.interceptKeyBeforeDispatching:2498 com.android.server.wm.InputMonitor.interceptKeyBeforeDispatching:384 com.android.server.input.InputManagerService.interceptKeyBeforeDispatching:1467 <bottom of call stack> 
W/ActivityManager( 1593): Unable to start service Intent { act=android.intent.action.HOTKEYSERVICE } U=0: not found
W/ContextImpl( 1593): Calling a method in the system process without a qualified user: android.app.ContextImpl.bindService:1763 com.android.internal.policy.impl.PhoneWindowManager.interceptKeyBeforeDispatching:2520 com.android.server.wm.InputMonitor.interceptKeyBeforeDispatching:384 com.android.server.input.InputManagerService.interceptKeyBeforeDispatching:1467 <bottom of call stack> 
W/ActivityManager( 1593): Unable to start service Intent { act=android.intent.action.PPTV.HOTKEYSERVICE } U=0: not found
I/SMARTMCUService( 1593): Received a message with a type of 204
D/SMARTMCUService:SPMPickerHandler( 1593): Send illuminate Home LED: false
D/MCUWriteThread( 1593): Writing packet from 2nd tier to socket
I/SMARTMCUService( 1593): Received a message with a type of 801
D/SPMMessageHandler(java)( 1593): before translation
D/SPMMessageHandler(java)( 1593): source - left: 0, top: 835, right: 1920, bottom: 1080
D/SPMMessageHandler(java)( 1593): after translation
D/SPMMessageHandler(java)( 1593): source - left: 0, top: 11479, right: 26396, bottom: 14848
I/SMARTMCUService.SPMTouchHandler( 1593): Sent an add rect request - id is: com.android.systemui
D/MCUWriteThread( 1593): Writing packet from 2nd tier to socket
I/ActivityManager( 1593): START u0 {act=android.intent.action.MAIN cat=[android.intent.category.LAUNCHER] flg=0x10000000 pkg=com.android.settings cmp=com.android.settings/.Settings} from uid 10012 on display 0
V/ActivityManager( 1593): set mstar.EnterOpaqueUI false
I/ActivityManager( 1593): TR3) TaskRecord{10ddc3c8 #13 A=com.android.settings U=0 sz=3}
I/ActivityManager( 1593): TR2) TaskRecord{9aede24 #11 A=com.smart.videoinput U=0 sz=2}
W/ContextImpl( 2725): Calling a method in the system process without a qualified user: android.app.ContextImpl.sendBroadcast:1335 android.content.ContextWrapper.sendBroadcast:376 android.app.Activity$ChannelPickerManager.handlePickerVisibility:6256 android.app.Activity.onResume:1222 com.android.settings.SettingsActivity.onResume:765 
I/SMARTMCUService( 1593): AIDL call to retrieve messenger.
I/SMARTMCUService( 1593): Received a message with a type of 801
D/SPMMessageHandler(java)( 1593): before translation
D/SPMMessageHandler(java)( 1593): source - left: 0, top: 0, right: 1920, bottom: 1080
D/SPMMessageHandler(java)( 1593): after translation
D/SPMMessageHandler(java)( 1593): source - left: 0, top: 0, right: 26396, bottom: 14848
I/SMARTMCUService.SPMTouchHandler( 1593): Sent an add rect request - id is: com.android.settings
D/MCUWriteThread( 1593): Writing packet from 2nd tier to socket
I/SMARTMCUService( 1593): Received a message with a type of 204
D/SMARTMCUService:SPMPickerHandler( 1593): Send illuminate Home LED: true
D/MCUWriteThread( 1593): Writing packet from 2nd tier to socket
I/SMARTMCUService( 1593): Received a message with a type of 802
I/SMARTMCUService.SPMTouchHandler( 1593): Sent a remove rect request - id is: com.android.systemui
D/MCUWriteThread( 1593): Writing packet from 2nd tier to socket
I/ActivityManager( 1593): START u0 {act=android.intent.action.MAIN cmp=com.android.settings/.SubSettings (has extras)} from uid 1000 on display 0
I/SMARTMCUService( 1593): AIDL call to retrieve messenger.
V/ActivityManager( 1593): set mstar.EnterOpaqueUI false
I/SMARTMCUService( 1593): Received a message with a type of 802
I/SMARTMCUService.SPMTouchHandler( 1593): Sent a remove rect request - id is: com.android.settings
D/MCUWriteThread( 1593): Writing packet from 2nd tier to socket
I/ActivityManager( 1593): TR3) TaskRecord{10ddc3c8 #13 A=com.android.settings U=0 sz=2}
I/ActivityManager( 1593): TR2) TaskRecord{9aede24 #11 A=com.smart.videoinput U=0 sz=2}
V/ActivityManager( 1593): set mstar.EnterOpaqueUI false
I/SMARTMCUService( 1593): AIDL call to retrieve messenger.
I/SMARTMCUService( 1593): Received a message with a type of 801
D/SPMMessageHandler(java)( 1593): before translation
D/SPMMessageHandler(java)( 1593): source - left: 0, top: 0, right: 1920, bottom: 1080
D/SPMMessageHandler(java)( 1593): after translation
D/SPMMessageHandler(java)( 1593): source - left: 0, top: 0, right: 26396, bottom: 14848
I/SMARTMCUService.SPMTouchHandler( 1593): Sent an add rect request - id is: com.android.settings
D/MCUWriteThread( 1593): Writing packet from 2nd tier to socket
W/ContextImpl( 2725): Calling a method in the system process without a qualified user: android.app.ContextImpl.sendBroadcast:1335 android.content.ContextWrapper.sendBroadcast:376 android.app.Activity$ChannelPickerManager.handlePickerVisibility:6256 android.app.Activity.onResume:1222 com.android.settings.SettingsActivity.onResume:765 
I/UsageStatsService( 1593): User[0] Flushing usage stats to disk
D/UsbDebuggingManager( 1593): Received public key: QAAAAHlbiAU34QdvWbHQN+PAs6Yz3Dq29bxCi7YXJCYsQ7vUML0tBWHukTyhxtvLsLroFQ8E8Rox6j5NaeND9TJS9lloLJOsM9zS1/5hD03w+garU081R0J4dZd7CoKYmXvBs9BqLwkBCI84V+qVUosQS/4ces+XSgGI+qGEES1C7RU/6r3KFXz0RMg0SSjQevI6ZFkOoCokinyV+/1oqO9mz/MqxKPVQQ56f8+c8rMyaTgJRZGmJG7xoIAbsGurfiIdj/cbygiz1sQ89Hv7QvR/cKdQbJwIj078m4OVf0JXGSuBCWfLL16IHFNBEUHuw1IvyHER4KIg9iUKvmgCN5goZKb58xCsJ/yuszGnODhDsrPc3YT5DuJefrInnpMwMsxYA6QmAbptOO7zkKjpMSIca8SbSq/dhsL3omSWK1l2LIhkShVjJpj8uvbgBZjTpmcVk7UDL4qLXQrqnYHxT1t1jLYkMWTkxxSetci5HbT2+APPven36Ema2a2omqnbtVOa53wXTJSIf7emFZl1Ggw90uWoTsqpN5U+XZ0mNbd0aaWdfu2LDKpGwmA18RAsl9h5TKK86m39BDdQa8ydJb8+c3Lf4u524ClQdrra+ZcPfYqxRZ9TtgMsP6EvMs1I9+g4AKxLoxe3ygFmopfmURLdFeqeM2yhgMpsE9vYG5N3BBJcVzLFgwEAAQA= johnsayeau@Johns-Mac-mini.local
W/ContextImpl( 1593): Calling a method in the system process without a qualified user: android.app.ContextImpl.startActivity:1232 com.android.server.usb.UsbDebuggingManager.startConfirmationActivity:268 com.android.server.usb.UsbDebuggingManager.startConfirmation:250 com.android.server.usb.UsbDebuggingManager.access$900:49 com.android.server.usb.UsbDebuggingManager$UsbDebuggingHandler.handleMessage:211 
W/ContextImpl( 1593): Calling a method in the system process without a qualified user: android.app.ContextImpl.startActivity:1244 android.app.ContextImpl.startActivity:1233 com.android.server.usb.UsbDebuggingManager.startConfirmationActivity:268 com.android.server.usb.UsbDebuggingManager.startConfirmation:250 com.android.server.usb.UsbDebuggingManager.access$900:49 
I/ActivityManager( 1593): START u0 {flg=0x10000000 cmp=com.android.systemui/.usb.UsbDebuggingActivity (has extras)} from uid 1000 on display 0
I/SMARTMCUService( 1593): AIDL call to retrieve messenger.
I/SMARTMCUService( 1593): Received a message with a type of 802
I/SMARTMCUService.SPMTouchHandler( 1593): Sent a remove rect request - id is: com.android.settings
V/ActivityManager( 1593): set mstar.EnterOpaqueUI false
D/MCUWriteThread( 1593): Writing packet from 2nd tier to socket
I/ActivityManager( 1593): TR4) TaskRecord{2a314071 #14 A=com.android.systemui U=0 sz=1}
I/ActivityManager( 1593): TR3) TaskRecord{10ddc3c8 #13 A=com.android.settings U=0 sz=2}
I/ActivityManager( 1593): TR4) TaskRecord{2a314071 #14 A=com.android.systemui U=0 sz=1}
I/ActivityManager( 1593): TR3) TaskRecord{10ddc3c8 #13 A=com.android.settings U=0 sz=2}
V/ActivityManager( 1593): set mstar.EnterOpaqueUI false
D/UsbDebuggingManager( 1593): Received public key: QAAAAHlbiAU34QdvWbHQN+PAs6Yz3Dq29bxCi7YXJCYsQ7vUML0tBWHukTyhxtvLsLroFQ8E8Rox6j5NaeND9TJS9lloLJOsM9zS1/5hD03w+garU081R0J4dZd7CoKYmXvBs9BqLwkBCI84V+qVUosQS/4ces+XSgGI+qGEES1C7RU/6r3KFXz0RMg0SSjQevI6ZFkOoCokinyV+/1oqO9mz/MqxKPVQQ56f8+c8rMyaTgJRZGmJG7xoIAbsGurfiIdj/cbygiz1sQ89Hv7QvR/cKdQbJwIj078m4OVf0JXGSuBCWfLL16IHFNBEUHuw1IvyHER4KIg9iUKvmgCN5goZKb58xCsJ/yuszGnODhDsrPc3YT5DuJefrInnpMwMsxYA6QmAbptOO7zkKjpMSIca8SbSq/dhsL3omSWK1l2LIhkShVjJpj8uvbgBZjTpmcVk7UDL4qLXQrqnYHxT1t1jLYkMWTkxxSetci5HbT2+APPven36Ema2a2omqnbtVOa53wXTJSIf7emFZl1Ggw90uWoTsqpN5U+XZ0mNbd0aaWdfu2LDKpGwmA18RAsl9h5TKK86m39BDdQa8ydJb8+c3Lf4u524ClQdrra+ZcPfYqxRZ9TtgMsP6EvMs1I9+g4AKxLoxe3ygFmopfmURLdFeqeM2yhgMpsE9vYG5N3BBJcVzLFgwEAAQA= johnsayeau@Johns-Mac-mini.local
W/ContextImpl( 1593): Calling a method in the system process without a qualified user: android.app.ContextImpl.startActivity:1232 com.android.server.usb.UsbDebuggingManager.startConfirmationActivity:268 com.android.server.usb.UsbDebuggingManager.startConfirmation:250 com.android.server.usb.UsbDebuggingManager.access$900:49 com.android.server.usb.UsbDebuggingManager$UsbDebuggingHandler.handleMessage:211 
W/ContextImpl( 1593): Calling a method in the system process without a qualified user: android.app.ContextImpl.startActivity:1244 android.app.ContextImpl.startActivity:1233 com.android.server.usb.UsbDebuggingManager.startConfirmationActivity:268 com.android.server.usb.UsbDebuggingManager.startConfirmation:250 com.android.server.usb.UsbDebuggingManager.access$900:49 
I/ActivityManager( 1593): START u0 {flg=0x10000000 cmp=com.android.systemui/.usb.UsbDebuggingActivity (has extras)} from uid 1000 on display 0
D/UsbDebuggingManager( 1593): Received public key: QAAAAHlbiAU34QdvWbHQN+PAs6Yz3Dq29bxCi7YXJCYsQ7vUML0tBWHukTyhxtvLsLroFQ8E8Rox6j5NaeND9TJS9lloLJOsM9zS1/5hD03w+garU081R0J4dZd7CoKYmXvBs9BqLwkBCI84V+qVUosQS/4ces+XSgGI+qGEES1C7RU/6r3KFXz0RMg0SSjQevI6ZFkOoCokinyV+/1oqO9mz/MqxKPVQQ56f8+c8rMyaTgJRZGmJG7xoIAbsGurfiIdj/cbygiz1sQ89Hv7QvR/cKdQbJwIj078m4OVf0JXGSuBCWfLL16IHFNBEUHuw1IvyHER4KIg9iUKvmgCN5goZKb58xCsJ/yuszGnODhDsrPc3YT5DuJefrInnpMwMsxYA6QmAbptOO7zkKjpMSIca8SbSq/dhsL3omSWK1l2LIhkShVjJpj8uvbgBZjTpmcVk7UDL4qLXQrqnYHxT1t1jLYkMWTkxxSetci5HbT2+APPven36Ema2a2omqnbtVOa53wXTJSIf7emFZl1Ggw90uWoTsqpN5U+XZ0mNbd0aaWdfu2LDKpGwmA18RAsl9h5TKK86m39BDdQa8ydJb8+c3Lf4u524ClQdrra+ZcPfYqxRZ9TtgMsP6EvMs1I9+g4AKxLoxe3ygFmopfmURLdFeqeM2yhgMpsE9vYG5N3BBJcVzLFgwEAAQA= johnsayeau@Johns-Mac-mini.local
W/ContextImpl( 1593): Calling a method in the system process without a qualified user: android.app.ContextImpl.startActivity:1232 com.android.server.usb.UsbDebuggingManager.startConfirmationActivity:268 com.android.server.usb.UsbDebuggingManager.startConfirmation:250 com.android.server.usb.UsbDebuggingManager.access$900:49 com.android.server.usb.UsbDebuggingManager$UsbDebuggingHandler.handleMessage:211 
W/ContextImpl( 1593): Calling a method in the system process without a qualified user: android.app.ContextImpl.startActivity:1244 android.app.ContextImpl.startActivity:1233 com.android.server.usb.UsbDebuggingManager.startConfirmationActivity:268 com.android.server.usb.UsbDebuggingManager.startConfirmation:250 com.android.server.usb.UsbDebuggingManager.access$900:49 
I/ActivityManager( 1593): START u0 {flg=0x10000000 cmp=com.android.systemui/.usb.UsbDebuggingActivity (has extras)} from uid 1000 on display 0
D/UsbDebuggingManager( 1593): Received public key: QAAAAHlbiAU34QdvWbHQN+PAs6Yz3Dq29bxCi7YXJCYsQ7vUML0tBWHukTyhxtvLsLroFQ8E8Rox6j5NaeND9TJS9lloLJOsM9zS1/5hD03w+garU081R0J4dZd7CoKYmXvBs9BqLwkBCI84V+qVUosQS/4ces+XSgGI+qGEES1C7RU/6r3KFXz0RMg0SSjQevI6ZFkOoCokinyV+/1oqO9mz/MqxKPVQQ56f8+c8rMyaTgJRZGmJG7xoIAbsGurfiIdj/cbygiz1sQ89Hv7QvR/cKdQbJwIj078m4OVf0JXGSuBCWfLL16IHFNBEUHuw1IvyHER4KIg9iUKvmgCN5goZKb58xCsJ/yuszGnODhDsrPc3YT5DuJefrInnpMwMsxYA6QmAbptOO7zkKjpMSIca8SbSq/dhsL3omSWK1l2LIhkShVjJpj8uvbgBZjTpmcVk7UDL4qLXQrqnYHxT1t1jLYkMWTkxxSetci5HbT2+APPven36Ema2a2omqnbtVOa53wXTJSIf7emFZl1Ggw90uWoTsqpN5U+XZ0mNbd0aaWdfu2LDKpGwmA18RAsl9h5TKK86m39BDdQa8ydJb8+c3Lf4u524ClQdrra+ZcPfYqxRZ9TtgMsP6EvMs1I9+g4AKxLoxe3ygFmopfmURLdFeqeM2yhgMpsE9vYG5N3BBJcVzLFgwEAAQA= johnsayeau@Johns-Mac-mini.local
W/ContextImpl( 1593): Calling a method in the system process without a qualified user: android.app.ContextImpl.startActivity:1232 com.android.server.usb.UsbDebuggingManager.startConfirmationActivity:268 com.android.server.usb.UsbDebuggingManager.startConfirmation:250 com.android.server.usb.UsbDebuggingManager.access$900:49 com.android.server.usb.UsbDebuggingManager$UsbDebuggingHandler.handleMessage:211 
W/ContextImpl( 1593): Calling a method in the system process without a qualified user: android.app.ContextImpl.startActivity:1244 android.app.ContextImpl.startActivity:1233 com.android.server.usb.UsbDebuggingManager.startConfirmationActivity:268 com.android.server.usb.UsbDebuggingManager.startConfirmation:250 com.android.server.usb.UsbDebuggingManager.access$900:49 
I/ActivityManager( 1593): START u0 {flg=0x10000000 cmp=com.android.systemui/.usb.UsbDebuggingActivity (has extras)} from uid 1000 on display 0
I/ProcessStatsService( 1593): Prepared write state in 1ms
I/ProcessStatsService( 1593): Prepared write state in 1ms
D/UsbDebuggingManager( 1593): Received public key: QAAAAHlbiAU34QdvWbHQN+PAs6Yz3Dq29bxCi7YXJCYsQ7vUML0tBWHukTyhxtvLsLroFQ8E8Rox6j5NaeND9TJS9lloLJOsM9zS1/5hD03w+garU081R0J4dZd7CoKYmXvBs9BqLwkBCI84V+qVUosQS/4ces+XSgGI+qGEES1C7RU/6r3KFXz0RMg0SSjQevI6ZFkOoCokinyV+/1oqO9mz/MqxKPVQQ56f8+c8rMyaTgJRZGmJG7xoIAbsGurfiIdj/cbygiz1sQ89Hv7QvR/cKdQbJwIj078m4OVf0JXGSuBCWfLL16IHFNBEUHuw1IvyHER4KIg9iUKvmgCN5goZKb58xCsJ/yuszGnODhDsrPc3YT5DuJefrInnpMwMsxYA6QmAbptOO7zkKjpMSIca8SbSq/dhsL3omSWK1l2LIhkShVjJpj8uvbgBZjTpmcVk7UDL4qLXQrqnYHxT1t1jLYkMWTkxxSetci5HbT2+APPven36Ema2a2omqnbtVOa53wXTJSIf7emFZl1Ggw90uWoTsqpN5U+XZ0mNbd0aaWdfu2LDKpGwmA18RAsl9h5TKK86m39BDdQa8ydJb8+c3Lf4u524ClQdrra+ZcPfYqxRZ9TtgMsP6EvMs1I9+g4AKxLoxe3ygFmopfmURLdFeqeM2yhgMpsE9vYG5N3BBJcVzLFgwEAAQA= johnsayeau@Johns-Mac-mini.local
W/ContextImpl( 1593): Calling a method in the system process without a qualified user: android.app.ContextImpl.startActivity:1232 com.android.server.usb.UsbDebuggingManager.startConfirmationActivity:268 com.android.server.usb.UsbDebuggingManager.startConfirmation:250 com.android.server.usb.UsbDebuggingManager.access$900:49 com.android.server.usb.UsbDebuggingManager$UsbDebuggingHandler.handleMessage:211 
W/ContextImpl( 1593): Calling a method in the system process without a qualified user: android.app.ContextImpl.startActivity:1244 android.app.ContextImpl.startActivity:1233 com.android.server.usb.UsbDebuggingManager.startConfirmationActivity:268 com.android.server.usb.UsbDebuggingManager.startConfirmation:250 com.android.server.usb.UsbDebuggingManager.access$900:49 
I/ActivityManager( 1593): START u0 {flg=0x10000000 cmp=com.android.systemui/.usb.UsbDebuggingActivity (has extras)} from uid 1000 on display 0
D/UsbDebuggingManager( 1593): Received public key: QAAAAHlbiAU34QdvWbHQN+PAs6Yz3Dq29bxCi7YXJCYsQ7vUML0tBWHukTyhxtvLsLroFQ8E8Rox6j5NaeND9TJS9lloLJOsM9zS1/5hD03w+garU081R0J4dZd7CoKYmXvBs9BqLwkBCI84V+qVUosQS/4ces+XSgGI+qGEES1C7RU/6r3KFXz0RMg0SSjQevI6ZFkOoCokinyV+/1oqO9mz/MqxKPVQQ56f8+c8rMyaTgJRZGmJG7xoIAbsGurfiIdj/cbygiz1sQ89Hv7QvR/cKdQbJwIj078m4OVf0JXGSuBCWfLL16IHFNBEUHuw1IvyHER4KIg9iUKvmgCN5goZKb58xCsJ/yuszGnODhDsrPc3YT5DuJefrInnpMwMsxYA6QmAbptOO7zkKjpMSIca8SbSq/dhsL3omSWK1l2LIhkShVjJpj8uvbgBZjTpmcVk7UDL4qLXQrqnYHxT1t1jLYkMWTkxxSetci5HbT2+APPven36Ema2a2omqnbtVOa53wXTJSIf7emFZl1Ggw90uWoTsqpN5U+XZ0mNbd0aaWdfu2LDKpGwmA18RAsl9h5TKK86m39BDdQa8ydJb8+c3Lf4u524ClQdrra+ZcPfYqxRZ9TtgMsP6EvMs1I9+g4AKxLoxe3ygFmopfmURLdFeqeM2yhgMpsE9vYG5N3BBJcVzLFgwEAAQA= johnsayeau@Johns-Mac-mini.local
W/ContextImpl( 1593): Calling a method in the system process without a qualified user: android.app.ContextImpl.startActivity:1232 com.android.server.usb.UsbDebuggingManager.startConfirmationActivity:268 com.android.server.usb.UsbDebuggingManager.startConfirmation:250 com.android.server.usb.UsbDebuggingManager.access$900:49 com.android.server.usb.UsbDebuggingManager$UsbDebuggingHandler.handleMessage:211 
W/ContextImpl( 1593): Calling a method in the system process without a qualified user: android.app.ContextImpl.startActivity:1244 android.app.ContextImpl.startActivity:1233 com.android.server.usb.UsbDebuggingManager.startConfirmationActivity:268 com.android.server.usb.UsbDebuggingManager.startConfirmation:250 com.android.server.usb.UsbDebuggingManager.access$900:49 
I/ActivityManager( 1593): START u0 {flg=0x10000000 cmp=com.android.systemui/.usb.UsbDebuggingActivity (has extras)} from uid 1000 on display 0
I/UsageStatsService( 1593): User[0] Flushing usage stats to disk
D/UsbDebuggingManager( 1593): Received public key: QAAAAHlbiAU34QdvWbHQN+PAs6Yz3Dq29bxCi7YXJCYsQ7vUML0tBWHukTyhxtvLsLroFQ8E8Rox6j5NaeND9TJS9lloLJOsM9zS1/5hD03w+garU081R0J4dZd7CoKYmXvBs9BqLwkBCI84V+qVUosQS/4ces+XSgGI+qGEES1C7RU/6r3KFXz0RMg0SSjQevI6ZFkOoCokinyV+/1oqO9mz/MqxKPVQQ56f8+c8rMyaTgJRZGmJG7xoIAbsGurfiIdj/cbygiz1sQ89Hv7QvR/cKdQbJwIj078m4OVf0JXGSuBCWfLL16IHFNBEUHuw1IvyHER4KIg9iUKvmgCN5goZKb58xCsJ/yuszGnODhDsrPc3YT5DuJefrInnpMwMsxYA6QmAbptOO7zkKjpMSIca8SbSq/dhsL3omSWK1l2LIhkShVjJpj8uvbgBZjTpmcVk7UDL4qLXQrqnYHxT1t1jLYkMWTkxxSetci5HbT2+APPven36Ema2a2omqnbtVOa53wXTJSIf7emFZl1Ggw90uWoTsqpN5U+XZ0mNbd0aaWdfu2LDKpGwmA18RAsl9h5TKK86m39BDdQa8ydJb8+c3Lf4u524ClQdrra+ZcPfYqxRZ9TtgMsP6EvMs1I9+g4AKxLoxe3ygFmopfmURLdFeqeM2yhgMpsE9vYG5N3BBJcVzLFgwEAAQA= johnsayeau@Johns-Mac-mini.local
W/ContextImpl( 1593): Calling a method in the system process without a qualified user: android.app.ContextImpl.startActivity:1232 com.android.server.usb.UsbDebuggingManager.startConfirmationActivity:268 com.android.server.usb.UsbDebuggingManager.startConfirmation:250 com.android.server.usb.UsbDebuggingManager.access$900:49 com.android.server.usb.UsbDebuggingManager$UsbDebuggingHandler.handleMessage:211 
W/ContextImpl( 1593): Calling a method in the system process without a qualified user: android.app.ContextImpl.startActivity:1244 android.app.ContextImpl.startActivity:1233 com.android.server.usb.UsbDebuggingManager.startConfirmationActivity:268 com.android.server.usb.UsbDebuggingManager.startConfirmation:250 com.android.server.usb.UsbDebuggingManager.access$900:49 
I/ActivityManager( 1593): START u0 {flg=0x10000000 cmp=com.android.systemui/.usb.UsbDebuggingActivity (has extras)} from uid 1000 on display 0
V/ActivityManager( 1593): set mstar.EnterOpaqueUI false
I/ActivityManager( 1593): TR4) TaskRecord{10ddc3c8 #13 A=com.android.settings U=0 sz=2}
I/ActivityManager( 1593): TR3) TaskRecord{2a314071 #14 A=com.android.systemui U=0 sz=1}
I/ActivityManager( 1593): TR4) TaskRecord{10ddc3c8 #13 A=com.android.settings U=0 sz=2}
I/ActivityManager( 1593): TR3) TaskRecord{2a314071 #14 A=com.android.systemui U=0 sz=1}
W/ContextImpl( 2725): Calling a method in the system process without a qualified user: android.app.ContextImpl.sendBroadcast:1335 android.content.ContextWrapper.sendBroadcast:376 android.app.Activity$ChannelPickerManager.handlePickerVisibility:6256 android.app.Activity.onResume:1222 com.android.settings.SettingsActivity.onResume:765 
I/SMARTMCUService( 1593): AIDL call to retrieve messenger.
I/SMARTMCUService( 1593): Received a message with a type of 801
D/SPMMessageHandler(java)( 1593): before translation
D/SPMMessageHandler(java)( 1593): source - left: 0, top: 0, right: 1920, bottom: 1080
D/SPMMessageHandler(java)( 1593): after translation
D/SPMMessageHandler(java)( 1593): source - left: 0, top: 0, right: 26396, bottom: 14848
I/SMARTMCUService.SPMTouchHandler( 1593): Sent an add rect request - id is: com.android.settings
D/MCUWriteThread( 1593): Writing packet from 2nd tier to socket
W/InputMethodManagerService( 1593): Window already focused, ignoring focus gain of: com.android.internal.view.IInputMethodClient$Stub$Proxy@113095f4 attribute=null, token = android.os.BinderProxy@39dce183
D/TaskPersister( 1593): removeObsoleteFile: deleting file=14_task_thumbnail.png
W/AppOps  ( 1593): Bad call: specified package SurfaceFlinger under uid 1000 but it is really -1
W/AppOps  ( 1593): Bad call: specified package SurfaceFlinger under uid 1000 but it is really -1
I/ActivityManager( 1593): Start proc com.android.defcontainer for service com.android.defcontainer/.DefaultContainerService: pid=2860 uid=10003 gids={50003, 9997, 1028, 1015, 1023, 2001, 1035} abi=arm64-v8a
D/DefContainer( 2860): Copying /data/local/tmp/app-uiautomator.apk to base.apk
D/PackageManager( 1593): Renaming /data/app/vmdl1732337642.tmp to /data/app/com.github.uiautomator-1
E/PackageManager( 1593): Backup Manager not found!
I/ActivityManager( 1593): Start proc com.android.musicfx for broadcast com.android.musicfx/.Compatibility$Receiver: pid=2885 uid=10008 gids={50008, 9997, 3003, 3002} abi=arm64-v8a
I/ActivityManager( 1593): Start proc com.svox.pico for broadcast com.svox.pico/.VoiceDataInstallerReceiver: pid=2905 uid=10036 gids={50036, 9997, 1028, 1015} abi=arm64-v8a
I/ActivityManager( 1593): Killing 2370:com.android.keychain/1000 (adj 15): empty for 10375s
W/libprocessgroup( 1593): failed to open /acct/uid_1000/pid_2370/cgroup.procs: No such file or directory
I/ActivityManager( 1593): Killing 2412:com.android.managedprovisioning/u0a7 (adj 15): empty for 10382s
W/libprocessgroup( 1593): failed to open /acct/uid_10007/pid_2412/cgroup.procs: No such file or directory
I/ActivityManager( 1593): Start proc com.android.launcher for broadcast com.android.launcher/com.android.launcher2.PackageChangedReceiver: pid=2927 uid=10006 gids={50006, 9997} abi=arm64-v8a
I/ActivityManager( 1593): Killing 2433:com.android.onetimeinitializer/u0a9 (adj 15): empty for 10385s
